Archive member included because of file (symbol)

/opt/Freescale/SKD1.3/lib/ksdk_platform_lib/kds/KL25Z4/debug/libksdk_platform.a(fsl_uart_hal.o)
                              ./Sources/Interface/fsl_debug_console.o (UART_HAL_SetBaudRate)
/opt/Freescale/SKD1.3/lib/ksdk_platform_lib/kds/KL25Z4/debug/libksdk_platform.a(fsl_lpsci_hal.o)
                              ./Sources/Interface/fsl_debug_console.o (LPSCI_HAL_SetBaudRate)
/opt/Freescale/SKD1.3/lib/ksdk_platform_lib/kds/KL25Z4/debug/libksdk_platform.a(fsl_clock_MKL25Z4.o)
                              ./Sources/mcg_hal.o (CLOCK_SYS_SetConfiguration)
/opt/Freescale/SKD1.3/lib/ksdk_platform_lib/kds/KL25Z4/debug/libksdk_platform.a(fsl_clock_manager.o)
                              /opt/Freescale/SKD1.3/lib/ksdk_platform_lib/kds/KL25Z4/debug/libksdk_platform.a(fsl_clock_MKL25Z4.o) (CLOCK_SYS_GetSystickFreq)
/opt/Freescale/SKD1.3/lib/ksdk_platform_lib/kds/KL25Z4/debug/libksdk_platform.a(fsl_clock_manager_common.o)
                              /opt/Freescale/SKD1.3/lib/ksdk_platform_lib/kds/KL25Z4/debug/libksdk_platform.a(fsl_clock_MKL25Z4.o) (g_oscBase)
/opt/Freescale/SKD1.3/lib/ksdk_platform_lib/kds/KL25Z4/debug/libksdk_platform.a(fsl_os_abstraction_bm.o)
                              /opt/Freescale/SKD1.3/lib/ksdk_platform_lib/kds/KL25Z4/debug/libksdk_platform.a(fsl_clock_manager.o) (OSA_EnterCritical)
/opt/Freescale/SKD1.3/lib/ksdk_platform_lib/kds/KL25Z4/debug/libksdk_platform.a(fsl_sim_hal_MKL25Z4.o)
                              /opt/Freescale/SKD1.3/lib/ksdk_platform_lib/kds/KL25Z4/debug/libksdk_platform.a(fsl_clock_MKL25Z4.o) (CLOCK_HAL_SetOutDiv)
/opt/Freescale/SKD1.3/lib/ksdk_platform_lib/kds/KL25Z4/debug/libksdk_platform.a(fsl_osc_hal.o)
                              /opt/Freescale/SKD1.3/lib/ksdk_platform_lib/kds/KL25Z4/debug/libksdk_platform.a(fsl_clock_manager.o) (OSC_HAL_SetCapacitor)
/opt/Freescale/SKD1.3/lib/ksdk_platform_lib/kds/KL25Z4/debug/libksdk_platform.a(fsl_mcg_hal.o)
                              /opt/Freescale/SKD1.3/lib/ksdk_platform_lib/kds/KL25Z4/debug/libksdk_platform.a(fsl_clock_MKL25Z4.o) (g_xtal0ClkFreq)
/opt/Freescale/SKD1.3/lib/ksdk_platform_lib/kds/KL25Z4/debug/libksdk_platform.a(fsl_mcg_hal_modes.o)
                              /opt/Freescale/SKD1.3/lib/ksdk_platform_lib/kds/KL25Z4/debug/libksdk_platform.a(fsl_clock_manager.o) (CLOCK_HAL_GetMcgMode)
/opt/Freescale/SKD1.3/lib/ksdk_platform_lib/kds/KL25Z4/debug/libksdk_platform.a(fsl_lptmr_hal.o)
                              /opt/Freescale/SKD1.3/lib/ksdk_platform_lib/kds/KL25Z4/debug/libksdk_platform.a(fsl_os_abstraction_bm.o) (LPTMR_HAL_SetTimerWorkingMode)
/opt/Freescale/SKD1.3/lib/ksdk_platform_lib/kds/KL25Z4/debug/libksdk_platform.a(fsl_interrupt_manager.o)
                              /opt/Freescale/SKD1.3/lib/ksdk_platform_lib/kds/KL25Z4/debug/libksdk_platform.a(fsl_os_abstraction_bm.o) (INT_SYS_InstallHandler)
/opt/Freescale/KDS_v3/toolchain/bin/../lib/gcc/arm-none-eabi/4.8.4/armv6-m/libgcc.a(_udivsi3.o)
                              ./Sources/Atraso/Uart.o (__aeabi_uidiv)
/opt/Freescale/KDS_v3/toolchain/bin/../lib/gcc/arm-none-eabi/4.8.4/armv6-m/libgcc.a(_dvmd_tls.o)
                              /opt/Freescale/KDS_v3/toolchain/bin/../lib/gcc/arm-none-eabi/4.8.4/armv6-m/libgcc.a(_udivsi3.o) (__aeabi_idiv0)
/opt/Freescale/KDS_v3/toolchain/bin/../lib/gcc/arm-none-eabi/4.8.4/armv6-m/libgcc.a(_arm_cmpdf2.o)
                              ./Sources/Atraso/Motor.o (__aeabi_dcmplt)
/opt/Freescale/KDS_v3/toolchain/bin/../lib/gcc/arm-none-eabi/4.8.4/armv6-m/libgcc.a(adddf3.o)
                              ./Sources/Atraso/Motor.o (__aeabi_dadd)
/opt/Freescale/KDS_v3/toolchain/bin/../lib/gcc/arm-none-eabi/4.8.4/armv6-m/libgcc.a(divdf3.o)
                              ./Sources/Atraso/Atraso.o (__aeabi_ddiv)
/opt/Freescale/KDS_v3/toolchain/bin/../lib/gcc/arm-none-eabi/4.8.4/armv6-m/libgcc.a(eqdf2.o)
                              /opt/Freescale/KDS_v3/toolchain/bin/../lib/gcc/arm-none-eabi/4.8.4/armv6-m/libgcc.a(_arm_cmpdf2.o) (__eqdf2)
/opt/Freescale/KDS_v3/toolchain/bin/../lib/gcc/arm-none-eabi/4.8.4/armv6-m/libgcc.a(gedf2.o)
                              /opt/Freescale/KDS_v3/toolchain/bin/../lib/gcc/arm-none-eabi/4.8.4/armv6-m/libgcc.a(_arm_cmpdf2.o) (__gedf2)
/opt/Freescale/KDS_v3/toolchain/bin/../lib/gcc/arm-none-eabi/4.8.4/armv6-m/libgcc.a(ledf2.o)
                              /opt/Freescale/KDS_v3/toolchain/bin/../lib/gcc/arm-none-eabi/4.8.4/armv6-m/libgcc.a(_arm_cmpdf2.o) (__ledf2)
/opt/Freescale/KDS_v3/toolchain/bin/../lib/gcc/arm-none-eabi/4.8.4/armv6-m/libgcc.a(muldf3.o)
                              ./Sources/Atraso/Atraso.o (__aeabi_dmul)
/opt/Freescale/KDS_v3/toolchain/bin/../lib/gcc/arm-none-eabi/4.8.4/armv6-m/libgcc.a(floatsidf.o)
                              ./Sources/Atraso/Atraso.o (__aeabi_i2d)
/opt/Freescale/KDS_v3/toolchain/bin/../lib/gcc/arm-none-eabi/4.8.4/armv6-m/libgcc.a(_clzsi2.o)
[...]
Memory Configuration

Name             Origin             Length             Attributes
m_interrupts     0x00000000         0x00000100         xr
m_flash_config   0x00000400         0x00000010         xr
m_text           0x00000410         0x0001fbf0         xr
m_data           0x1ffff000         0x00004000         rw
*default*        0x00000000         0xffffffff

Linker script and memory map

LOAD /opt/Freescale/KDS_v3/toolchain/bin/../lib/gcc/arm-none-eabi/4.8.4/armv6-m/crti.o
LOAD /opt/Freescale/KDS_v3/toolchain/bin/../lib/gcc/arm-none-eabi/4.8.4/armv6-m/crtbegin.o
LOAD /opt/Freescale/KDS_v3/toolchain/bin/../lib/gcc/arm-none-eabi/4.8.4/../../../../arm-none-eabi/lib/armv6-m/crt0.o
LOAD ./Sources/Interface/Serial.o
LOAD ./Sources/Interface/debugUart.o
LOAD ./Sources/Interface/fsl_debug_console.o
LOAD ./Sources/Detector/Detector.o
LOAD ./Sources/Atraso/Atraso.o
LOAD ./Sources/Atraso/Motor.o
LOAD ./Sources/Atraso/Timer.o
LOAD ./Sources/Atraso/Uart.o
LOAD ./Sources/main.o
LOAD ./Sources/mcg_hal.o
LOAD ./Sources/util.o
LOAD ./Project_Settings/Startup_Code/startup.o
LOAD ./Project_Settings/Startup_Code/startup_MKL25Z4.o
LOAD ./Project_Settings/Startup_Code/system_MKL25Z4.o
LOAD /opt/Freescale/SKD1.3/lib/ksdk_platform_lib/kds/KL25Z4/debug/libksdk_platform.a
LOAD /opt/Freescale/KDS_v3/toolchain/bin/../lib/gcc/arm-none-eabi/4.8.4/../../../../arm-none-eabi/lib/armv6-m/libstdc++_s.a
LOAD /opt/Freescale/KDS_v3/toolchain/bin/../lib/gcc/arm-none-eabi/4.8.4/../../../../arm-none-eabi/lib/armv6-m/libm.a
START GROUP
LOAD /opt/Freescale/KDS_v3/toolchain/bin/../lib/gcc/arm-none-eabi/4.8.4/armv6-m/libgcc.a
LOAD /opt/Freescale/KDS_v3/toolchain/bin/../lib/gcc/arm-none-eabi/4.8.4/../../../../arm-none-eabi/lib/armv6-m/libg_s.a
LOAD /opt/Freescale/KDS_v3/toolchain/bin/../lib/gcc/arm-none-eabi/4.8.4/../../../../arm-none-eabi/lib/armv6-m/libc_s.a
END GROUP
START GROUP
LOAD /opt/Freescale/KDS_v3/toolchain/bin/../lib/gcc/arm-none-eabi/4.8.4/armv6-m/libgcc.a
LOAD /opt/Freescale/KDS_v3/toolchain/bin/../lib/gcc/arm-none-eabi/4.8.4/../../../../arm-none-eabi/lib/armv6-m/libc_s.a
LOAD /opt/Freescale/KDS_v3/toolchain/bin/../lib/gcc/arm-none-eabi/4.8.4/../../../../arm-none-eabi/lib/armv6-m/libnosys.a
END GROUP
START GROUP
LOAD /opt/Freescale/KDS_v3/toolchain/bin/../lib/gcc/arm-none-eabi/4.8.4/armv6-m/libgcc.a
LOAD /opt/Freescale/KDS_v3/toolchain/bin/../lib/gcc/arm-none-eabi/4.8.4/../../../../arm-none-eabi/lib/armv6-m/libc_s.a
LOAD /opt/Freescale/KDS_v3/toolchain/bin/../lib/gcc/arm-none-eabi/4.8.4/../../../../arm-none-eabi/lib/armv6-m/libnosys.a
END GROUP
LOAD /opt/Freescale/KDS_v3/toolchain/bin/../lib/gcc/arm-none-eabi/4.8.4/armv6-m/crtend.o
LOAD /opt/Freescale/KDS_v3/toolchain/bin/../lib/gcc/arm-none-eabi/4.8.4/armv6-m/crtn.o
                0x00000400                HEAP_SIZE = DEFINED (__heap_size__)?__heap_size__:0x400
                0x00000400                STACK_SIZE = DEFINED (__stack_size__)?__stack_size__:0x400
                0x00000000                M_VECTOR_RAM_SIZE = DEFINED (__ram_vector_table__)?0x100:0x0

.interrupts     0x00000000       0xc0
                0x00000000                __VECTOR_TABLE = .
                0x00000000                . = ALIGN (0x4)
 *(.isr_vector)
 .isr_vector    0x00000000       0xc0 ./Project_Settings/Startup_Code/startup_MKL25Z4.o
                0x00000000                __isr_vector
                0x000000c0                . = ALIGN (0x4)

.flash_config   0x00000400       0x10
                0x00000400                . = ALIGN (0x4)
 *(.FlashConfig)
 .FlashConfig   0x00000400       0x10 ./Project_Settings/Startup_Code/startup_MKL25Z4.o
                0x00000410                . = ALIGN (0x4)

.text           0x00000410     0xaa70
                0x00000410                . = ALIGN (0x4)
 *(.text)
 .text          0x00000410       0x60 /opt/Freescale/KDS_v3/toolchain/bin/../lib/gcc/arm-none-eabi/4.8.4/armv6-m/crtbegin.o
 .text          0x00000470       0x78 /opt/Freescale/KDS_v3/toolchain/bin/../lib/gcc/arm-none-eabi/4.8.4/../../../../arm-none-eabi/lib/armv6-m/crt0.o
                0x00000470                _mainCRTStartup
                0x00000470                _start
 .text          0x000004e8       0x18 ./Project_Settings/Startup_Code/startup_MKL25Z4.o
                0x000004e8                Reset_Handler
                0x000004f8                I2C0_IRQHandler
                0x000004f8                HardFault_Handler
                0x000004f8                SysTick_Handler
                0x000004f8                PendSV_Handler
                0x000004f8                NMI_Handler
                0x000004f8                I2C1_IRQHandler
                0x000004f8                UART1_IRQHandler
                0x000004f8                DMA2_IRQHandler
                0x000004f8                TPM0_IRQHandler
                0x000004f8                LLWU_IRQHandler
                0x000004f8                TSI0_IRQHandler
                0x000004f8                ADC0_IRQHandler
                0x000004f8                Reserved39_IRQHandler
                0x000004f8                SPI1_IRQHandler
                0x000004f8                DefaultISR
                0x000004f8                PORTD_IRQHandler
                0x000004f8                TPM2_IRQHandler
                0x000004f8                RTC_IRQHandler
                0x000004f8                RTC_Seconds_IRQHandler
                0x000004f8                MCG_IRQHandler
                0x000004f8                UART2_IRQHandler
                0x000004f8                Reserved20_IRQHandler
                0x000004f8                USB0_IRQHandler
                0x000004f8                SVC_Handler
                0x000004f8                DMA3_IRQHandler
                0x000004f8                DMA0_IRQHandler
                0x000004f8                DAC0_IRQHandler
                0x000004f8                Reserved45_IRQHandler
                0x000004f8                TPM1_IRQHandler
                0x000004f8                LVD_LVW_IRQHandler
                0x000004f8                SPI0_IRQHandler
                0x000004f8                PORTA_IRQHandler
                0x000004f8                FTFA_IRQHandler
                0x000004f8                LPTMR0_IRQHandler
                0x000004f8                CMP0_IRQHandler
                0x000004f8                DMA1_IRQHandler
 .text          0x00000500       0x9c /opt/Freescale/KDS_v3/toolchain/bin/../lib/gcc/arm-none-eabi/4.8.4/armv6-m/libgcc.a(_udivsi3.o)
                0x00000500                __udivsi3
                0x00000500                __aeabi_uidiv
                0x00000588                __aeabi_uidivmod
 .text          0x0000059c        0x4 /opt/Freescale/KDS_v3/toolchain/bin/../lib/gcc/arm-none-eabi/4.8.4/armv6-m/libgcc.a(_dvmd_tls.o)
                0x0000059c                __aeabi_ldiv0
                0x0000059c                __aeabi_idiv0
 .text          0x000005a0       0x7c /opt/Freescale/KDS_v3/toolchain/bin/../lib/gcc/arm-none-eabi/4.8.4/armv6-m/libgcc.a(_arm_cmpdf2.o)
                0x000005a0                __aeabi_cdrcmple
                0x000005b0                __aeabi_cdcmple
                0x000005b0                __aeabi_cdcmpeq
                0x000005c0                __aeabi_dcmpeq
                0x000005cc                __aeabi_dcmplt
                0x000005e0                __aeabi_dcmple
                0x000005f4                __aeabi_dcmpgt
                0x00000608                __aeabi_dcmpge
 .text          0x0000061c      0x644 /opt/Freescale/KDS_v3/toolchain/bin/../lib/gcc/arm-none-eabi/4.8.4/armv6-m/libgcc.a(adddf3.o)
                0x0000061c                __aeabi_dadd
 .text          0x00000c60      0x648 /opt/Freescale/KDS_v3/toolchain/bin/../lib/gcc/arm-none-eabi/4.8.4/armv6-m/libgcc.a(divdf3.o)
                0x00000c60                __aeabi_ddiv
 .text          0x000012a8       0x94 /opt/Freescale/KDS_v3/toolchain/bin/../lib/gcc/arm-none-eabi/4.8.4/armv6-m/libgcc.a(eqdf2.o)
                0x000012a8                __eqdf2
                0x000012a8                __nedf2
 .text          0x0000133c       0xfc /opt/Freescale/KDS_v3/toolchain/bin/../lib/gcc/arm-none-eabi/4.8.4/armv6-m/libgcc.a(gedf2.o)
                0x0000133c                __gtdf2
                0x0000133c                __gedf2
 .text          0x00001438       0xfc /opt/Freescale/KDS_v3/toolchain/bin/../lib/gcc/arm-none-eabi/4.8.4/armv6-m/libgcc.a(ledf2.o)
                0x00001438                __ltdf2
                0x00001438                __ledf2
 .text          0x00001534      0x520 /opt/Freescale/KDS_v3/toolchain/bin/../lib/gcc/arm-none-eabi/4.8.4/armv6-m/libgcc.a(muldf3.o)
                0x00001534                __aeabi_dmul
 .text          0x00001a54       0x7c /opt/Freescale/KDS_v3/toolchain/bin/../lib/gcc/arm-none-eabi/4.8.4/armv6-m/libgcc.a(floatsidf.o)
                0x00001a54                __aeabi_i2d
 .text          0x00001ad0       0x3c /opt/Freescale/KDS_v3/toolchain/bin/../lib/gcc/arm-none-eabi/4.8.4/armv6-m/libgcc.a(_clzsi2.o)
                0x00001ad0                __clzsi2
 .text          0x00001b0c       0x14 /opt/Freescale/KDS_v3/toolchain/bin/../lib/gcc/arm-none-eabi/4.8.4/armv6-m/libgcc.a(_thumb1_case_uqi.o)
                0x00001b0c                __gnu_thumb1_case_uqi
 .text          0x00001b20       0xc0 /opt/Freescale/KDS_v3/toolchain/bin/../lib/gcc/arm-none-eabi/4.8.4/armv6-m/libgcc.a(_divsi3.o)
                0x00001b20                __aeabi_idiv
                0x00001b20                __divsi3
                0x00001bcc                __aeabi_idivmod
 .text          0x00001be0       0x40 /opt/Freescale/KDS_v3/toolchain/bin/../lib/gcc/arm-none-eabi/4.8.4/armv6-m/libgcc.a(_fixunsdfsi.o)
                0x00001be0                __fixunsdfsi
                0x00001be0                __aeabi_d2uiz
 .text          0x00001c20      0x668 /opt/Freescale/KDS_v3/toolchain/bin/../lib/gcc/arm-none-eabi/4.8.4/armv6-m/libgcc.a(subdf3.o)
                0x00001c20                __aeabi_dsub
 .text          0x00002288       0x68 /opt/Freescale/KDS_v3/toolchain/bin/../lib/gcc/arm-none-eabi/4.8.4/armv6-m/libgcc.a(fixdfsi.o)
                0x00002288                __aeabi_d2iz
 .text          0x000022f0       0x68 /opt/Freescale/KDS_v3/toolchain/bin/../lib/gcc/arm-none-eabi/4.8.4/armv6-m/libgcc.a(floatunsidf.o)
                0x000022f0                __aeabi_ui2d
 .text          0x00002358      0x118 /opt/Freescale/KDS_v3/toolchain/bin/../lib/gcc/arm-none-eabi/4.8.4/armv6-m/libgcc.a(truncdfsf2.o)
                0x00002358                __aeabi_d2f
 *(.text*)
 .text.NVIC_EnableIRQ
                0x00002470       0x2c ./Sources/Interface/Serial.o
 .text.NVIC_ClearPendingIRQ
                0x0000249c       0x2c ./Sources/Interface/Serial.o
 .text.serial_init
                0x000024c8       0x34 ./Sources/Interface/Serial.o
                0x000024c8                serial_init
 .text.serial_ParseCommand
                0x000024fc      0x170 ./Sources/Interface/Serial.o
                0x000024fc                serial_ParseCommand
 .text.UART0_IRQHandler
                0x0000266c       0x88 ./Sources/Interface/Serial.o
                0x0000266c                UART0_IRQHandler
 .text.CLOCK_HAL_SetLpsciSrc
                0x000026f4       0x30 ./Sources/Interface/debugUart.o
 .text.CLOCK_SYS_SetLpsciSrc
                0x00002724       0x2c ./Sources/Interface/debugUart.o
 .text.PORT_HAL_SetMuxMode
                0x00002750       0x4c ./Sources/Interface/debugUart.o
 .text.debugUart_init
                0x0000279c       0x50 ./Sources/Interface/debugUart.o
                0x0000279c                debugUart_init
 .text.UART_HAL_EnableTransmitter
                0x000027ec       0x1c ./Sources/Interface/fsl_debug_console.o
 .text.UART_HAL_EnableReceiver
                0x00002808       0x1c ./Sources/Interface/fsl_debug_console.o
 .text.UART_HAL_SetBitCountPerChar
                0x00002824       0x28 ./Sources/Interface/fsl_debug_console.o
 .text.UART_HAL_SetStopBitCount
                0x0000284c       0x28 ./Sources/Interface/fsl_debug_console.o
 .text.LPSCI_HAL_EnableTransmitter
                0x00002874       0x1c ./Sources/Interface/fsl_debug_console.o
 .text.LPSCI_HAL_EnableReceiver
                0x00002890       0x1c ./Sources/Interface/fsl_debug_console.o
 .text.LPSCI_HAL_SetBitCountPerChar
                0x000028ac       0x28 ./Sources/Interface/fsl_debug_console.o
 .text.LPSCI_HAL_SetStopBitCount
                0x000028d4       0x28 ./Sources/Interface/fsl_debug_console.o
 .text.DbgConsole_Init
                0x000028fc      0x160 ./Sources/Interface/fsl_debug_console.o
                0x000028fc                DbgConsole_Init
 .text._write   0x00002a5c       0x5c ./Sources/Interface/fsl_debug_console.o
                0x00002a5c                _write
 .text._read    0x00002ab8       0x48 ./Sources/Interface/fsl_debug_console.o
                0x00002ab8                _read
 .text.debug_getchar
                0x00002b00       0x38 ./Sources/Interface/fsl_debug_console.o
                0x00002b00                debug_getchar
 .text.detector_Init
                0x00002b38       0x3c ./Sources/Detector/Detector.o
                0x00002b38                detector_Init
 .text.atraso_init
                0x00002b74       0x14 ./Sources/Atraso/Atraso.o
                0x00002b74                atraso_init
 .text.atraso_MoverRelativo
                0x00002b88       0x70 ./Sources/Atraso/Atraso.o
                0x00002b88                atraso_MoverRelativo
 .text.motor_init
                0x00002bf8       0x18 ./Sources/Atraso/Motor.o
                0x00002bf8                motor_init
 .text.motor_StartTimer
                0x00002c10       0x18 ./Sources/Atraso/Motor.o
                0x00002c10                motor_StartTimer
 .text.motor_ReadResponse
                0x00002c28       0x70 ./Sources/Atraso/Motor.o
                0x00002c28                motor_ReadResponse
 .text.home     0x00002c98       0x14 ./Sources/Atraso/Motor.o
                0x00002c98                home
 *fill*         0x00002cac        0x4 
 .text.mv_relative
                0x00002cb0       0xd0 ./Sources/Atraso/Motor.o
                0x00002cb0                mv_relative
 .text.getPosicao
                0x00002d80       0x48 ./Sources/Atraso/Motor.o
                0x00002d80                getPosicao
 .text.WaitStop
                0x00002dc8      0x214 ./Sources/Atraso/Motor.o
                0x00002dc8                WaitStop
 .text.NVIC_EnableIRQ
                0x00002fdc       0x2c ./Sources/Atraso/Timer.o
 .text.NVIC_ClearPendingIRQ
                0x00003008       0x2c ./Sources/Atraso/Timer.o
 .text.timer_init
                0x00003034       0x5c ./Sources/Atraso/Timer.o
                0x00003034                timer_init
 .text.timer_start
                0x00003090       0x2c ./Sources/Atraso/Timer.o
                0x00003090                timer_start
 .text.PIT_IRQHandler
                0x000030bc       0x44 ./Sources/Atraso/Timer.o
                0x000030bc                PIT_IRQHandler
 .text.uart1_init
                0x00003100       0xd8 ./Sources/Atraso/Uart.o
                0x00003100                uart1_init
 .text.uart1_write
                0x000031d8       0x54 ./Sources/Atraso/Uart.o
                0x000031d8                uart1_write
 .text.uart1_read
                0x0000322c       0x38 ./Sources/Atraso/Uart.o
                0x0000322c                uart1_read
 .text.main_init
                0x00003264       0x18 ./Sources/main.o
                0x00003264                main_init
 .text.main     0x0000327c       0x4c ./Sources/main.o
                0x0000327c                main
 .text.SMC_HAL_SetProtection
                0x000032c8       0x1c ./Sources/mcg_hal.o
 .text.PORT_HAL_SetMuxMode
                0x000032e4       0x4c ./Sources/mcg_hal.o
 .text.mcg_initOsc0
                0x00003330       0x40 ./Sources/mcg_hal.o
                0x00003330                mcg_initOsc0
 .text.mcg_initRtcOsc
                0x00003370       0x3c ./Sources/mcg_hal.o
                0x00003370                mcg_initRtcOsc
 .text.mcg_initSystemClock
                0x000033ac       0x14 ./Sources/mcg_hal.o
                0x000033ac                mcg_initSystemClock
 .text.mcg_clockInit
                0x000033c0       0x50 ./Sources/mcg_hal.o
                0x000033c0                mcg_clockInit
 .text.init_data_bss
                0x00003410       0xc8 ./Project_Settings/Startup_Code/startup.o
                0x00003410                init_data_bss
 .text.SystemInit
                0x000034d8       0x18 ./Project_Settings/Startup_Code/system_MKL25Z4.o
                0x000034d8                SystemInit
 .text.UART_HAL_SetBaudRate
                0x000034f0       0x6c /opt/Freescale/SKD1.3/lib/ksdk_platform_lib/kds/KL25Z4/debug/libksdk_platform.a(fsl_uart_hal.o)
                0x000034f0                UART_HAL_SetBaudRate
 .text.UART_HAL_SetParityMode
                0x0000355c       0x40 /opt/Freescale/SKD1.3/lib/ksdk_platform_lib/kds/KL25Z4/debug/libksdk_platform.a(fsl_uart_hal.o)
                0x0000355c                UART_HAL_SetParityMode
 .text.UART_HAL_Putchar
                0x0000359c       0x34 /opt/Freescale/SKD1.3/lib/ksdk_platform_lib/kds/KL25Z4/debug/libksdk_platform.a(fsl_uart_hal.o)
                0x0000359c                UART_HAL_Putchar
 .text.UART_HAL_Getchar
                0x000035d0       0x34 /opt/Freescale/SKD1.3/lib/ksdk_platform_lib/kds/KL25Z4/debug/libksdk_platform.a(fsl_uart_hal.o)
                0x000035d0                UART_HAL_Getchar
 .text.UART_HAL_SendDataPolling
                0x00003604       0x44 /opt/Freescale/SKD1.3/lib/ksdk_platform_lib/kds/KL25Z4/debug/libksdk_platform.a(fsl_uart_hal.o)
                0x00003604                UART_HAL_SendDataPolling
 .text.UART_HAL_ReceiveDataPolling
                0x00003648       0xa4 /opt/Freescale/SKD1.3/lib/ksdk_platform_lib/kds/KL25Z4/debug/libksdk_platform.a(fsl_uart_hal.o)
                0x00003648                UART_HAL_ReceiveDataPolling
 .text.LPSCI_HAL_Putchar
                0x000036ec       0x1c /opt/Freescale/SKD1.3/lib/ksdk_platform_lib/kds/KL25Z4/debug/libksdk_platform.a(fsl_lpsci_hal.o)
 .text.LPSCI_HAL_Getchar
                0x00003708       0x1c /opt/Freescale/SKD1.3/lib/ksdk_platform_lib/kds/KL25Z4/debug/libksdk_platform.a(fsl_lpsci_hal.o)
 .text.LPSCI_HAL_SetBaudRate
                0x00003724      0x14c /opt/Freescale/SKD1.3/lib/ksdk_platform_lib/kds/KL25Z4/debug/libksdk_platform.a(fsl_lpsci_hal.o)
                0x00003724                LPSCI_HAL_SetBaudRate
 .text.LPSCI_HAL_SetParityMode
                0x00003870       0x40 /opt/Freescale/SKD1.3/lib/ksdk_platform_lib/kds/KL25Z4/debug/libksdk_platform.a(fsl_lpsci_hal.o)
                0x00003870                LPSCI_HAL_SetParityMode
 .text.LPSCI_HAL_SendDataPolling
                0x000038b0       0x44 /opt/Freescale/SKD1.3/lib/ksdk_platform_lib/kds/KL25Z4/debug/libksdk_platform.a(fsl_lpsci_hal.o)
                0x000038b0                LPSCI_HAL_SendDataPolling
 .text.LPSCI_HAL_ReceiveDataPolling
                0x000038f4       0x88 /opt/Freescale/SKD1.3/lib/ksdk_platform_lib/kds/KL25Z4/debug/libksdk_platform.a(fsl_lpsci_hal.o)
                0x000038f4                LPSCI_HAL_ReceiveDataPolling
 .text.SIM_HAL_EnableClock
                0x0000397c       0x58 /opt/Freescale/SKD1.3/lib/ksdk_platform_lib/kds/KL25Z4/debug/libksdk_platform.a(fsl_clock_MKL25Z4.o)
 .text.CLOCK_HAL_GetLpsciSrc
                0x000039d4       0x28 /opt/Freescale/SKD1.3/lib/ksdk_platform_lib/kds/KL25Z4/debug/libksdk_platform.a(fsl_clock_MKL25Z4.o)
 .text.CLOCK_HAL_SetExternalRefClock32kSrc
                0x000039fc       0x28 /opt/Freescale/SKD1.3/lib/ksdk_platform_lib/kds/KL25Z4/debug/libksdk_platform.a(fsl_clock_MKL25Z4.o)
 .text.CLOCK_HAL_SetPllfllSel
                0x00003a24       0x2c /opt/Freescale/SKD1.3/lib/ksdk_platform_lib/kds/KL25Z4/debug/libksdk_platform.a(fsl_clock_MKL25Z4.o)
 .text.CLOCK_HAL_GetPllfllSel
                0x00003a50       0x24 /opt/Freescale/SKD1.3/lib/ksdk_platform_lib/kds/KL25Z4/debug/libksdk_platform.a(fsl_clock_MKL25Z4.o)
 .text.CLOCK_HAL_GetOutDiv1
                0x00003a74       0x28 /opt/Freescale/SKD1.3/lib/ksdk_platform_lib/kds/KL25Z4/debug/libksdk_platform.a(fsl_clock_MKL25Z4.o)
 .text.CLOCK_HAL_GetOutDiv4
                0x00003a9c       0x28 /opt/Freescale/SKD1.3/lib/ksdk_platform_lib/kds/KL25Z4/debug/libksdk_platform.a(fsl_clock_MKL25Z4.o)
 .text.OSC_HAL_GetExternalRefClkCmd
                0x00003ac4       0x24 /opt/Freescale/SKD1.3/lib/ksdk_platform_lib/kds/KL25Z4/debug/libksdk_platform.a(fsl_clock_MKL25Z4.o)
 .text.CLOCK_SYS_SetSimConfigration
                0x00003ae8       0x48 /opt/Freescale/SKD1.3/lib/ksdk_platform_lib/kds/KL25Z4/debug/libksdk_platform.a(fsl_clock_MKL25Z4.o)
                0x00003ae8                CLOCK_SYS_SetSimConfigration
 .text.CLOCK_SYS_SetConfiguration
                0x00003b30       0x74 /opt/Freescale/SKD1.3/lib/ksdk_platform_lib/kds/KL25Z4/debug/libksdk_platform.a(fsl_clock_MKL25Z4.o)
                0x00003b30                CLOCK_SYS_SetConfiguration
 .text.CLOCK_SYS_GetCoreClockFreq
                0x00003ba4       0x34 /opt/Freescale/SKD1.3/lib/ksdk_platform_lib/kds/KL25Z4/debug/libksdk_platform.a(fsl_clock_MKL25Z4.o)
                0x00003ba4                CLOCK_SYS_GetCoreClockFreq
 .text.CLOCK_SYS_GetSystemClockFreq
                0x00003bd8       0x34 /opt/Freescale/SKD1.3/lib/ksdk_platform_lib/kds/KL25Z4/debug/libksdk_platform.a(fsl_clock_MKL25Z4.o)
                0x00003bd8                CLOCK_SYS_GetSystemClockFreq
 .text.CLOCK_SYS_GetBusClockFreq
                0x00003c0c       0x2c /opt/Freescale/SKD1.3/lib/ksdk_platform_lib/kds/KL25Z4/debug/libksdk_platform.a(fsl_clock_MKL25Z4.o)
                0x00003c0c                CLOCK_SYS_GetBusClockFreq
 .text.CLOCK_SYS_GetPllFllClockFreq
                0x00003c38       0x5c /opt/Freescale/SKD1.3/lib/ksdk_platform_lib/kds/KL25Z4/debug/libksdk_platform.a(fsl_clock_MKL25Z4.o)
                0x00003c38                CLOCK_SYS_GetPllFllClockFreq
 .text.CLOCK_SYS_GetOsc0ExternalRefClockFreq
                0x00003c94       0x2c /opt/Freescale/SKD1.3/lib/ksdk_platform_lib/kds/KL25Z4/debug/libksdk_platform.a(fsl_clock_MKL25Z4.o)
                0x00003c94                CLOCK_SYS_GetOsc0ExternalRefClockFreq
 .text.CLOCK_SYS_GetLpsciFreq
                0x00003cc0       0x68 /opt/Freescale/SKD1.3/lib/ksdk_platform_lib/kds/KL25Z4/debug/libksdk_platform.a(fsl_clock_MKL25Z4.o)
                0x00003cc0                CLOCK_SYS_GetLpsciFreq
 .text.CLOCK_SYS_GetUartFreq
                0x00003d28       0x2c /opt/Freescale/SKD1.3/lib/ksdk_platform_lib/kds/KL25Z4/debug/libksdk_platform.a(fsl_clock_MKL25Z4.o)
                0x00003d28                CLOCK_SYS_GetUartFreq
 .text.CLOCK_SYS_EnablePortClock
                0x00003d54       0x4c /opt/Freescale/SKD1.3/lib/ksdk_platform_lib/kds/KL25Z4/debug/libksdk_platform.a(fsl_clock_MKL25Z4.o)
                0x00003d54                CLOCK_SYS_EnablePortClock
 .text.CLOCK_SYS_EnableLpsciClock
                0x00003da0       0x40 /opt/Freescale/SKD1.3/lib/ksdk_platform_lib/kds/KL25Z4/debug/libksdk_platform.a(fsl_clock_MKL25Z4.o)
                0x00003da0                CLOCK_SYS_EnableLpsciClock
 .text.CLOCK_SYS_EnableUartClock
                0x00003de0       0x4c /opt/Freescale/SKD1.3/lib/ksdk_platform_lib/kds/KL25Z4/debug/libksdk_platform.a(fsl_clock_MKL25Z4.o)
                0x00003de0                CLOCK_SYS_EnableUartClock
 .text.SIM_HAL_EnableClock
                0x00003e2c       0x58 /opt/Freescale/SKD1.3/lib/ksdk_platform_lib/kds/KL25Z4/debug/libksdk_platform.a(fsl_clock_manager.o)
 .text.CLOCK_HAL_SetClkOutSrc
                0x00003e84       0x28 /opt/Freescale/SKD1.3/lib/ksdk_platform_lib/kds/KL25Z4/debug/libksdk_platform.a(fsl_clock_manager.o)
 .text.CLOCK_HAL_GetClkOutStat
                0x00003eac       0x20 /opt/Freescale/SKD1.3/lib/ksdk_platform_lib/kds/KL25Z4/debug/libksdk_platform.a(fsl_clock_manager.o)
 .text.CLOCK_HAL_SetInternalRefClkEnableCmd
                0x00003ecc       0x28 /opt/Freescale/SKD1.3/lib/ksdk_platform_lib/kds/KL25Z4/debug/libksdk_platform.a(fsl_clock_manager.o)
 .text.CLOCK_HAL_SetInternalRefClkEnableInStopCmd
                0x00003ef4       0x24 /opt/Freescale/SKD1.3/lib/ksdk_platform_lib/kds/KL25Z4/debug/libksdk_platform.a(fsl_clock_manager.o)
 .text.CLOCK_HAL_SetInternalRefClkMode
                0x00003f18       0x24 /opt/Freescale/SKD1.3/lib/ksdk_platform_lib/kds/KL25Z4/debug/libksdk_platform.a(fsl_clock_manager.o)
 .text.CLOCK_HAL_GetInternalRefClkMode
                0x00003f3c       0x20 /opt/Freescale/SKD1.3/lib/ksdk_platform_lib/kds/KL25Z4/debug/libksdk_platform.a(fsl_clock_manager.o)
 .text.CLOCK_HAL_SetPll0EnableCmd
                0x00003f5c       0x28 /opt/Freescale/SKD1.3/lib/ksdk_platform_lib/kds/KL25Z4/debug/libksdk_platform.a(fsl_clock_manager.o)
 .text.CLOCK_HAL_IsOsc0Stable
                0x00003f84       0x24 /opt/Freescale/SKD1.3/lib/ksdk_platform_lib/kds/KL25Z4/debug/libksdk_platform.a(fsl_clock_manager.o)
 .text.OSC_HAL_SetExternalRefClkCmd
                0x00003fa8       0x28 /opt/Freescale/SKD1.3/lib/ksdk_platform_lib/kds/KL25Z4/debug/libksdk_platform.a(fsl_clock_manager.o)
 .text.OSC_HAL_SetExternalRefClkInStopModeCmd
                0x00003fd0       0x28 /opt/Freescale/SKD1.3/lib/ksdk_platform_lib/kds/KL25Z4/debug/libksdk_platform.a(fsl_clock_manager.o)
 .text.CLOCK_SYS_EnableRtcClock
                0x00003ff8       0x1c /opt/Freescale/SKD1.3/lib/ksdk_platform_lib/kds/KL25Z4/debug/libksdk_platform.a(fsl_clock_manager.o)
 .text.RTC_HAL_SetOsc2pfLoadCmd
                0x00004014       0x28 /opt/Freescale/SKD1.3/lib/ksdk_platform_lib/kds/KL25Z4/debug/libksdk_platform.a(fsl_clock_manager.o)
 .text.RTC_HAL_SetOsc4pfLoadCmd
                0x0000403c       0x28 /opt/Freescale/SKD1.3/lib/ksdk_platform_lib/kds/KL25Z4/debug/libksdk_platform.a(fsl_clock_manager.o)
 .text.RTC_HAL_SetOsc8pfLoadCmd
                0x00004064       0x28 /opt/Freescale/SKD1.3/lib/ksdk_platform_lib/kds/KL25Z4/debug/libksdk_platform.a(fsl_clock_manager.o)
 .text.RTC_HAL_SetOsc16pfLoadCmd
                0x0000408c       0x28 /opt/Freescale/SKD1.3/lib/ksdk_platform_lib/kds/KL25Z4/debug/libksdk_platform.a(fsl_clock_manager.o)
 .text.RTC_HAL_SetOscillatorCmd
                0x000040b4       0x28 /opt/Freescale/SKD1.3/lib/ksdk_platform_lib/kds/KL25Z4/debug/libksdk_platform.a(fsl_clock_manager.o)
 .text.RTC_HAL_IsOscillatorEnabled
                0x000040dc       0x24 /opt/Freescale/SKD1.3/lib/ksdk_platform_lib/kds/KL25Z4/debug/libksdk_platform.a(fsl_clock_manager.o)
 .text.CLOCK_SYS_FllStableDelay
                0x00004100       0x24 /opt/Freescale/SKD1.3/lib/ksdk_platform_lib/kds/KL25Z4/debug/libksdk_platform.a(fsl_clock_manager.o)
 .text.CLOCK_SYS_McgModeToIdx
                0x00004124       0x6c /opt/Freescale/SKD1.3/lib/ksdk_platform_lib/kds/KL25Z4/debug/libksdk_platform.a(fsl_clock_manager.o)
 .text.CLOCK_SYS_SetMcgMode
                0x00004190      0x210 /opt/Freescale/SKD1.3/lib/ksdk_platform_lib/kds/KL25Z4/debug/libksdk_platform.a(fsl_clock_manager.o)
                0x00004190                CLOCK_SYS_SetMcgMode
 .text.CLOCK_SYS_OscInit
                0x000043a0       0xf0 /opt/Freescale/SKD1.3/lib/ksdk_platform_lib/kds/KL25Z4/debug/libksdk_platform.a(fsl_clock_manager.o)
                0x000043a0                CLOCK_SYS_OscInit
 .text.CLOCK_SYS_SetOscerConfigration
                0x00004490       0x3c /opt/Freescale/SKD1.3/lib/ksdk_platform_lib/kds/KL25Z4/debug/libksdk_platform.a(fsl_clock_manager.o)
                0x00004490                CLOCK_SYS_SetOscerConfigration
 .text.CLOCK_SYS_RtcOscInit
                0x000044cc       0xb0 /opt/Freescale/SKD1.3/lib/ksdk_platform_lib/kds/KL25Z4/debug/libksdk_platform.a(fsl_clock_manager.o)
                0x000044cc                CLOCK_SYS_RtcOscInit
 .text.CLOCK_HAL_SetOutDiv
                0x0000457c       0x50 /opt/Freescale/SKD1.3/lib/ksdk_platform_lib/kds/KL25Z4/debug/libksdk_platform.a(fsl_sim_hal_MKL25Z4.o)
                0x0000457c                CLOCK_HAL_SetOutDiv
 .text.OSC_HAL_SetCapacitor
                0x000045cc       0x28 /opt/Freescale/SKD1.3/lib/ksdk_platform_lib/kds/KL25Z4/debug/libksdk_platform.a(fsl_osc_hal.o)
                0x000045cc                OSC_HAL_SetCapacitor
 .text.CLOCK_HAL_GetClkOutStat
                0x000045f4       0x20 /opt/Freescale/SKD1.3/lib/ksdk_platform_lib/kds/KL25Z4/debug/libksdk_platform.a(fsl_mcg_hal.o)
 .text.CLOCK_HAL_SetInternalRefClkMode
                0x00004614       0x24 /opt/Freescale/SKD1.3/lib/ksdk_platform_lib/kds/KL25Z4/debug/libksdk_platform.a(fsl_mcg_hal.o)
 .text.CLOCK_HAL_GetInternalRefClkMode
                0x00004638       0x20 /opt/Freescale/SKD1.3/lib/ksdk_platform_lib/kds/KL25Z4/debug/libksdk_platform.a(fsl_mcg_hal.o)
 .text.CLOCK_HAL_IsPll0Locked
                0x00004658       0x24 /opt/Freescale/SKD1.3/lib/ksdk_platform_lib/kds/KL25Z4/debug/libksdk_platform.a(fsl_mcg_hal.o)
 .text.CLOCK_HAL_IsPllSelected
                0x0000467c       0x24 /opt/Freescale/SKD1.3/lib/ksdk_platform_lib/kds/KL25Z4/debug/libksdk_platform.a(fsl_mcg_hal.o)
 .text.CLOCK_HAL_IsOsc0Stable
                0x000046a0       0x24 /opt/Freescale/SKD1.3/lib/ksdk_platform_lib/kds/KL25Z4/debug/libksdk_platform.a(fsl_mcg_hal.o)
 .text.CLOCK_HAL_PrepareOsc
                0x000046c4       0x3c /opt/Freescale/SKD1.3/lib/ksdk_platform_lib/kds/KL25Z4/debug/libksdk_platform.a(fsl_mcg_hal.o)
                0x000046c4                CLOCK_HAL_PrepareOsc
 .text.CLOCK_HAL_GetMcgExternalClkFreq
                0x00004700       0x18 /opt/Freescale/SKD1.3/lib/ksdk_platform_lib/kds/KL25Z4/debug/libksdk_platform.a(fsl_mcg_hal.o)
 .text.CLOCK_HAL_TestFllExternalRefFreq
                0x00004718       0x7c /opt/Freescale/SKD1.3/lib/ksdk_platform_lib/kds/KL25Z4/debug/libksdk_platform.a(fsl_mcg_hal.o)
                0x00004718                CLOCK_HAL_TestFllExternalRefFreq
 .text.CLOCK_HAL_GetFllRefClk
                0x00004794       0x8c /opt/Freescale/SKD1.3/lib/ksdk_platform_lib/kds/KL25Z4/debug/libksdk_platform.a(fsl_mcg_hal.o)
                0x00004794                CLOCK_HAL_GetFllRefClk
 .text.CLOCK_HAL_TestFllFreq
                0x00004820       0x6c /opt/Freescale/SKD1.3/lib/ksdk_platform_lib/kds/KL25Z4/debug/libksdk_platform.a(fsl_mcg_hal.o)
                0x00004820                CLOCK_HAL_TestFllFreq
 .text.CLOCK_HAL_GetFllClk
                0x0000488c       0x7c /opt/Freescale/SKD1.3/lib/ksdk_platform_lib/kds/KL25Z4/debug/libksdk_platform.a(fsl_mcg_hal.o)
                0x0000488c                CLOCK_HAL_GetFllClk
 .text.CLOCK_HAL_UpdateFastClkInternalRefDiv
                0x00004908       0xb8 /opt/Freescale/SKD1.3/lib/ksdk_platform_lib/kds/KL25Z4/debug/libksdk_platform.a(fsl_mcg_hal.o)
                0x00004908                CLOCK_HAL_UpdateFastClkInternalRefDiv
 .text.CLOCK_HAL_GetPll0RefFreq
                0x000049c0       0x1c /opt/Freescale/SKD1.3/lib/ksdk_platform_lib/kds/KL25Z4/debug/libksdk_platform.a(fsl_mcg_hal.o)
                0x000049c0                CLOCK_HAL_GetPll0RefFreq
 .text.CLOCK_HAL_GetPll0Clk
                0x000049dc       0x90 /opt/Freescale/SKD1.3/lib/ksdk_platform_lib/kds/KL25Z4/debug/libksdk_platform.a(fsl_mcg_hal.o)
                0x000049dc                CLOCK_HAL_GetPll0Clk
 .text.CLOCK_HAL_EnablePll0InFllMode
                0x00004a6c       0x8c /opt/Freescale/SKD1.3/lib/ksdk_platform_lib/kds/KL25Z4/debug/libksdk_platform.a(fsl_mcg_hal.o)
                0x00004a6c                CLOCK_HAL_EnablePll0InFllMode
 .text.CLOCK_HAL_GetInternalRefClk
                0x00004af8       0x64 /opt/Freescale/SKD1.3/lib/ksdk_platform_lib/kds/KL25Z4/debug/libksdk_platform.a(fsl_mcg_hal.o)
                0x00004af8                CLOCK_HAL_GetInternalRefClk
 .text.CLOCK_HAL_GetOutClk
                0x00004b5c       0x7c /opt/Freescale/SKD1.3/lib/ksdk_platform_lib/kds/KL25Z4/debug/libksdk_platform.a(fsl_mcg_hal.o)
                0x00004b5c                CLOCK_HAL_GetOutClk
 .text.CLOCK_HAL_SetOsc0Mode
                0x00004bd8       0x68 /opt/Freescale/SKD1.3/lib/ksdk_platform_lib/kds/KL25Z4/debug/libksdk_platform.a(fsl_mcg_hal.o)
                0x00004bd8                CLOCK_HAL_SetOsc0Mode
 .text.CLOCK_HAL_GetClkOutStat
                0x00004c40       0x20 /opt/Freescale/SKD1.3/lib/ksdk_platform_lib/kds/KL25Z4/debug/libksdk_platform.a(fsl_mcg_hal_modes.o)
 .text.CLOCK_HAL_GetFllSrc
                0x00004c60       0x20 /opt/Freescale/SKD1.3/lib/ksdk_platform_lib/kds/KL25Z4/debug/libksdk_platform.a(fsl_mcg_hal_modes.o)
 .text.CLOCK_HAL_GetInternalRefClkMode
                0x00004c80       0x20 /opt/Freescale/SKD1.3/lib/ksdk_platform_lib/kds/KL25Z4/debug/libksdk_platform.a(fsl_mcg_hal_modes.o)
 .text.CLOCK_HAL_SetPll0EnableCmd
                0x00004ca0       0x28 /opt/Freescale/SKD1.3/lib/ksdk_platform_lib/kds/KL25Z4/debug/libksdk_platform.a(fsl_mcg_hal_modes.o)
 .text.CLOCK_HAL_IsPll0Locked
                0x00004cc8       0x24 /opt/Freescale/SKD1.3/lib/ksdk_platform_lib/kds/KL25Z4/debug/libksdk_platform.a(fsl_mcg_hal_modes.o)
 .text.CLOCK_HAL_IsPllSelected
                0x00004cec       0x24 /opt/Freescale/SKD1.3/lib/ksdk_platform_lib/kds/KL25Z4/debug/libksdk_platform.a(fsl_mcg_hal_modes.o)
 .text.CLOCK_HAL_IsOsc0Stable
                0x00004d10       0x24 /opt/Freescale/SKD1.3/lib/ksdk_platform_lib/kds/KL25Z4/debug/libksdk_platform.a(fsl_mcg_hal_modes.o)
 .text.CLOCK_HAL_GetMcgMode
                0x00004d34      0x148 /opt/Freescale/SKD1.3/lib/ksdk_platform_lib/kds/KL25Z4/debug/libksdk_platform.a(fsl_mcg_hal_modes.o)
                0x00004d34                CLOCK_HAL_GetMcgMode
 .text.CLOCK_HAL_SetFeiMode
                0x00004e7c       0xf8 /opt/Freescale/SKD1.3/lib/ksdk_platform_lib/kds/KL25Z4/debug/libksdk_platform.a(fsl_mcg_hal_modes.o)
                0x00004e7c                CLOCK_HAL_SetFeiMode
 .text.CLOCK_HAL_SetFeeMode
                0x00004f74      0x130 /opt/Freescale/SKD1.3/lib/ksdk_platform_lib/kds/KL25Z4/debug/libksdk_platform.a(fsl_mcg_hal_modes.o)
                0x00004f74                CLOCK_HAL_SetFeeMode
 .text.CLOCK_HAL_SetFbiMode
                0x000050a4      0x144 /opt/Freescale/SKD1.3/lib/ksdk_platform_lib/kds/KL25Z4/debug/libksdk_platform.a(fsl_mcg_hal_modes.o)
                0x000050a4                CLOCK_HAL_SetFbiMode
 .text.CLOCK_HAL_SetFbeMode
                0x000051e8      0x164 /opt/Freescale/SKD1.3/lib/ksdk_platform_lib/kds/KL25Z4/debug/libksdk_platform.a(fsl_mcg_hal_modes.o)
                0x000051e8                CLOCK_HAL_SetFbeMode
 .text.CLOCK_HAL_SetBlpiMode
                0x0000534c       0x68 /opt/Freescale/SKD1.3/lib/ksdk_platform_lib/kds/KL25Z4/debug/libksdk_platform.a(fsl_mcg_hal_modes.o)
                0x0000534c                CLOCK_HAL_SetBlpiMode
 .text.CLOCK_HAL_SetBlpeMode
                0x000053b4       0x34 /opt/Freescale/SKD1.3/lib/ksdk_platform_lib/kds/KL25Z4/debug/libksdk_platform.a(fsl_mcg_hal_modes.o)
                0x000053b4                CLOCK_HAL_SetBlpeMode
 .text.CLOCK_HAL_SetPbeMode
                0x000053e8      0x100 /opt/Freescale/SKD1.3/lib/ksdk_platform_lib/kds/KL25Z4/debug/libksdk_platform.a(fsl_mcg_hal_modes.o)
                0x000053e8                CLOCK_HAL_SetPbeMode
 .text.CLOCK_HAL_SetPeeMode
                0x000054e8       0x30 /opt/Freescale/SKD1.3/lib/ksdk_platform_lib/kds/KL25Z4/debug/libksdk_platform.a(fsl_mcg_hal_modes.o)
                0x000054e8                CLOCK_HAL_SetPeeMode
 .text.__assert_func
                0x00005518       0x3c /opt/Freescale/KDS_v3/toolchain/bin/../lib/gcc/arm-none-eabi/4.8.4/../../../../arm-none-eabi/lib/armv6-m/libg_s.a(lib_a-assert.o)
                0x00005518                __assert_func
 .text.exit     0x00005554       0x2c /opt/Freescale/KDS_v3/toolchain/bin/../lib/gcc/arm-none-eabi/4.8.4/../../../../arm-none-eabi/lib/armv6-m/libg_s.a(lib_a-exit.o)
                0x00005554                exit
 .text.fprintf  0x00005580       0x24 /opt/Freescale/KDS_v3/toolchain/bin/../lib/gcc/arm-none-eabi/4.8.4/../../../../arm-none-eabi/lib/armv6-m/libg_s.a(lib_a-fprintf.o)
                0x00005580                fprintf
                0x00005580                fiprintf
 .text.__libc_init_array
                0x000055a4       0x4c /opt/Freescale/KDS_v3/toolchain/bin/../lib/gcc/arm-none-eabi/4.8.4/../../../../arm-none-eabi/lib/armv6-m/libg_s.a(lib_a-init.o)
                0x000055a4                __libc_init_array
 .text.malloc   0x000055f0       0x14 /opt/Freescale/KDS_v3/toolchain/bin/../lib/gcc/arm-none-eabi/4.8.4/../../../../arm-none-eabi/lib/armv6-m/libg_s.a(lib_a-malloc.o)
                0x000055f0                malloc
 .text.memset   0x00005604       0x10 /opt/Freescale/KDS_v3/toolchain/bin/../lib/gcc/arm-none-eabi/4.8.4/../../../../arm-none-eabi/lib/armv6-m/libg_s.a(lib_a-memset.o)
                0x00005604                memset
 .text._calloc_r
                0x00005614       0x1c /opt/Freescale/KDS_v3/toolchain/bin/../lib/gcc/arm-none-eabi/4.8.4/../../../../arm-none-eabi/lib/armv6-m/libg_s.a(lib_a-nano-callocr.o)
                0x00005614                _calloc_r
 .text._free_r  0x00005630       0x90 /opt/Freescale/KDS_v3/toolchain/bin/../lib/gcc/arm-none-eabi/4.8.4/../../../../arm-none-eabi/lib/armv6-m/libg_s.a(lib_a-nano-freer.o)
                0x00005630                _free_r
 .text._malloc_r
                0x000056c0       0xa8 /opt/Freescale/KDS_v3/toolchain/bin/../lib/gcc/arm-none-eabi/4.8.4/../../../../arm-none-eabi/lib/armv6-m/libg_s.a(lib_a-nano-mallocr.o)
                0x000056c0                _malloc_r
 .text._sbrk_r  0x00005768       0x24 /opt/Freescale/KDS_v3/toolchain/bin/../lib/gcc/arm-none-eabi/4.8.4/../../../../arm-none-eabi/lib/armv6-m/libg_s.a(lib_a-sbrkr.o)
                0x00005768                _sbrk_r
 .text.sprintf  0x0000578c       0x44 /opt/Freescale/KDS_v3/toolchain/bin/../lib/gcc/arm-none-eabi/4.8.4/../../../../arm-none-eabi/lib/armv6-m/libg_s.a(lib_a-sprintf.o)
                0x0000578c                sprintf
                0x0000578c                siprintf
 .text.sscanf   0x000057d0       0x50 /opt/Freescale/KDS_v3/toolchain/bin/../lib/gcc/arm-none-eabi/4.8.4/../../../../arm-none-eabi/lib/armv6-m/libg_s.a(lib_a-sscanf.o)
                0x000057d0                sscanf
                0x000057d0                siscanf
 .text.__sread  0x00005820       0x28 /opt/Freescale/KDS_v3/toolchain/bin/../lib/gcc/arm-none-eabi/4.8.4/../../../../arm-none-eabi/lib/armv6-m/libg_s.a(lib_a-stdio.o)
                0x00005820                __sread
 .text.__seofread
                0x00005848        0x4 /opt/Freescale/KDS_v3/toolchain/bin/../lib/gcc/arm-none-eabi/4.8.4/../../../../arm-none-eabi/lib/armv6-m/libg_s.a(lib_a-stdio.o)
                0x00005848                __seofread
 .text.__swrite
                0x0000584c       0x38 /opt/Freescale/KDS_v3/toolchain/bin/../lib/gcc/arm-none-eabi/4.8.4/../../../../arm-none-eabi/lib/armv6-m/libg_s.a(lib_a-stdio.o)
                0x0000584c                __swrite
 .text.__sseek  0x00005884       0x2c /opt/Freescale/KDS_v3/toolchain/bin/../lib/gcc/arm-none-eabi/4.8.4/../../../../arm-none-eabi/lib/armv6-m/libg_s.a(lib_a-stdio.o)
                0x00005884                __sseek
 .text.__sclose
                0x000058b0        0xc /opt/Freescale/KDS_v3/toolchain/bin/../lib/gcc/arm-none-eabi/4.8.4/../../../../arm-none-eabi/lib/armv6-m/libg_s.a(lib_a-stdio.o)
                0x000058b0                __sclose
 .text.strlen   0x000058bc        0xe /opt/Freescale/KDS_v3/toolchain/bin/../lib/gcc/arm-none-eabi/4.8.4/../../../../arm-none-eabi/lib/armv6-m/libg_s.a(lib_a-strlen.o)
                0x000058bc                strlen
 *fill*         0x000058ca        0x2 
 .text.__ssputs_r
                0x000058cc       0xc0 /opt/Freescale/KDS_v3/toolchain/bin/../lib/gcc/arm-none-eabi/4.8.4/../../../../arm-none-eabi/lib/armv6-m/libg_s.a(lib_a-svfprintf.o)
                0x000058cc                __ssputs_r
 .text._svfprintf_r
                0x0000598c      0x1e0 /opt/Freescale/KDS_v3/toolchain/bin/../lib/gcc/arm-none-eabi/4.8.4/../../../../arm-none-eabi/lib/armv6-m/libg_s.a(lib_a-svfprintf.o)
                0x0000598c                _svfprintf_r
                0x0000598c                _svfiprintf_r
 .text._sungetc_r
                0x00005b6c       0x7a /opt/Freescale/KDS_v3/toolchain/bin/../lib/gcc/arm-none-eabi/4.8.4/../../../../arm-none-eabi/lib/armv6-m/libg_s.a(lib_a-svfscanf.o)
                0x00005b6c                _sungetc_r
 .text.__ssrefill_r
                0x00005be6       0x3e /opt/Freescale/KDS_v3/toolchain/bin/../lib/gcc/arm-none-eabi/4.8.4/../../../../arm-none-eabi/lib/armv6-m/libg_s.a(lib_a-svfscanf.o)
                0x00005be6                __ssrefill_r
 .text.__ssvfscanf_r
                0x00005c24      0x2b0 /opt/Freescale/KDS_v3/toolchain/bin/../lib/gcc/arm-none-eabi/4.8.4/../../../../arm-none-eabi/lib/armv6-m/libg_s.a(lib_a-svfscanf.o)
                0x00005c24                __ssvfscanf_r
                0x00005c24                __ssvfiscanf_r
 .text.__submore
                0x00005ed4       0x7c /opt/Freescale/KDS_v3/toolchain/bin/../lib/gcc/arm-none-eabi/4.8.4/../../../../arm-none-eabi/lib/armv6-m/libg_s.a(lib_a-ungetc.o)
                0x00005ed4                __submore
 .text.__sfputc_r
                0x00005f50       0x2a /opt/Freescale/KDS_v3/toolchain/bin/../lib/gcc/arm-none-eabi/4.8.4/../../../../arm-none-eabi/lib/armv6-m/libg_s.a(lib_a-vfprintf.o)
 .text.__sfputs_r
                0x00005f7a       0x24 /opt/Freescale/KDS_v3/toolchain/bin/../lib/gcc/arm-none-eabi/4.8.4/../../../../arm-none-eabi/lib/armv6-m/libg_s.a(lib_a-vfprintf.o)
                0x00005f7a                __sfputs_r
 *fill*         0x00005f9e        0x2 
 .text._vfprintf_r
                0x00005fa0      0x210 /opt/Freescale/KDS_v3/toolchain/bin/../lib/gcc/arm-none-eabi/4.8.4/../../../../arm-none-eabi/lib/armv6-m/libg_s.a(lib_a-vfprintf.o)
                0x00005fa0                _vfiprintf_r
                0x00005fa0                _vfprintf_r
 .text.__cvt    0x000061b0       0xd0 /opt/Freescale/KDS_v3/toolchain/bin/../lib/gcc/arm-none-eabi/4.8.4/../../../../arm-none-eabi/lib/armv6-m/libg_s.a(lib_a-vfprintf_float.o)
                0x000061b0                __cvt
 .text.__exponent
                0x00006280       0x6a /opt/Freescale/KDS_v3/toolchain/bin/../lib/gcc/arm-none-eabi/4.8.4/../../../../arm-none-eabi/lib/armv6-m/libg_s.a(lib_a-vfprintf_float.o)
                0x00006280                __exponent
 *fill*         0x000062ea        0x6 
 .text._printf_float
                0x000062f0      0x458 /opt/Freescale/KDS_v3/toolchain/bin/../lib/gcc/arm-none-eabi/4.8.4/../../../../arm-none-eabi/lib/armv6-m/libg_s.a(lib_a-vfprintf_float.o)
                0x000062f0                _printf_float
 .text._printf_common
                0x00006748       0xe8 /opt/Freescale/KDS_v3/toolchain/bin/../lib/gcc/arm-none-eabi/4.8.4/../../../../arm-none-eabi/lib/armv6-m/libg_s.a(lib_a-vfprintf_i.o)
                0x00006748                _printf_common
 .text._printf_i
                0x00006830      0x22c /opt/Freescale/KDS_v3/toolchain/bin/../lib/gcc/arm-none-eabi/4.8.4/../../../../arm-none-eabi/lib/armv6-m/libg_s.a(lib_a-vfprintf_i.o)
                0x00006830                _printf_i
 .text._scanf_float
                0x00006a5c      0x3e0 /opt/Freescale/KDS_v3/toolchain/bin/../lib/gcc/arm-none-eabi/4.8.4/../../../../arm-none-eabi/lib/armv6-m/libg_s.a(lib_a-vfscanf_float.o)
                0x00006a5c                _scanf_float
 .text._scanf_chars
                0x00006e3c       0xc8 /opt/Freescale/KDS_v3/toolchain/bin/../lib/gcc/arm-none-eabi/4.8.4/../../../../arm-none-eabi/lib/armv6-m/libg_s.a(lib_a-vfscanf_i.o)
                0x00006e3c                _scanf_chars
 .text._scanf_i
                0x00006f04      0x1fc /opt/Freescale/KDS_v3/toolchain/bin/../lib/gcc/arm-none-eabi/4.8.4/../../../../arm-none-eabi/lib/armv6-m/libg_s.a(lib_a-vfscanf_i.o)
                0x00006f04                _scanf_i
 .text.__swbuf_r
                0x00007100       0xb0 /opt/Freescale/KDS_v3/toolchain/bin/../lib/gcc/arm-none-eabi/4.8.4/../../../../arm-none-eabi/lib/armv6-m/libg_s.a(lib_a-wbuf.o)
                0x00007100                __swbuf_r
 .text._write_r
                0x000071b0       0x28 /opt/Freescale/KDS_v3/toolchain/bin/../lib/gcc/arm-none-eabi/4.8.4/../../../../arm-none-eabi/lib/armv6-m/libg_s.a(lib_a-writer.o)
                0x000071b0                _write_r
 .text.__swsetup_r
                0x000071d8       0xe4 /opt/Freescale/KDS_v3/toolchain/bin/../lib/gcc/arm-none-eabi/4.8.4/../../../../arm-none-eabi/lib/armv6-m/libg_s.a(lib_a-wsetup.o)
                0x000071d8                __swsetup_r
 .text.abort    0x000072bc        0xe /opt/Freescale/KDS_v3/toolchain/bin/../lib/gcc/arm-none-eabi/4.8.4/../../../../arm-none-eabi/lib/armv6-m/libg_s.a(lib_a-abort.o)
                0x000072bc                abort
 *fill*         0x000072ca        0x2 
 .text._close_r
                0x000072cc       0x24 /opt/Freescale/KDS_v3/toolchain/bin/../lib/gcc/arm-none-eabi/4.8.4/../../../../arm-none-eabi/lib/armv6-m/libg_s.a(lib_a-closer.o)
                0x000072cc                _close_r
 .text.quorem   0x000072f0      0x118 /opt/Freescale/KDS_v3/toolchain/bin/../lib/gcc/arm-none-eabi/4.8.4/../../../../arm-none-eabi/lib/armv6-m/libg_s.a(lib_a-dtoa.o)
 .text._dtoa_r  0x00007408      0xbb8 /opt/Freescale/KDS_v3/toolchain/bin/../lib/gcc/arm-none-eabi/4.8.4/../../../../arm-none-eabi/lib/armv6-m/libg_s.a(lib_a-dtoa.o)
                0x00007408                _dtoa_r
 .text.__sflush_r
                0x00007fc0      0x112 /opt/Freescale/KDS_v3/toolchain/bin/../lib/gcc/arm-none-eabi/4.8.4/../../../../arm-none-eabi/lib/armv6-m/libg_s.a(lib_a-fflush.o)
                0x00007fc0                __sflush_r
 *fill*         0x000080d2        0x2 
 .text._fflush_r
                0x000080d4       0x58 /opt/Freescale/KDS_v3/toolchain/bin/../lib/gcc/arm-none-eabi/4.8.4/../../../../arm-none-eabi/lib/armv6-m/libg_s.a(lib_a-fflush.o)
                0x000080d4                _fflush_r
 .text._cleanup_r
                0x0000812c       0x34 /opt/Freescale/KDS_v3/toolchain/bin/../lib/gcc/arm-none-eabi/4.8.4/../../../../arm-none-eabi/lib/armv6-m/libg_s.a(lib_a-findfp.o)
                0x0000812c                _cleanup_r
 .text.std.isra.0
                0x00008160       0x48 /opt/Freescale/KDS_v3/toolchain/bin/../lib/gcc/arm-none-eabi/4.8.4/../../../../arm-none-eabi/lib/armv6-m/libg_s.a(lib_a-findfp.o)
 .text.__sfmoreglue
                0x000081a8       0x2c /opt/Freescale/KDS_v3/toolchain/bin/../lib/gcc/arm-none-eabi/4.8.4/../../../../arm-none-eabi/lib/armv6-m/libg_s.a(lib_a-findfp.o)
                0x000081a8                __sfmoreglue
 .text.__sinit  0x000081d4       0x64 /opt/Freescale/KDS_v3/toolchain/bin/../lib/gcc/arm-none-eabi/4.8.4/../../../../arm-none-eabi/lib/armv6-m/libg_s.a(lib_a-findfp.o)
                0x000081d4                __sinit
 .text.__sfp    0x00008238       0x7c /opt/Freescale/KDS_v3/toolchain/bin/../lib/gcc/arm-none-eabi/4.8.4/../../../../arm-none-eabi/lib/armv6-m/libg_s.a(lib_a-findfp.o)
                0x00008238                __sfp
 .text._localeconv_r
                0x000082b4        0x8 /opt/Freescale/KDS_v3/toolchain/bin/../lib/gcc/arm-none-eabi/4.8.4/../../../../arm-none-eabi/lib/armv6-m/libg_s.a(lib_a-locale.o)
                0x000082b4                _localeconv_r
 .text._lseek_r
                0x000082bc       0x28 /opt/Freescale/KDS_v3/toolchain/bin/../lib/gcc/arm-none-eabi/4.8.4/../../../../arm-none-eabi/lib/armv6-m/libg_s.a(lib_a-lseekr.o)
                0x000082bc                _lseek_r
 .text.__smakebuf_r
                0x000082e4       0xa0 /opt/Freescale/KDS_v3/toolchain/bin/../lib/gcc/arm-none-eabi/4.8.4/../../../../arm-none-eabi/lib/armv6-m/libg_s.a(lib_a-makebuf.o)
                0x000082e4                __smakebuf_r
 .text.memchr   0x00008384       0x16 /opt/Freescale/KDS_v3/toolchain/bin/../lib/gcc/arm-none-eabi/4.8.4/../../../../arm-none-eabi/lib/armv6-m/libg_s.a(lib_a-memchr-stub.o)
                0x00008384                memchr
 .text.memcpy   0x0000839a       0x12 /opt/Freescale/KDS_v3/toolchain/bin/../lib/gcc/arm-none-eabi/4.8.4/../../../../arm-none-eabi/lib/armv6-m/libg_s.a(lib_a-memcpy-stub.o)
                0x0000839a                memcpy
 .text.memmove  0x000083ac       0x32 /opt/Freescale/KDS_v3/toolchain/bin/../lib/gcc/arm-none-eabi/4.8.4/../../../../arm-none-eabi/lib/armv6-m/libg_s.a(lib_a-memmove.o)
                0x000083ac                memmove
 .text._Balloc  0x000083de       0x70 /opt/Freescale/KDS_v3/toolchain/bin/../lib/gcc/arm-none-eabi/4.8.4/../../../../arm-none-eabi/lib/armv6-m/libg_s.a(lib_a-mprec.o)
                0x000083de                _Balloc
 .text._Bfree   0x0000844e       0x32 /opt/Freescale/KDS_v3/toolchain/bin/../lib/gcc/arm-none-eabi/4.8.4/../../../../arm-none-eabi/lib/armv6-m/libg_s.a(lib_a-mprec.o)
                0x0000844e                _Bfree
 .text.__multadd
                0x00008480       0x7c /opt/Freescale/KDS_v3/toolchain/bin/../lib/gcc/arm-none-eabi/4.8.4/../../../../arm-none-eabi/lib/armv6-m/libg_s.a(lib_a-mprec.o)
                0x00008480                __multadd
 .text.__s2b    0x000084fc       0x80 /opt/Freescale/KDS_v3/toolchain/bin/../lib/gcc/arm-none-eabi/4.8.4/../../../../arm-none-eabi/lib/armv6-m/libg_s.a(lib_a-mprec.o)
                0x000084fc                __s2b
 .text.__hi0bits
                0x0000857c       0x38 /opt/Freescale/KDS_v3/toolchain/bin/../lib/gcc/arm-none-eabi/4.8.4/../../../../arm-none-eabi/lib/armv6-m/libg_s.a(lib_a-mprec.o)
                0x0000857c                __hi0bits
 .text.__lo0bits
                0x000085b4       0x5a /opt/Freescale/KDS_v3/toolchain/bin/../lib/gcc/arm-none-eabi/4.8.4/../../../../arm-none-eabi/lib/armv6-m/libg_s.a(lib_a-mprec.o)
                0x000085b4                __lo0bits
 .text.__i2b    0x0000860e       0x12 /opt/Freescale/KDS_v3/toolchain/bin/../lib/gcc/arm-none-eabi/4.8.4/../../../../arm-none-eabi/lib/armv6-m/libg_s.a(lib_a-mprec.o)
                0x0000860e                __i2b
 .text.__multiply
                0x00008620      0x11e /opt/Freescale/KDS_v3/toolchain/bin/../lib/gcc/arm-none-eabi/4.8.4/../../../../arm-none-eabi/lib/armv6-m/libg_s.a(lib_a-mprec.o)
                0x00008620                __multiply
 *fill*         0x0000873e        0x2 
 .text.__pow5mult
                0x00008740       0xa4 /opt/Freescale/KDS_v3/toolchain/bin/../lib/gcc/arm-none-eabi/4.8.4/../../../../arm-none-eabi/lib/armv6-m/libg_s.a(lib_a-mprec.o)
                0x00008740                __pow5mult
 .text.__lshift
                0x000087e4       0xa4 /opt/Freescale/KDS_v3/toolchain/bin/../lib/gcc/arm-none-eabi/4.8.4/../../../../arm-none-eabi/lib/armv6-m/libg_s.a(lib_a-mprec.o)
                0x000087e4                __lshift
 .text.__mcmp   0x00008888       0x36 /opt/Freescale/KDS_v3/toolchain/bin/../lib/gcc/arm-none-eabi/4.8.4/../../../../arm-none-eabi/lib/armv6-m/libg_s.a(lib_a-mprec.o)
                0x00008888                __mcmp
 .text.__mdiff  0x000088be       0xcc /opt/Freescale/KDS_v3/toolchain/bin/../lib/gcc/arm-none-eabi/4.8.4/../../../../arm-none-eabi/lib/armv6-m/libg_s.a(lib_a-mprec.o)
                0x000088be                __mdiff
 *fill*         0x0000898a        0x2 
 .text.__ulp    0x0000898c       0x44 /opt/Freescale/KDS_v3/toolchain/bin/../lib/gcc/arm-none-eabi/4.8.4/../../../../arm-none-eabi/lib/armv6-m/libg_s.a(lib_a-mprec.o)
                0x0000898c                __ulp
 .text.__b2d    0x000089d0       0xa4 /opt/Freescale/KDS_v3/toolchain/bin/../lib/gcc/arm-none-eabi/4.8.4/../../../../arm-none-eabi/lib/armv6-m/libg_s.a(lib_a-mprec.o)
                0x000089d0                __b2d
 .text.__d2b    0x00008a74       0xb0 /opt/Freescale/KDS_v3/toolchain/bin/../lib/gcc/arm-none-eabi/4.8.4/../../../../arm-none-eabi/lib/armv6-m/libg_s.a(lib_a-mprec.o)
                0x00008a74                __d2b
 .text.__ratio  0x00008b24       0x48 /opt/Freescale/KDS_v3/toolchain/bin/../lib/gcc/arm-none-eabi/4.8.4/../../../../arm-none-eabi/lib/armv6-m/libg_s.a(lib_a-mprec.o)
                0x00008b24                __ratio
 .text.__copybits
                0x00008b6c       0x2c /opt/Freescale/KDS_v3/toolchain/bin/../lib/gcc/arm-none-eabi/4.8.4/../../../../arm-none-eabi/lib/armv6-m/libg_s.a(lib_a-mprec.o)
                0x00008b6c                __copybits
 .text.__any_on
                0x00008b98       0x44 /opt/Freescale/KDS_v3/toolchain/bin/../lib/gcc/arm-none-eabi/4.8.4/../../../../arm-none-eabi/lib/armv6-m/libg_s.a(lib_a-mprec.o)
                0x00008b98                __any_on
 .text._realloc_r
                0x00008bdc       0x4c /opt/Freescale/KDS_v3/toolchain/bin/../lib/gcc/arm-none-eabi/4.8.4/../../../../arm-none-eabi/lib/armv6-m/libg_s.a(lib_a-nano-reallocr.o)
                0x00008bdc                _realloc_r
 .text._read_r  0x00008c28       0x28 /opt/Freescale/KDS_v3/toolchain/bin/../lib/gcc/arm-none-eabi/4.8.4/../../../../arm-none-eabi/lib/armv6-m/libg_s.a(lib_a-readr.o)
                0x00008c28                _read_r
 .text.__fpclassifyd
                0x00008c50       0x54 /opt/Freescale/KDS_v3/toolchain/bin/../lib/gcc/arm-none-eabi/4.8.4/../../../../arm-none-eabi/lib/armv6-m/libg_s.a(lib_a-s_fpclassify.o)
                0x00008c50                __fpclassifyd
 .text.__sccl   0x00008ca4       0x66 /opt/Freescale/KDS_v3/toolchain/bin/../lib/gcc/arm-none-eabi/4.8.4/../../../../arm-none-eabi/lib/armv6-m/libg_s.a(lib_a-sccl.o)
                0x00008ca4                __sccl
 *fill*         0x00008d0a        0x2 
 .text.nanf     0x00008d0c        0x8 /opt/Freescale/KDS_v3/toolchain/bin/../lib/gcc/arm-none-eabi/4.8.4/../../../../arm-none-eabi/lib/armv6-m/libg_s.a(lib_a-sf_nan.o)
                0x00008d0c                nanf
 .text._raise_r
                0x00008d14       0x56 /opt/Freescale/KDS_v3/toolchain/bin/../lib/gcc/arm-none-eabi/4.8.4/../../../../arm-none-eabi/lib/armv6-m/libg_s.a(lib_a-signal.o)
                0x00008d14                _raise_r
 *fill*         0x00008d6a        0x2 
 .text.raise    0x00008d6c       0x14 /opt/Freescale/KDS_v3/toolchain/bin/../lib/gcc/arm-none-eabi/4.8.4/../../../../arm-none-eabi/lib/armv6-m/libg_s.a(lib_a-signal.o)
                0x00008d6c                raise
 .text._kill_r  0x00008d80       0x24 /opt/Freescale/KDS_v3/toolchain/bin/../lib/gcc/arm-none-eabi/4.8.4/../../../../arm-none-eabi/lib/armv6-m/libg_s.a(lib_a-signalr.o)
                0x00008d80                _kill_r
 .text._getpid_r
                0x00008da4        0x8 /opt/Freescale/KDS_v3/toolchain/bin/../lib/gcc/arm-none-eabi/4.8.4/../../../../arm-none-eabi/lib/armv6-m/libg_s.a(lib_a-signalr.o)
                0x00008da4                _getpid_r
 .text.match    0x00008dac       0x28 /opt/Freescale/KDS_v3/toolchain/bin/../lib/gcc/arm-none-eabi/4.8.4/../../../../arm-none-eabi/lib/armv6-m/libg_s.a(lib_a-strtod.o)
 .text.unlikely.sulp
                0x00008dd4       0x2c /opt/Freescale/KDS_v3/toolchain/bin/../lib/gcc/arm-none-eabi/4.8.4/../../../../arm-none-eabi/lib/armv6-m/libg_s.a(lib_a-strtod.o)
 .text._strtod_r
                0x00008e00      0xc50 /opt/Freescale/KDS_v3/toolchain/bin/../lib/gcc/arm-none-eabi/4.8.4/../../../../arm-none-eabi/lib/armv6-m/libg_s.a(lib_a-strtod.o)
                0x00008e00                _strtod_r
 .text._strtol_r
                0x00009a50      0x114 /opt/Freescale/KDS_v3/toolchain/bin/../lib/gcc/arm-none-eabi/4.8.4/../../../../arm-none-eabi/lib/armv6-m/libg_s.a(lib_a-strtol.o)
                0x00009a50                _strtol_r
 .text._strtoul_r
                0x00009b64       0xf8 /opt/Freescale/KDS_v3/toolchain/bin/../lib/gcc/arm-none-eabi/4.8.4/../../../../arm-none-eabi/lib/armv6-m/libg_s.a(lib_a-strtoul.o)
                0x00009b64                _strtoul_r
 .text._fstat_r
                0x00009c5c       0x24 /opt/Freescale/KDS_v3/toolchain/bin/../lib/gcc/arm-none-eabi/4.8.4/../../../../arm-none-eabi/lib/armv6-m/libg_s.a(lib_a-fstatr.o)
                0x00009c5c                _fstat_r
 .text.rshift   0x00009c80       0x6c /opt/Freescale/KDS_v3/toolchain/bin/../lib/gcc/arm-none-eabi/4.8.4/../../../../arm-none-eabi/lib/armv6-m/libg_s.a(lib_a-gdtoa-gethex.o)
 .text.__hexdig_fun
                0x00009cec       0x2a /opt/Freescale/KDS_v3/toolchain/bin/../lib/gcc/arm-none-eabi/4.8.4/../../../../arm-none-eabi/lib/armv6-m/libg_s.a(lib_a-gdtoa-gethex.o)
                0x00009cec                __hexdig_fun
 .text.__gethex
                0x00009d16      0x43c /opt/Freescale/KDS_v3/toolchain/bin/../lib/gcc/arm-none-eabi/4.8.4/../../../../arm-none-eabi/lib/armv6-m/libg_s.a(lib_a-gdtoa-gethex.o)
                0x00009d16                __gethex
 .text.L_shift  0x0000a152       0x24 /opt/Freescale/KDS_v3/toolchain/bin/../lib/gcc/arm-none-eabi/4.8.4/../../../../arm-none-eabi/lib/armv6-m/libg_s.a(lib_a-gdtoa-hexnan.o)
 .text.__hexnan
                0x0000a176      0x132 /opt/Freescale/KDS_v3/toolchain/bin/../lib/gcc/arm-none-eabi/4.8.4/../../../../arm-none-eabi/lib/armv6-m/libg_s.a(lib_a-gdtoa-hexnan.o)
                0x0000a176                __hexnan
 .text._isatty_r
                0x0000a2a8       0x24 /opt/Freescale/KDS_v3/toolchain/bin/../lib/gcc/arm-none-eabi/4.8.4/../../../../arm-none-eabi/lib/armv6-m/libg_s.a(lib_a-isattyr.o)
                0x0000a2a8                _isatty_r
 .text._malloc_usable_size_r
                0x0000a2cc       0x12 /opt/Freescale/KDS_v3/toolchain/bin/../lib/gcc/arm-none-eabi/4.8.4/../../../../arm-none-eabi/lib/armv6-m/libg_s.a(lib_a-nano-msizer.o)
                0x0000a2cc                _malloc_usable_size_r
 .text.strncmp  0x0000a2de       0x2c /opt/Freescale/KDS_v3/toolchain/bin/../lib/gcc/arm-none-eabi/4.8.4/../../../../arm-none-eabi/lib/armv6-m/libg_s.a(lib_a-strncmp.o)
                0x0000a2de                strncmp
 *fill*         0x0000a30a        0x2 
 .text._close   0x0000a30c       0x10 /opt/Freescale/KDS_v3/toolchain/bin/../lib/gcc/arm-none-eabi/4.8.4/../../../../arm-none-eabi/lib/armv6-m/libnosys.a(close.o)
                0x0000a30c                _close
 .text._fstat   0x0000a31c       0x10 /opt/Freescale/KDS_v3/toolchain/bin/../lib/gcc/arm-none-eabi/4.8.4/../../../../arm-none-eabi/lib/armv6-m/libnosys.a(fstat.o)
                0x0000a31c                _fstat
 .text._getpid  0x0000a32c       0x10 /opt/Freescale/KDS_v3/toolchain/bin/../lib/gcc/arm-none-eabi/4.8.4/../../../../arm-none-eabi/lib/armv6-m/libnosys.a(getpid.o)
                0x0000a32c                _getpid
 .text._isatty  0x0000a33c       0x10 /opt/Freescale/KDS_v3/toolchain/bin/../lib/gcc/arm-none-eabi/4.8.4/../../../../arm-none-eabi/lib/armv6-m/libnosys.a(isatty.o)
                0x0000a33c                _isatty
 .text._kill    0x0000a34c       0x10 /opt/Freescale/KDS_v3/toolchain/bin/../lib/gcc/arm-none-eabi/4.8.4/../../../../arm-none-eabi/lib/armv6-m/libnosys.a(kill.o)
                0x0000a34c                _kill
 .text._lseek   0x0000a35c       0x10 /opt/Freescale/KDS_v3/toolchain/bin/../lib/gcc/arm-none-eabi/4.8.4/../../../../arm-none-eabi/lib/armv6-m/libnosys.a(lseek.o)
                0x0000a35c                _lseek
 .text._sbrk    0x0000a36c       0x34 /opt/Freescale/KDS_v3/toolchain/bin/../lib/gcc/arm-none-eabi/4.8.4/../../../../arm-none-eabi/lib/armv6-m/libnosys.a(sbrk.o)
                0x0000a36c                _sbrk
 .text._exit    0x0000a3a0        0x4 /opt/Freescale/KDS_v3/toolchain/bin/../lib/gcc/arm-none-eabi/4.8.4/../../../../arm-none-eabi/lib/armv6-m/libnosys.a(_exit.o)
                0x0000a3a0                _exit
 *(.rodata)
 .rodata        0x0000a3a4       0x18 ./Sources/Interface/Serial.o
 .rodata        0x0000a3bc       0x44 ./Sources/Interface/debugUart.o
 .rodata        0x0000a400        0xc ./Sources/Interface/fsl_debug_console.o
 .rodata        0x0000a40c       0x38 ./Sources/Atraso/Motor.o
 .rodata        0x0000a444       0x44 ./Sources/mcg_hal.o
 .rodata        0x0000a488      0x228 /opt/Freescale/SKD1.3/lib/ksdk_platform_lib/kds/KL25Z4/debug/libksdk_platform.a(fsl_clock_MKL25Z4.o)
 .rodata        0x0000a6b0       0xc8 /opt/Freescale/SKD1.3/lib/ksdk_platform_lib/kds/KL25Z4/debug/libksdk_platform.a(fsl_clock_manager.o)
 .rodata        0x0000a778       0x40 /opt/Freescale/KDS_v3/toolchain/bin/../lib/gcc/arm-none-eabi/4.8.4/armv6-m/libgcc.a(divdf3.o)
 .rodata        0x0000a7b8       0x40 /opt/Freescale/KDS_v3/toolchain/bin/../lib/gcc/arm-none-eabi/4.8.4/armv6-m/libgcc.a(muldf3.o)
 .rodata        0x0000a7f8        0xc /opt/Freescale/KDS_v3/toolchain/bin/../lib/gcc/arm-none-eabi/4.8.4/../../../../arm-none-eabi/lib/armv6-m/libg_s.a(lib_a-vfscanf_i.o)
 *(.rodata*)
 .rodata.serial_ParseCommand
                0x0000a804       0xac ./Sources/Interface/Serial.o
 .rodata.__func__.6339
                0x0000a8b0       0x14 ./Sources/Interface/debugUart.o
 .rodata.WaitStop
                0x0000a8c4       0xd4 ./Sources/Atraso/Motor.o
 .rodata.g_defaultClockConfigRun
                0x0000a998       0x14 ./Sources/mcg_hal.o
                0x0000a998                g_defaultClockConfigRun
 .rodata.__func__.5200
                0x0000a9ac       0x14 ./Sources/mcg_hal.o
 .rodata.portGateTable
                0x0000a9c0        0x8 /opt/Freescale/SKD1.3/lib/ksdk_platform_lib/kds/KL25Z4/debug/libksdk_platform.a(fsl_clock_MKL25Z4.o)
 .rodata.uartGateTable
                0x0000a9c8        0x4 /opt/Freescale/SKD1.3/lib/ksdk_platform_lib/kds/KL25Z4/debug/libksdk_platform.a(fsl_clock_MKL25Z4.o)
 .rodata.__func__.6320
                0x0000a9cc       0x1c /opt/Freescale/SKD1.3/lib/ksdk_platform_lib/kds/KL25Z4/debug/libksdk_platform.a(fsl_clock_MKL25Z4.o)
 .rodata.__func__.6456
                0x0000a9e8       0x1c /opt/Freescale/SKD1.3/lib/ksdk_platform_lib/kds/KL25Z4/debug/libksdk_platform.a(fsl_clock_MKL25Z4.o)
 .rodata.__func__.6529
                0x0000aa04       0x1c /opt/Freescale/SKD1.3/lib/ksdk_platform_lib/kds/KL25Z4/debug/libksdk_platform.a(fsl_clock_MKL25Z4.o)
 .rodata.__func__.6534
                0x0000aa20       0x1c /opt/Freescale/SKD1.3/lib/ksdk_platform_lib/kds/KL25Z4/debug/libksdk_platform.a(fsl_clock_MKL25Z4.o)
 .rodata.mcgModeMatrix
                0x0000aa3c       0x40 /opt/Freescale/SKD1.3/lib/ksdk_platform_lib/kds/KL25Z4/debug/libksdk_platform.a(fsl_clock_manager.o)
 .rodata.CLOCK_SYS_SetMcgMode
                0x0000aa7c       0x20 /opt/Freescale/SKD1.3/lib/ksdk_platform_lib/kds/KL25Z4/debug/libksdk_platform.a(fsl_clock_manager.o)
 .rodata.__func__.6581
                0x0000aa9c       0x18 /opt/Freescale/SKD1.3/lib/ksdk_platform_lib/kds/KL25Z4/debug/libksdk_platform.a(fsl_clock_manager.o)
 .rodata.__func__.6614
                0x0000aab4       0x14 /opt/Freescale/SKD1.3/lib/ksdk_platform_lib/kds/KL25Z4/debug/libksdk_platform.a(fsl_clock_manager.o)
 .rodata.__func__.6631
                0x0000aac8       0x18 /opt/Freescale/SKD1.3/lib/ksdk_platform_lib/kds/KL25Z4/debug/libksdk_platform.a(fsl_clock_manager.o)
 .rodata.g_oscBase
                0x0000aae0        0x4 /opt/Freescale/SKD1.3/lib/ksdk_platform_lib/kds/KL25Z4/debug/libksdk_platform.a(fsl_clock_manager_common.o)
                0x0000aae0                g_oscBase
 .rodata.fllFactorTable.5209
                0x0000aae4       0x10 /opt/Freescale/SKD1.3/lib/ksdk_platform_lib/kds/KL25Z4/debug/libksdk_platform.a(fsl_mcg_hal.o)
 .rodata.str1.1
                0x0000aaf4       0x3c /opt/Freescale/KDS_v3/toolchain/bin/../lib/gcc/arm-none-eabi/4.8.4/../../../../arm-none-eabi/lib/armv6-m/libg_s.a(lib_a-assert.o)
                                 0x3d (size before relaxing)
 .rodata.str1.1
                0x0000ab30        0x2 /opt/Freescale/KDS_v3/toolchain/bin/../lib/gcc/arm-none-eabi/4.8.4/../../../../arm-none-eabi/lib/armv6-m/libg_s.a(lib_a-impure.o)
 *fill*         0x0000ab32        0x2 
 .rodata._global_impure_ptr
                0x0000ab34        0x4 /opt/Freescale/KDS_v3/toolchain/bin/../lib/gcc/arm-none-eabi/4.8.4/../../../../arm-none-eabi/lib/armv6-m/libg_s.a(lib_a-impure.o)
                0x0000ab34                _global_impure_ptr
 .rodata.str1.1
                0x0000ab38       0x11 /opt/Freescale/KDS_v3/toolchain/bin/../lib/gcc/arm-none-eabi/4.8.4/../../../../arm-none-eabi/lib/armv6-m/libg_s.a(lib_a-svfprintf.o)
 .rodata.str1.1
                0x00000000        0x4 /opt/Freescale/KDS_v3/toolchain/bin/../lib/gcc/arm-none-eabi/4.8.4/../../../../arm-none-eabi/lib/armv6-m/libg_s.a(lib_a-svfscanf.o)
 .rodata.str1.1
                0x00000000       0x11 /opt/Freescale/KDS_v3/toolchain/bin/../lib/gcc/arm-none-eabi/4.8.4/../../../../arm-none-eabi/lib/armv6-m/libg_s.a(lib_a-vfprintf.o)
 .rodata.str1.1
                0x0000ab49       0x10 /opt/Freescale/KDS_v3/toolchain/bin/../lib/gcc/arm-none-eabi/4.8.4/../../../../arm-none-eabi/lib/armv6-m/libg_s.a(lib_a-vfprintf_float.o)
                                 0x12 (size before relaxing)
 .rodata.str1.1
                0x0000ab59       0x22 /opt/Freescale/KDS_v3/toolchain/bin/../lib/gcc/arm-none-eabi/4.8.4/../../../../arm-none-eabi/lib/armv6-m/libg_s.a(lib_a-vfprintf_i.o)
 .rodata.str1.1
                0x0000ab7b        0x5 /opt/Freescale/KDS_v3/toolchain/bin/../lib/gcc/arm-none-eabi/4.8.4/../../../../arm-none-eabi/lib/armv6-m/libg_s.a(lib_a-vfscanf_float.o)
 .rodata.str1.1
                0x0000ab80       0x1b /opt/Freescale/KDS_v3/toolchain/bin/../lib/gcc/arm-none-eabi/4.8.4/../../../../arm-none-eabi/lib/armv6-m/libg_s.a(lib_a-vfscanf_i.o)
 .rodata._ctype_
                0x0000ab9b      0x101 /opt/Freescale/KDS_v3/toolchain/bin/../lib/gcc/arm-none-eabi/4.8.4/../../../../arm-none-eabi/lib/armv6-m/libg_s.a(lib_a-ctype_.o)
                0x0000ab9b                _ctype_
 .rodata.str1.1
                0x0000ac9c        0xd /opt/Freescale/KDS_v3/toolchain/bin/../lib/gcc/arm-none-eabi/4.8.4/../../../../arm-none-eabi/lib/armv6-m/libg_s.a(lib_a-dtoa.o)
                                  0xf (size before relaxing)
 *fill*         0x0000aca9        0x3 
 .rodata.__sf_fake_stdin
                0x0000acac       0x20 /opt/Freescale/KDS_v3/toolchain/bin/../lib/gcc/arm-none-eabi/4.8.4/../../../../arm-none-eabi/lib/armv6-m/libg_s.a(lib_a-findfp.o)
                0x0000acac                __sf_fake_stdin
 .rodata.__sf_fake_stdout
                0x0000accc       0x20 /opt/Freescale/KDS_v3/toolchain/bin/../lib/gcc/arm-none-eabi/4.8.4/../../../../arm-none-eabi/lib/armv6-m/libg_s.a(lib_a-findfp.o)
                0x0000accc                __sf_fake_stdout
 .rodata.__sf_fake_stderr
                0x0000acec       0x20 /opt/Freescale/KDS_v3/toolchain/bin/../lib/gcc/arm-none-eabi/4.8.4/../../../../arm-none-eabi/lib/armv6-m/libg_s.a(lib_a-findfp.o)
                0x0000acec                __sf_fake_stderr
 .rodata.str1.1
                0x0000ad0c        0x8 /opt/Freescale/KDS_v3/toolchain/bin/../lib/gcc/arm-none-eabi/4.8.4/../../../../arm-none-eabi/lib/armv6-m/libg_s.a(lib_a-locale.o)
                                  0xb (size before relaxing)
 *fill*         0x0000ad14        0x4 
 .rodata.__mprec_tens
                0x0000ad18       0xc8 /opt/Freescale/KDS_v3/toolchain/bin/../lib/gcc/arm-none-eabi/4.8.4/../../../../arm-none-eabi/lib/armv6-m/libg_s.a(lib_a-mprec.o)
                0x0000ad18                __mprec_tens
 .rodata.__mprec_bigtens
                0x0000ade0       0x28 /opt/Freescale/KDS_v3/toolchain/bin/../lib/gcc/arm-none-eabi/4.8.4/../../../../arm-none-eabi/lib/armv6-m/libg_s.a(lib_a-mprec.o)
                0x0000ade0                __mprec_bigtens
 .rodata.p05.5281
                0x0000ae08        0xc /opt/Freescale/KDS_v3/toolchain/bin/../lib/gcc/arm-none-eabi/4.8.4/../../../../arm-none-eabi/lib/armv6-m/libg_s.a(lib_a-mprec.o)
 *fill*         0x0000ae14        0x4 
 .rodata.tinytens
                0x0000ae18       0x28 /opt/Freescale/KDS_v3/toolchain/bin/../lib/gcc/arm-none-eabi/4.8.4/../../../../arm-none-eabi/lib/armv6-m/libg_s.a(lib_a-strtod.o)
 .rodata.fpi.5246
                0x0000ae40       0x14 /opt/Freescale/KDS_v3/toolchain/bin/../lib/gcc/arm-none-eabi/4.8.4/../../../../arm-none-eabi/lib/armv6-m/libg_s.a(lib_a-strtod.o)
 .rodata.str1.1
                0x00000000        0x8 /opt/Freescale/KDS_v3/toolchain/bin/../lib/gcc/arm-none-eabi/4.8.4/../../../../arm-none-eabi/lib/armv6-m/libg_s.a(lib_a-strtod.o)
                                  0xc (size before relaxing)
 .rodata.fpinan.5282
                0x0000ae54       0x14 /opt/Freescale/KDS_v3/toolchain/bin/../lib/gcc/arm-none-eabi/4.8.4/../../../../arm-none-eabi/lib/armv6-m/libg_s.a(lib_a-strtod.o)
 *(.glue_7)
 .glue_7        0x00000000        0x0 linker stubs
 *(.glue_7t)
 .glue_7t       0x00000000        0x0 linker stubs
 *(.eh_frame)
 .eh_frame      0x0000ae68        0x0 /opt/Freescale/KDS_v3/toolchain/bin/../lib/gcc/arm-none-eabi/4.8.4/armv6-m/crtbegin.o
 *(.init)
 .init          0x0000ae68        0x4 /opt/Freescale/KDS_v3/toolchain/bin/../lib/gcc/arm-none-eabi/4.8.4/armv6-m/crti.o
                0x0000ae68                _init
 .init          0x0000ae6c        0x8 /opt/Freescale/KDS_v3/toolchain/bin/../lib/gcc/arm-none-eabi/4.8.4/armv6-m/crtn.o
 *(.fini)
 .fini          0x0000ae74        0x4 /opt/Freescale/KDS_v3/toolchain/bin/../lib/gcc/arm-none-eabi/4.8.4/armv6-m/crti.o
                0x0000ae74                _fini
 .fini          0x0000ae78        0x8 /opt/Freescale/KDS_v3/toolchain/bin/../lib/gcc/arm-none-eabi/4.8.4/armv6-m/crtn.o
                0x0000ae80                . = ALIGN (0x4)

.vfp11_veneer   0x0000ae80        0x0
 .vfp11_veneer  0x00000000        0x0 linker stubs

.v4_bx          0x0000ae80        0x0
 .v4_bx         0x00000000        0x0 linker stubs

.iplt           0x0000ae80        0x0
 .iplt          0x00000000        0x0 /opt/Freescale/KDS_v3/toolchain/bin/../lib/gcc/arm-none-eabi/4.8.4/armv6-m/crtbegin.o

.ARM.extab
 *(.ARM.extab* .gnu.linkonce.armextab.*)

.ARM            0x0000ae80        0x8
                0x0000ae80                __exidx_start = .
 *(.ARM.exidx*)
 .ARM.exidx     0x0000ae80        0x8 /opt/Freescale/KDS_v3/toolchain/bin/../lib/gcc/arm-none-eabi/4.8.4/../../../../arm-none-eabi/lib/armv6-m/crt0.o
                0x0000ae88                __exidx_end = .

.rel.dyn        0x0000ae88        0x0
 .rel.iplt      0x00000000        0x0 /opt/Freescale/KDS_v3/toolchain/bin/../lib/gcc/arm-none-eabi/4.8.4/armv6-m/crtbegin.o

.ctors          0x0000ae88        0x0
                0x0000ae88                __CTOR_LIST__ = .
 *crtbegin.o(.ctors)
 *crtbegin?.o(.ctors)
 *(EXCLUDE_FILE(*crtend.o *crtend?.o) .ctors)
 *(SORT(.ctors.*))
 *(.ctors)
                0x0000ae88                __CTOR_END__ = .

.dtors          0x0000ae88        0x0
                0x0000ae88                __DTOR_LIST__ = .
 *crtbegin.o(.dtors)
 *crtbegin?.o(.dtors)
 *(EXCLUDE_FILE(*crtend.o *crtend?.o) .dtors)
 *(SORT(.dtors.*))
 *(.dtors)
                0x0000ae88                __DTOR_END__ = .

.preinit_array  0x0000ae88        0x0
                0x0000ae88                PROVIDE (__preinit_array_start, .)
 *(.preinit_array*)
                0x0000ae88                PROVIDE (__preinit_array_end, .)

.init_array     0x0000ae88        0x4
                0x0000ae88                PROVIDE (__init_array_start, .)
 *(SORT(.init_array.*))
 *(.init_array*)
 .init_array    0x0000ae88        0x4 /opt/Freescale/KDS_v3/toolchain/bin/../lib/gcc/arm-none-eabi/4.8.4/armv6-m/crtbegin.o
                0x0000ae8c                PROVIDE (__init_array_end, .)

.fini_array     0x0000ae8c        0x4
                0x0000ae8c                PROVIDE (__fini_array_start, .)
 *(SORT(.fini_array.*))
 *(.fini_array*)
 .fini_array    0x0000ae8c        0x4 /opt/Freescale/KDS_v3/toolchain/bin/../lib/gcc/arm-none-eabi/4.8.4/armv6-m/crtbegin.o
                0x0000ae90                PROVIDE (__fini_array_end, .)
                0x0000ae90                __etext = .
                0x0000ae90                __DATA_ROM = .

.mtb            0x1ffff000        0x0
                0x1ffff000                . = ALIGN (0x8)
                0x1ffff000                _mtb_start = .
 *(.mtb_buf)
                0x1ffff000                . = ALIGN (0x8)
                0x1ffff000                _mtb_end = .

.interrupts_ram
                0x1ffff000        0x0
                0x1ffff000                . = ALIGN (0x4)
                0x1ffff000                __VECTOR_RAM__ = .
                0x1ffff000                __interrupts_ram_start__ = .
 *(.m_interrupts_ram)
                0x1ffff000                . = (. + M_VECTOR_RAM_SIZE)
                0x1ffff000                . = ALIGN (0x4)
                0x1ffff000                __interrupts_ram_end__ = .
                0x00000000                __VECTOR_RAM = DEFINED (__ram_vector_table__)?__VECTOR_RAM__:ORIGIN (m_interrupts)
                0x00000000                __RAM_VECTOR_TABLE_SIZE_BYTES = DEFINED (__ram_vector_table__)?(__interrupts_ram_end__ - __interrupts_ram_start__):0x0

.data           0x1ffff000       0xb0 load address 0x0000ae90
                0x1ffff000                . = ALIGN (0x4)
                0x1ffff000                __DATA_RAM = .
                0x1ffff000                __data_start__ = .
 *(.data)
 *(.data*)
 .data.SystemCoreClock
                0x1ffff000        0x4 ./Project_Settings/Startup_Code/system_MKL25Z4.o
                0x1ffff000                SystemCoreClock
 .data.g_fastInternalRefClkFreq
                0x1ffff004        0x4 /opt/Freescale/SKD1.3/lib/ksdk_platform_lib/kds/KL25Z4/debug/libksdk_platform.a(fsl_mcg_hal.o)
                0x1ffff004                g_fastInternalRefClkFreq
 .data.g_slowInternalRefClkFreq
                0x1ffff008        0x4 /opt/Freescale/SKD1.3/lib/ksdk_platform_lib/kds/KL25Z4/debug/libksdk_platform.a(fsl_mcg_hal.o)
                0x1ffff008                g_slowInternalRefClkFreq
 .data.impure_data
                0x1ffff00c       0x60 /opt/Freescale/KDS_v3/toolchain/bin/../lib/gcc/arm-none-eabi/4.8.4/../../../../arm-none-eabi/lib/armv6-m/libg_s.a(lib_a-impure.o)
 .data._impure_ptr
                0x1ffff06c        0x4 /opt/Freescale/KDS_v3/toolchain/bin/../lib/gcc/arm-none-eabi/4.8.4/../../../../arm-none-eabi/lib/armv6-m/libg_s.a(lib_a-impure.o)
                0x1ffff06c                _impure_ptr
 .data.__ctype_ptr__
                0x1ffff070        0x4 /opt/Freescale/KDS_v3/toolchain/bin/../lib/gcc/arm-none-eabi/4.8.4/../../../../arm-none-eabi/lib/armv6-m/libg_s.a(lib_a-ctype_.o)
                0x1ffff070                __ctype_ptr__
 .data.lconv    0x1ffff074       0x38 /opt/Freescale/KDS_v3/toolchain/bin/../lib/gcc/arm-none-eabi/4.8.4/../../../../arm-none-eabi/lib/armv6-m/libg_s.a(lib_a-locale.o)
 *(.jcr*)
 .jcr           0x1ffff0ac        0x0 /opt/Freescale/KDS_v3/toolchain/bin/../lib/gcc/arm-none-eabi/4.8.4/armv6-m/crtbegin.o
 .jcr           0x1ffff0ac        0x4 /opt/Freescale/KDS_v3/toolchain/bin/../lib/gcc/arm-none-eabi/4.8.4/armv6-m/crtend.o
                0x1ffff0b0                . = ALIGN (0x4)
                0x1ffff0b0                __data_end__ = .
                0x0000af40                __DATA_END = (__DATA_ROM + (__data_end__ - __data_start__))
                0x00020000                text_end = (ORIGIN (m_text) + 0x1fbf0)
                0x00000001                ASSERT ((__DATA_END <= text_end), region m_text overflowed with text and data)

.igot.plt       0x1ffff0b0        0x0 load address 0x0000af40
 .igot.plt      0x00000000        0x0 /opt/Freescale/KDS_v3/toolchain/bin/../lib/gcc/arm-none-eabi/4.8.4/armv6-m/crtbegin.o

.bss            0x1ffff0b0      0x164 load address 0x0000af40
                0x1ffff0b0                . = ALIGN (0x4)
                0x1ffff0b0                __START_BSS = .
                0x1ffff0b0                __bss_start__ = .
 *(.bss)
 .bss           0x1ffff0b0       0x1c /opt/Freescale/KDS_v3/toolchain/bin/../lib/gcc/arm-none-eabi/4.8.4/armv6-m/crtbegin.o
 *(.bss*)
 .bss.iTP       0x1ffff0cc        0x4 ./Sources/Interface/Serial.o
                0x1ffff0cc                iTP
 .bss.iFP       0x1ffff0d0        0x4 ./Sources/Interface/Serial.o
                0x1ffff0d0                iFP
 .bss.iTI       0x1ffff0d4        0x4 ./Sources/Interface/Serial.o
                0x1ffff0d4                iTI
 .bss.iFI       0x1ffff0d8        0x4 ./Sources/Interface/Serial.o
                0x1ffff0d8                iFI
 .bss.iTF       0x1ffff0dc        0x4 ./Sources/Interface/Serial.o
                0x1ffff0dc                iTF
 .bss.iFF       0x1ffff0e0        0x4 ./Sources/Interface/Serial.o
                0x1ffff0e0                iFF
 .bss.ucStart   0x1ffff0e4        0x1 ./Sources/Interface/Serial.o
                0x1ffff0e4                ucStart
 .bss.count     0x1ffff0e5        0x1 ./Sources/Interface/Serial.o
                0x1ffff0e5                count
 *fill*         0x1ffff0e6        0x2 
 .bss.s_debugConsole
                0x1ffff0e8       0x10 ./Sources/Interface/fsl_debug_console.o
 .bss.timeout   0x1ffff0f8        0x4 ./Sources/Atraso/Motor.o
                0x1ffff0f8                timeout
 .bss.g_xtal0ClkFreq
                0x1ffff0fc        0x4 /opt/Freescale/SKD1.3/lib/ksdk_platform_lib/kds/KL25Z4/debug/libksdk_platform.a(fsl_mcg_hal.o)
                0x1ffff0fc                g_xtal0ClkFreq
 .bss.g_xtalRtcClkFreq
                0x1ffff100        0x4 /opt/Freescale/SKD1.3/lib/ksdk_platform_lib/kds/KL25Z4/debug/libksdk_platform.a(fsl_mcg_hal.o)
                0x1ffff100                g_xtalRtcClkFreq
 .bss.__malloc_sbrk_start
                0x1ffff104        0x4 /opt/Freescale/KDS_v3/toolchain/bin/../lib/gcc/arm-none-eabi/4.8.4/../../../../arm-none-eabi/lib/armv6-m/libg_s.a(lib_a-nano-mallocr.o)
                0x1ffff104                __malloc_sbrk_start
 .bss.__malloc_free_list
                0x1ffff108        0x4 /opt/Freescale/KDS_v3/toolchain/bin/../lib/gcc/arm-none-eabi/4.8.4/../../../../arm-none-eabi/lib/armv6-m/libg_s.a(lib_a-nano-mallocr.o)
                0x1ffff108                __malloc_free_list
 .bss.heap_end.4246
                0x1ffff10c        0x4 /opt/Freescale/KDS_v3/toolchain/bin/../lib/gcc/arm-none-eabi/4.8.4/../../../../arm-none-eabi/lib/armv6-m/libnosys.a(sbrk.o)
 *(COMMON)
 COMMON         0x1ffff110      0x100 ./Sources/Interface/Serial.o
                0x1ffff110                cmd
 COMMON         0x1ffff210        0x4 /opt/Freescale/KDS_v3/toolchain/bin/../lib/gcc/arm-none-eabi/4.8.4/../../../../arm-none-eabi/lib/armv6-m/libg_s.a(lib_a-reent.o)
                0x1ffff210                errno
                0x1ffff214                . = ALIGN (0x4)
                0x1ffff214                __bss_end__ = .
                0x1ffff214                __END_BSS = .

.heap           0x1ffff214      0x404 load address 0x0000b0a4
                0x1ffff218                . = ALIGN (0x8)
 *fill*         0x1ffff214        0x4 
                0x1ffff218                __end__ = .
                0x1ffff218                PROVIDE (end, .)
                0x1ffff218                __HeapBase = .
                0x1ffff618                . = (. + HEAP_SIZE)
 *fill*         0x1ffff218      0x400 
                0x1ffff618                __HeapLimit = .

.stack          0x1ffff618      0x400 load address 0x0000b4a8
                0x1ffff618                . = ALIGN (0x8)
                0x1ffffa18                . = (. + STACK_SIZE)
 *fill*         0x1ffff618      0x400 
                0x20003000                __StackTop = (ORIGIN (m_data) + 0x4000)
                0x20002c00                __StackLimit = (__StackTop - STACK_SIZE)
                0x20003000                PROVIDE (__stack, __StackTop)

.ARM.attributes
                0x00000000       0x28
 *(.ARM.attributes)
 .ARM.attributes
                0x00000000       0x1e /opt/Freescale/KDS_v3/toolchain/bin/../lib/gcc/arm-none-eabi/4.8.4/armv6-m/crti.o
 .ARM.attributes
                0x0000001e       0x2c /opt/Freescale/KDS_v3/toolchain/bin/../lib/gcc/arm-none-eabi/4.8.4/armv6-m/crtbegin.o
 .ARM.attributes
                0x0000004a       0x1b /opt/Freescale/KDS_v3/toolchain/bin/../lib/gcc/arm-none-eabi/4.8.4/../../../../arm-none-eabi/lib/armv6-m/crt0.o
 .ARM.attributes
                0x00000065       0x32 ./Sources/Interface/Serial.o
 .ARM.attributes
                0x00000097       0x32 ./Sources/Interface/debugUart.o
 .ARM.attributes
                0x000000c9       0x32 ./Sources/Interface/fsl_debug_console.o
 .ARM.attributes
                0x000000fb       0x32 ./Sources/Detector/Detector.o
 .ARM.attributes
                0x0000012d       0x32 ./Sources/Atraso/Atraso.o
 .ARM.attributes
                0x0000015f       0x32 ./Sources/Atraso/Motor.o
 .ARM.attributes
                0x00000191       0x32 ./Sources/Atraso/Timer.o
 .ARM.attributes
                0x000001c3       0x32 ./Sources/Atraso/Uart.o
 .ARM.attributes
                0x000001f5       0x32 ./Sources/main.o
 .ARM.attributes
                0x00000227       0x32 ./Sources/mcg_hal.o
 .ARM.attributes
                0x00000259       0x32 ./Project_Settings/Startup_Code/startup.o
 .ARM.attributes
                0x0000028b       0x1b ./Project_Settings/Startup_Code/startup_MKL25Z4.o
 .ARM.attributes
                0x000002a6       0x32 ./Project_Settings/Startup_Code/system_MKL25Z4.o
 .ARM.attributes
                0x000002d8       0x32 /opt/Freescale/SKD1.3/lib/ksdk_platform_lib/kds/KL25Z4/debug/libksdk_platform.a(fsl_uart_hal.o)
 .ARM.attributes
                0x0000030a       0x32 /opt/Freescale/SKD1.3/lib/ksdk_platform_lib/kds/KL25Z4/debug/libksdk_platform.a(fsl_lpsci_hal.o)
 .ARM.attributes
                0x0000033c       0x32 /opt/Freescale/SKD1.3/lib/ksdk_platform_lib/kds/KL25Z4/debug/libksdk_platform.a(fsl_clock_MKL25Z4.o)
 .ARM.attributes
                0x0000036e       0x32 /opt/Freescale/SKD1.3/lib/ksdk_platform_lib/kds/KL25Z4/debug/libksdk_platform.a(fsl_clock_manager.o)
 .ARM.attributes
                0x000003a0       0x32 /opt/Freescale/SKD1.3/lib/ksdk_platform_lib/kds/KL25Z4/debug/libksdk_platform.a(fsl_clock_manager_common.o)
 .ARM.attributes
                0x000003d2       0x32 /opt/Freescale/SKD1.3/lib/ksdk_platform_lib/kds/KL25Z4/debug/libksdk_platform.a(fsl_sim_hal_MKL25Z4.o)
 .ARM.attributes
                0x00000404       0x32 /opt/Freescale/SKD1.3/lib/ksdk_platform_lib/kds/KL25Z4/debug/libksdk_platform.a(fsl_osc_hal.o)
 .ARM.attributes
                0x00000436       0x32 /opt/Freescale/SKD1.3/lib/ksdk_platform_lib/kds/KL25Z4/debug/libksdk_platform.a(fsl_mcg_hal.o)
 .ARM.attributes
                0x00000468       0x32 /opt/Freescale/SKD1.3/lib/ksdk_platform_lib/kds/KL25Z4/debug/libksdk_platform.a(fsl_mcg_hal_modes.o)
 .ARM.attributes
                0x0000049a       0x1e /opt/Freescale/KDS_v3/toolchain/bin/../lib/gcc/arm-none-eabi/4.8.4/armv6-m/libgcc.a(_udivsi3.o)
 .ARM.attributes
                0x000004b8       0x1e /opt/Freescale/KDS_v3/toolchain/bin/../lib/gcc/arm-none-eabi/4.8.4/armv6-m/libgcc.a(_dvmd_tls.o)
 .ARM.attributes
                0x000004d6       0x1e /opt/Freescale/KDS_v3/toolchain/bin/../lib/gcc/arm-none-eabi/4.8.4/armv6-m/libgcc.a(_arm_cmpdf2.o)
 .ARM.attributes
                0x000004f4       0x2c /opt/Freescale/KDS_v3/toolchain/bin/../lib/gcc/arm-none-eabi/4.8.4/armv6-m/libgcc.a(adddf3.o)
 .ARM.attributes
                0x00000520       0x2c /opt/Freescale/KDS_v3/toolchain/bin/../lib/gcc/arm-none-eabi/4.8.4/armv6-m/libgcc.a(divdf3.o)
 .ARM.attributes
                0x0000054c       0x2c /opt/Freescale/KDS_v3/toolchain/bin/../lib/gcc/arm-none-eabi/4.8.4/armv6-m/libgcc.a(eqdf2.o)
 .ARM.attributes
                0x00000578       0x2c /opt/Freescale/KDS_v3/toolchain/bin/../lib/gcc/arm-none-eabi/4.8.4/armv6-m/libgcc.a(gedf2.o)
 .ARM.attributes
                0x000005a4       0x2c /opt/Freescale/KDS_v3/toolchain/bin/../lib/gcc/arm-none-eabi/4.8.4/armv6-m/libgcc.a(ledf2.o)
 .ARM.attributes
                0x000005d0       0x2c /opt/Freescale/KDS_v3/toolchain/bin/../lib/gcc/arm-none-eabi/4.8.4/armv6-m/libgcc.a(muldf3.o)
 .ARM.attributes
                0x000005fc       0x2c /opt/Freescale/KDS_v3/toolchain/bin/../lib/gcc/arm-none-eabi/4.8.4/armv6-m/libgcc.a(floatsidf.o)
 .ARM.attributes
                0x00000628       0x1e /opt/Freescale/KDS_v3/toolchain/bin/../lib/gcc/arm-none-eabi/4.8.4/armv6-m/libgcc.a(_clzsi2.o)
 .ARM.attributes
                0x00000646       0x2c /opt/Freescale/KDS_v3/toolchain/bin/../lib/gcc/arm-none-eabi/4.8.4/../../../../arm-none-eabi/lib/armv6-m/libg_s.a(lib_a-assert.o)
 .ARM.attributes
                0x00000672       0x2c /opt/Freescale/KDS_v3/toolchain/bin/../lib/gcc/arm-none-eabi/4.8.4/../../../../arm-none-eabi/lib/armv6-m/libg_s.a(lib_a-exit.o)
 .ARM.attributes
                0x0000069e       0x2c /opt/Freescale/KDS_v3/toolchain/bin/../lib/gcc/arm-none-eabi/4.8.4/../../../../arm-none-eabi/lib/armv6-m/libg_s.a(lib_a-fprintf.o)
 .ARM.attributes
                0x000006ca       0x2c /opt/Freescale/KDS_v3/toolchain/bin/../lib/gcc/arm-none-eabi/4.8.4/../../../../arm-none-eabi/lib/armv6-m/libg_s.a(lib_a-impure.o)
 .ARM.attributes
                0x000006f6       0x2c /opt/Freescale/KDS_v3/toolchain/bin/../lib/gcc/arm-none-eabi/4.8.4/../../../../arm-none-eabi/lib/armv6-m/libg_s.a(lib_a-init.o)
 .ARM.attributes
                0x00000722       0x2c /opt/Freescale/KDS_v3/toolchain/bin/../lib/gcc/arm-none-eabi/4.8.4/../../../../arm-none-eabi/lib/armv6-m/libg_s.a(lib_a-malloc.o)
 .ARM.attributes
                0x0000074e       0x2c /opt/Freescale/KDS_v3/toolchain/bin/../lib/gcc/arm-none-eabi/4.8.4/../../../../arm-none-eabi/lib/armv6-m/libg_s.a(lib_a-memset.o)
 .ARM.attributes
                0x0000077a       0x2c /opt/Freescale/KDS_v3/toolchain/bin/../lib/gcc/arm-none-eabi/4.8.4/../../../../arm-none-eabi/lib/armv6-m/libg_s.a(lib_a-nano-callocr.o)
 .ARM.attributes
                0x000007a6       0x2c /opt/Freescale/KDS_v3/toolchain/bin/../lib/gcc/arm-none-eabi/4.8.4/../../../../arm-none-eabi/lib/armv6-m/libg_s.a(lib_a-nano-freer.o)
 .ARM.attributes
                0x000007d2       0x2c /opt/Freescale/KDS_v3/toolchain/bin/../lib/gcc/arm-none-eabi/4.8.4/../../../../arm-none-eabi/lib/armv6-m/libg_s.a(lib_a-nano-mallocr.o)
 .ARM.attributes
                0x000007fe       0x2c /opt/Freescale/KDS_v3/toolchain/bin/../lib/gcc/arm-none-eabi/4.8.4/../../../../arm-none-eabi/lib/armv6-m/libg_s.a(lib_a-sbrkr.o)
 .ARM.attributes
                0x0000082a       0x2c /opt/Freescale/KDS_v3/toolchain/bin/../lib/gcc/arm-none-eabi/4.8.4/../../../../arm-none-eabi/lib/armv6-m/libg_s.a(lib_a-sprintf.o)
 .ARM.attributes
                0x00000856       0x2c /opt/Freescale/KDS_v3/toolchain/bin/../lib/gcc/arm-none-eabi/4.8.4/../../../../arm-none-eabi/lib/armv6-m/libg_s.a(lib_a-sscanf.o)
 .ARM.attributes
                0x00000882       0x2c /opt/Freescale/KDS_v3/toolchain/bin/../lib/gcc/arm-none-eabi/4.8.4/../../../../arm-none-eabi/lib/armv6-m/libg_s.a(lib_a-stdio.o)
 .ARM.attributes
                0x000008ae       0x2c /opt/Freescale/KDS_v3/toolchain/bin/../lib/gcc/arm-none-eabi/4.8.4/../../../../arm-none-eabi/lib/armv6-m/libg_s.a(lib_a-strlen.o)
 .ARM.attributes
                0x000008da       0x2c /opt/Freescale/KDS_v3/toolchain/bin/../lib/gcc/arm-none-eabi/4.8.4/../../../../arm-none-eabi/lib/armv6-m/libg_s.a(lib_a-svfprintf.o)
 .ARM.attributes
                0x00000906       0x2c /opt/Freescale/KDS_v3/toolchain/bin/../lib/gcc/arm-none-eabi/4.8.4/../../../../arm-none-eabi/lib/armv6-m/libg_s.a(lib_a-svfscanf.o)
 .ARM.attributes
                0x00000932       0x2c /opt/Freescale/KDS_v3/toolchain/bin/../lib/gcc/arm-none-eabi/4.8.4/../../../../arm-none-eabi/lib/armv6-m/libg_s.a(lib_a-ungetc.o)
 .ARM.attributes
                0x0000095e       0x2c /opt/Freescale/KDS_v3/toolchain/bin/../lib/gcc/arm-none-eabi/4.8.4/../../../../arm-none-eabi/lib/armv6-m/libg_s.a(lib_a-vfprintf.o)
 .ARM.attributes
                0x0000098a       0x2c /opt/Freescale/KDS_v3/toolchain/bin/../lib/gcc/arm-none-eabi/4.8.4/../../../../arm-none-eabi/lib/armv6-m/libg_s.a(lib_a-vfprintf_float.o)
 .ARM.attributes
                0x000009b6       0x2c /opt/Freescale/KDS_v3/toolchain/bin/../lib/gcc/arm-none-eabi/4.8.4/../../../../arm-none-eabi/lib/armv6-m/libg_s.a(lib_a-vfprintf_i.o)
 .ARM.attributes
                0x000009e2       0x2c /opt/Freescale/KDS_v3/toolchain/bin/../lib/gcc/arm-none-eabi/4.8.4/../../../../arm-none-eabi/lib/armv6-m/libg_s.a(lib_a-vfscanf_float.o)
 .ARM.attributes
                0x00000a0e       0x2c /opt/Freescale/KDS_v3/toolchain/bin/../lib/gcc/arm-none-eabi/4.8.4/../../../../arm-none-eabi/lib/armv6-m/libg_s.a(lib_a-vfscanf_i.o)
 .ARM.attributes
                0x00000a3a       0x2c /opt/Freescale/KDS_v3/toolchain/bin/../lib/gcc/arm-none-eabi/4.8.4/../../../../arm-none-eabi/lib/armv6-m/libg_s.a(lib_a-wbuf.o)
 .ARM.attributes
                0x00000a66       0x2c /opt/Freescale/KDS_v3/toolchain/bin/../lib/gcc/arm-none-eabi/4.8.4/../../../../arm-none-eabi/lib/armv6-m/libg_s.a(lib_a-writer.o)
 .ARM.attributes
                0x00000a92       0x2c /opt/Freescale/KDS_v3/toolchain/bin/../lib/gcc/arm-none-eabi/4.8.4/../../../../arm-none-eabi/lib/armv6-m/libg_s.a(lib_a-wsetup.o)
 .ARM.attributes
                0x00000abe       0x2c /opt/Freescale/KDS_v3/toolchain/bin/../lib/gcc/arm-none-eabi/4.8.4/../../../../arm-none-eabi/lib/armv6-m/libg_s.a(lib_a-abort.o)
 .ARM.attributes
                0x00000aea       0x2c /opt/Freescale/KDS_v3/toolchain/bin/../lib/gcc/arm-none-eabi/4.8.4/../../../../arm-none-eabi/lib/armv6-m/libg_s.a(lib_a-closer.o)
 .ARM.attributes
                0x00000b16       0x2c /opt/Freescale/KDS_v3/toolchain/bin/../lib/gcc/arm-none-eabi/4.8.4/../../../../arm-none-eabi/lib/armv6-m/libg_s.a(lib_a-ctype_.o)
 .ARM.attributes
                0x00000b42       0x2c /opt/Freescale/KDS_v3/toolchain/bin/../lib/gcc/arm-none-eabi/4.8.4/../../../../arm-none-eabi/lib/armv6-m/libg_s.a(lib_a-dtoa.o)
 .ARM.attributes
                0x00000b6e       0x2c /opt/Freescale/KDS_v3/toolchain/bin/../lib/gcc/arm-none-eabi/4.8.4/../../../../arm-none-eabi/lib/armv6-m/libg_s.a(lib_a-fflush.o)
 .ARM.attributes
                0x00000b9a       0x2c /opt/Freescale/KDS_v3/toolchain/bin/../lib/gcc/arm-none-eabi/4.8.4/../../../../arm-none-eabi/lib/armv6-m/libg_s.a(lib_a-findfp.o)
 .ARM.attributes
                0x00000bc6       0x2c /opt/Freescale/KDS_v3/toolchain/bin/../lib/gcc/arm-none-eabi/4.8.4/../../../../arm-none-eabi/lib/armv6-m/libg_s.a(lib_a-locale.o)
 .ARM.attributes
                0x00000bf2       0x2c /opt/Freescale/KDS_v3/toolchain/bin/../lib/gcc/arm-none-eabi/4.8.4/../../../../arm-none-eabi/lib/armv6-m/libg_s.a(lib_a-lseekr.o)
 .ARM.attributes
                0x00000c1e       0x2c /opt/Freescale/KDS_v3/toolchain/bin/../lib/gcc/arm-none-eabi/4.8.4/../../../../arm-none-eabi/lib/armv6-m/libg_s.a(lib_a-makebuf.o)
 .ARM.attributes
                0x00000c4a       0x2c /opt/Freescale/KDS_v3/toolchain/bin/../lib/gcc/arm-none-eabi/4.8.4/../../../../arm-none-eabi/lib/armv6-m/libg_s.a(lib_a-memchr-stub.o)
 .ARM.attributes
                0x00000c76       0x2c /opt/Freescale/KDS_v3/toolchain/bin/../lib/gcc/arm-none-eabi/4.8.4/../../../../arm-none-eabi/lib/armv6-m/libg_s.a(lib_a-memcpy-stub.o)
 .ARM.attributes
                0x00000ca2       0x2c /opt/Freescale/KDS_v3/toolchain/bin/../lib/gcc/arm-none-eabi/4.8.4/../../../../arm-none-eabi/lib/armv6-m/libg_s.a(lib_a-memmove.o)
 .ARM.attributes
                0x00000cce       0x2c /opt/Freescale/KDS_v3/toolchain/bin/../lib/gcc/arm-none-eabi/4.8.4/../../../../arm-none-eabi/lib/armv6-m/libg_s.a(lib_a-mprec.o)
 .ARM.attributes
                0x00000cfa       0x2c /opt/Freescale/KDS_v3/toolchain/bin/../lib/gcc/arm-none-eabi/4.8.4/../../../../arm-none-eabi/lib/armv6-m/libg_s.a(lib_a-nano-reallocr.o)
 .ARM.attributes
                0x00000d26       0x2c /opt/Freescale/KDS_v3/toolchain/bin/../lib/gcc/arm-none-eabi/4.8.4/../../../../arm-none-eabi/lib/armv6-m/libg_s.a(lib_a-readr.o)
 .ARM.attributes
                0x00000d52       0x2c /opt/Freescale/KDS_v3/toolchain/bin/../lib/gcc/arm-none-eabi/4.8.4/../../../../arm-none-eabi/lib/armv6-m/libg_s.a(lib_a-reent.o)
 .ARM.attributes
                0x00000d7e       0x2c /opt/Freescale/KDS_v3/toolchain/bin/../lib/gcc/arm-none-eabi/4.8.4/../../../../arm-none-eabi/lib/armv6-m/libg_s.a(lib_a-s_fpclassify.o)
 .ARM.attributes
                0x00000daa       0x2c /opt/Freescale/KDS_v3/toolchain/bin/../lib/gcc/arm-none-eabi/4.8.4/../../../../arm-none-eabi/lib/armv6-m/libg_s.a(lib_a-sccl.o)
 .ARM.attributes
                0x00000dd6       0x2c /opt/Freescale/KDS_v3/toolchain/bin/../lib/gcc/arm-none-eabi/4.8.4/../../../../arm-none-eabi/lib/armv6-m/libg_s.a(lib_a-sf_nan.o)
 .ARM.attributes
                0x00000e02       0x2c /opt/Freescale/KDS_v3/toolchain/bin/../lib/gcc/arm-none-eabi/4.8.4/../../../../arm-none-eabi/lib/armv6-m/libg_s.a(lib_a-signal.o)
 .ARM.attributes
                0x00000e2e       0x2c /opt/Freescale/KDS_v3/toolchain/bin/../lib/gcc/arm-none-eabi/4.8.4/../../../../arm-none-eabi/lib/armv6-m/libg_s.a(lib_a-signalr.o)
 .ARM.attributes
                0x00000e5a       0x2c /opt/Freescale/KDS_v3/toolchain/bin/../lib/gcc/arm-none-eabi/4.8.4/../../../../arm-none-eabi/lib/armv6-m/libg_s.a(lib_a-strtod.o)
 .ARM.attributes
                0x00000e86       0x2c /opt/Freescale/KDS_v3/toolchain/bin/../lib/gcc/arm-none-eabi/4.8.4/../../../../arm-none-eabi/lib/armv6-m/libg_s.a(lib_a-strtol.o)
 .ARM.attributes
                0x00000eb2       0x2c /opt/Freescale/KDS_v3/toolchain/bin/../lib/gcc/arm-none-eabi/4.8.4/../../../../arm-none-eabi/lib/armv6-m/libg_s.a(lib_a-strtoul.o)
 .ARM.attributes
                0x00000ede       0x2c /opt/Freescale/KDS_v3/toolchain/bin/../lib/gcc/arm-none-eabi/4.8.4/../../../../arm-none-eabi/lib/armv6-m/libg_s.a(lib_a-fstatr.o)
 .ARM.attributes
                0x00000f0a       0x2c /opt/Freescale/KDS_v3/toolchain/bin/../lib/gcc/arm-none-eabi/4.8.4/../../../../arm-none-eabi/lib/armv6-m/libg_s.a(lib_a-gdtoa-gethex.o)
 .ARM.attributes
                0x00000f36       0x2c /opt/Freescale/KDS_v3/toolchain/bin/../lib/gcc/arm-none-eabi/4.8.4/../../../../arm-none-eabi/lib/armv6-m/libg_s.a(lib_a-gdtoa-hexnan.o)
 .ARM.attributes