Archive member included because of file (symbol)

/opt/Freescale/SKD1.3/lib/ksdk_platform_lib/kds/KL25Z4/debug/libksdk_platform.a(fsl_uart_hal.o)
                              ./Sources/Interface/fsl_debug_console.o (UART_HAL_SetBaudRate)
/opt/Freescale/SKD1.3/lib/ksdk_platform_lib/kds/KL25Z4/debug/libksdk_platform.a(fsl_lpsci_hal.o)
                              ./Sources/Interface/fsl_debug_console.o (LPSCI_HAL_SetBaudRate)
/opt/Freescale/SKD1.3/lib/ksdk_platform_lib/kds/KL25Z4/debug/libksdk_platform.a(fsl_clock_MKL25Z4.o)
                              ./Sources/mcg_hal.o (CLOCK_SYS_SetConfiguration)
/opt/Freescale/SKD1.3/lib/ksdk_platform_lib/kds/KL25Z4/debug/libksdk_platform.a(fsl_clock_manager.o)
                              /opt/Freescale/SKD1.3/lib/ksdk_platform_lib/kds/KL25Z4/debug/libksdk_platform.a(fsl_clock_MKL25Z4.o) (CLOCK_SYS_GetSystickFreq)
/opt/Freescale/SKD1.3/lib/ksdk_platform_lib/kds/KL25Z4/debug/libksdk_platform.a(fsl_clock_manager_common.o)
                              /opt/Freescale/SKD1.3/lib/ksdk_platform_lib/kds/KL25Z4/debug/libksdk_platform.a(fsl_clock_MKL25Z4.o) (g_oscBase)
/opt/Freescale/SKD1.3/lib/ksdk_platform_lib/kds/KL25Z4/debug/libksdk_platform.a(fsl_os_abstraction_bm.o)
                              /opt/Freescale/SKD1.3/lib/ksdk_platform_lib/kds/KL25Z4/debug/libksdk_platform.a(fsl_clock_manager.o) (OSA_EnterCritical)
/opt/Freescale/SKD1.3/lib/ksdk_platform_lib/kds/KL25Z4/debug/libksdk_platform.a(fsl_sim_hal_MKL25Z4.o)
                              /opt/Freescale/SKD1.3/lib/ksdk_platform_lib/kds/KL25Z4/debug/libksdk_platform.a(fsl_clock_MKL25Z4.o) (CLOCK_HAL_SetOutDiv)
/opt/Freescale/SKD1.3/lib/ksdk_platform_lib/kds/KL25Z4/debug/libksdk_platform.a(fsl_osc_hal.o)
                              /opt/Freescale/SKD1.3/lib/ksdk_platform_lib/kds/KL25Z4/debug/libksdk_platform.a(fsl_clock_manager.o) (OSC_HAL_SetCapacitor)
/opt/Freescale/SKD1.3/lib/ksdk_platform_lib/kds/KL25Z4/debug/libksdk_platform.a(fsl_mcg_hal.o)
                              /opt/Freescale/SKD1.3/lib/ksdk_platform_lib/kds/KL25Z4/debug/libksdk_platform.a(fsl_clock_MKL25Z4.o) (g_xtal0ClkFreq)
/opt/Freescale/SKD1.3/lib/ksdk_platform_lib/kds/KL25Z4/debug/libksdk_platform.a(fsl_mcg_hal_modes.o)
                              /opt/Freescale/SKD1.3/lib/ksdk_platform_lib/kds/KL25Z4/debug/libksdk_platform.a(fsl_clock_manager.o) (CLOCK_HAL_GetMcgMode)
/opt/Freescale/SKD1.3/lib/ksdk_platform_lib/kds/KL25Z4/debug/libksdk_platform.a(fsl_lptmr_hal.o)
                              /opt/Freescale/SKD1.3/lib/ksdk_platform_lib/kds/KL25Z4/debug/libksdk_platform.a(fsl_os_abstraction_bm.o) (LPTMR_HAL_SetTimerWorkingMode)
/opt/Freescale/SKD1.3/lib/ksdk_platform_lib/kds/KL25Z4/debug/libksdk_platform.a(fsl_interrupt_manager.o)
                              /opt/Freescale/SKD1.3/lib/ksdk_platform_lib/kds/KL25Z4/debug/libksdk_platform.a(fsl_os_abstraction_bm.o) (INT_SYS_InstallHandler)
/opt/Freescale/KDS_v3/toolchain/bin/../lib/gcc/arm-none-eabi/4.8.4/armv6-m/libgcc.a(_udivsi3.o)
                              ./Sources/Atraso/Uart.o (__aeabi_uidiv)
/opt/Freescale/KDS_v3/toolchain/bin/../lib/gcc/arm-none-eabi/4.8.4/armv6-m/libgcc.a(_dvmd_tls.o)
                              /opt/Freescale/KDS_v3/toolchain/bin/../lib/gcc/arm-none-eabi/4.8.4/armv6-m/libgcc.a(_udivsi3.o) (__aeabi_idiv0)
/opt/Freescale/KDS_v3/toolchain/bin/../lib/gcc/arm-none-eabi/4.8.4/armv6-m/libgcc.a(_arm_cmpdf2.o)
                              ./Sources/Atraso/Motor.o (__aeabi_dcmplt)
/opt/Freescale/KDS_v3/toolchain/bin/../lib/gcc/arm-none-eabi/4.8.4/armv6-m/libgcc.a(adddf3.o)
                              ./Sources/Atraso/Motor.o (__aeabi_dadd)
/opt/Freescale/KDS_v3/toolchain/bin/../lib/gcc/arm-none-eabi/4.8.4/armv6-m/libgcc.a(eqdf2.o)
                              /opt/Freescale/KDS_v3/toolchain/bin/../lib/gcc/arm-none-eabi/4.8.4/armv6-m/libgcc.a(_arm_cmpdf2.o) (__eqdf2)
/opt/Freescale/KDS_v3/toolchain/bin/../lib/gcc/arm-none-eabi/4.8.4/armv6-m/libgcc.a(gedf2.o)
                              /opt/Freescale/KDS_v3/toolchain/bin/../lib/gcc/arm-none-eabi/4.8.4/armv6-m/libgcc.a(_arm_cmpdf2.o) (__gedf2)
/opt/Freescale/KDS_v3/toolchain/bin/../lib/gcc/arm-none-eabi/4.8.4/armv6-m/libgcc.a(ledf2.o)
                              /opt/Freescale/KDS_v3/toolchain/bin/../lib/gcc/arm-none-eabi/4.8.4/armv6-m/libgcc.a(_arm_cmpdf2.o) (__ledf2)
/opt/Freescale/KDS_v3/toolchain/bin/../lib/gcc/arm-none-eabi/4.8.4/armv6-m/libgcc.a(extendsfdf2.o)
                              ./Sources/Interface/Serial.o (__aeabi_f2d)
/opt/Freescale/KDS_v3/toolchain/bin/../lib/gcc/arm-none-eabi/4.8.4/armv6-m/libgcc.a(_clzsi2.o)
                              /opt/Freescale/KDS_v3/toolchain/bin/../lib/gcc/arm-none-eabi/4.8.4/armv6-m/libgcc.a(adddf3.o) (__clzsi2)
/opt/Freescale/KDS_v3/toolchain/bin/../lib/gcc/arm-none-eabi/4.8.4/../../../../arm-none-eabi/lib/armv6-m/libg_s.a(lib_a-assert.o)
                              ./Sources/Interface/debugUart.o (__assert_func)
[...]
Memory Configuration

Name             Origin             Length             Attributes
m_interrupts     0x00000000         0x00000100         xr
m_flash_config   0x00000400         0x00000010         xr
m_text           0x00000410         0x0001fbf0         xr
m_data           0x1ffff000         0x00004000         rw
*default*        0x00000000         0xffffffff

Linker script and memory map

LOAD /opt/Freescale/KDS_v3/toolchain/bin/../lib/gcc/arm-none-eabi/4.8.4/armv6-m/crti.o
LOAD /opt/Freescale/KDS_v3/toolchain/bin/../lib/gcc/arm-none-eabi/4.8.4/armv6-m/crtbegin.o
LOAD /opt/Freescale/KDS_v3/toolchain/bin/../lib/gcc/arm-none-eabi/4.8.4/../../../../arm-none-eabi/lib/armv6-m/crt0.o
LOAD ./Sources/Interface/Serial.o
LOAD ./Sources/Interface/debugUart.o
LOAD ./Sources/Interface/fsl_debug_console.o
LOAD ./Sources/Detector/Fotodetector.o
LOAD ./Sources/Atraso/Motor.o
LOAD ./Sources/Atraso/Timer.o
LOAD ./Sources/Atraso/Uart.o
LOAD ./Sources/main.o
LOAD ./Sources/mcg_hal.o
LOAD ./Sources/util.o
LOAD ./Project_Settings/Startup_Code/startup.o
LOAD ./Project_Settings/Startup_Code/startup_MKL25Z4.o
LOAD ./Project_Settings/Startup_Code/system_MKL25Z4.o
LOAD /opt/Freescale/SKD1.3/lib/ksdk_platform_lib/kds/KL25Z4/debug/libksdk_platform.a
LOAD /opt/Freescale/KDS_v3/toolchain/bin/../lib/gcc/arm-none-eabi/4.8.4/../../../../arm-none-eabi/lib/armv6-m/libstdc++_s.a
LOAD /opt/Freescale/KDS_v3/toolchain/bin/../lib/gcc/arm-none-eabi/4.8.4/../../../../arm-none-eabi/lib/armv6-m/libm.a
START GROUP
LOAD /opt/Freescale/KDS_v3/toolchain/bin/../lib/gcc/arm-none-eabi/4.8.4/armv6-m/libgcc.a
LOAD /opt/Freescale/KDS_v3/toolchain/bin/../lib/gcc/arm-none-eabi/4.8.4/../../../../arm-none-eabi/lib/armv6-m/libg_s.a
LOAD /opt/Freescale/KDS_v3/toolchain/bin/../lib/gcc/arm-none-eabi/4.8.4/../../../../arm-none-eabi/lib/armv6-m/libc_s.a
END GROUP
START GROUP
LOAD /opt/Freescale/KDS_v3/toolchain/bin/../lib/gcc/arm-none-eabi/4.8.4/armv6-m/libgcc.a
LOAD /opt/Freescale/KDS_v3/toolchain/bin/../lib/gcc/arm-none-eabi/4.8.4/../../../../arm-none-eabi/lib/armv6-m/libc_s.a
LOAD /opt/Freescale/KDS_v3/toolchain/bin/../lib/gcc/arm-none-eabi/4.8.4/../../../../arm-none-eabi/lib/armv6-m/libnosys.a
END GROUP
START GROUP
LOAD /opt/Freescale/KDS_v3/toolchain/bin/../lib/gcc/arm-none-eabi/4.8.4/armv6-m/libgcc.a
LOAD /opt/Freescale/KDS_v3/toolchain/bin/../lib/gcc/arm-none-eabi/4.8.4/../../../../arm-none-eabi/lib/armv6-m/libc_s.a
LOAD /opt/Freescale/KDS_v3/toolchain/bin/../lib/gcc/arm-none-eabi/4.8.4/../../../../arm-none-eabi/lib/armv6-m/libnosys.a
END GROUP
LOAD /opt/Freescale/KDS_v3/toolchain/bin/../lib/gcc/arm-none-eabi/4.8.4/armv6-m/crtend.o
LOAD /opt/Freescale/KDS_v3/toolchain/bin/../lib/gcc/arm-none-eabi/4.8.4/armv6-m/crtn.o
                0x00000400                HEAP_SIZE = DEFINED (__heap_size__)?__heap_size__:0x400
                0x00000400                STACK_SIZE = DEFINED (__stack_size__)?__stack_size__:0x400
                0x00000000                M_VECTOR_RAM_SIZE = DEFINED (__ram_vector_table__)?0x100:0x0

.interrupts     0x00000000       0xc0
                0x00000000                __VECTOR_TABLE = .
                0x00000000                . = ALIGN (0x4)
 *(.isr_vector)
 .isr_vector    0x00000000       0xc0 ./Project_Settings/Startup_Code/startup_MKL25Z4.o
                0x00000000                __isr_vector
                0x000000c0                . = ALIGN (0x4)

.flash_config   0x00000400       0x10
                0x00000400                . = ALIGN (0x4)
 *(.FlashConfig)
 .FlashConfig   0x00000400       0x10 ./Project_Settings/Startup_Code/startup_MKL25Z4.o
                0x00000410                . = ALIGN (0x4)

.text           0x00000410     0xa3b8
                0x00000410                . = ALIGN (0x4)
 *(.text)
 .text          0x00000410       0x60 /opt/Freescale/KDS_v3/toolchain/bin/../lib/gcc/arm-none-eabi/4.8.4/armv6-m/crtbegin.o
 .text          0x00000470       0x78 /opt/Freescale/KDS_v3/toolchain/bin/../lib/gcc/arm-none-eabi/4.8.4/../../../../arm-none-eabi/lib/armv6-m/crt0.o
                0x00000470                _mainCRTStartup
                0x00000470                _start
 .text          0x000004e8       0x18 ./Project_Settings/Startup_Code/startup_MKL25Z4.o
                0x000004e8                Reset_Handler
                0x000004f8                I2C0_IRQHandler
                0x000004f8                HardFault_Handler
                0x000004f8                SysTick_Handler
                0x000004f8                PendSV_Handler
                0x000004f8                NMI_Handler
                0x000004f8                I2C1_IRQHandler
                0x000004f8                UART1_IRQHandler
                0x000004f8                DMA2_IRQHandler
                0x000004f8                TPM0_IRQHandler
                0x000004f8                LLWU_IRQHandler
                0x000004f8                TSI0_IRQHandler
                0x000004f8                ADC0_IRQHandler
                0x000004f8                Reserved39_IRQHandler
                0x000004f8                SPI1_IRQHandler
                0x000004f8                DefaultISR
                0x000004f8                PORTD_IRQHandler
                0x000004f8                TPM2_IRQHandler
                0x000004f8                RTC_IRQHandler
                0x000004f8                RTC_Seconds_IRQHandler
                0x000004f8                MCG_IRQHandler
                0x000004f8                UART2_IRQHandler
                0x000004f8                Reserved20_IRQHandler
                0x000004f8                USB0_IRQHandler
                0x000004f8                SVC_Handler
                0x000004f8                DMA3_IRQHandler
                0x000004f8                DMA0_IRQHandler
                0x000004f8                DAC0_IRQHandler
                0x000004f8                Reserved45_IRQHandler
                0x000004f8                TPM1_IRQHandler
                0x000004f8                LVD_LVW_IRQHandler
                0x000004f8                SPI0_IRQHandler
                0x000004f8                PORTA_IRQHandler
                0x000004f8                FTFA_IRQHandler
                0x000004f8                LPTMR0_IRQHandler
                0x000004f8                CMP0_IRQHandler
                0x000004f8                DMA1_IRQHandler
 .text          0x00000500       0x9c /opt/Freescale/KDS_v3/toolchain/bin/../lib/gcc/arm-none-eabi/4.8.4/armv6-m/libgcc.a(_udivsi3.o)
                0x00000500                __udivsi3
                0x00000500                __aeabi_uidiv
                0x00000588                __aeabi_uidivmod
 .text          0x0000059c        0x4 /opt/Freescale/KDS_v3/toolchain/bin/../lib/gcc/arm-none-eabi/4.8.4/armv6-m/libgcc.a(_dvmd_tls.o)
                0x0000059c                __aeabi_ldiv0
                0x0000059c                __aeabi_idiv0
 .text          0x000005a0       0x7c /opt/Freescale/KDS_v3/toolchain/bin/../lib/gcc/arm-none-eabi/4.8.4/armv6-m/libgcc.a(_arm_cmpdf2.o)
                0x000005a0                __aeabi_cdrcmple
                0x000005b0                __aeabi_cdcmple
                0x000005b0                __aeabi_cdcmpeq
                0x000005c0                __aeabi_dcmpeq
                0x000005cc                __aeabi_dcmplt
                0x000005e0                __aeabi_dcmple
                0x000005f4                __aeabi_dcmpgt
                0x00000608                __aeabi_dcmpge
 .text          0x0000061c      0x644 /opt/Freescale/KDS_v3/toolchain/bin/../lib/gcc/arm-none-eabi/4.8.4/armv6-m/libgcc.a(adddf3.o)
                0x0000061c                __aeabi_dadd
 .text          0x00000c60       0x94 /opt/Freescale/KDS_v3/toolchain/bin/../lib/gcc/arm-none-eabi/4.8.4/armv6-m/libgcc.a(eqdf2.o)
                0x00000c60                __eqdf2
                0x00000c60                __nedf2
 .text          0x00000cf4       0xfc /opt/Freescale/KDS_v3/toolchain/bin/../lib/gcc/arm-none-eabi/4.8.4/armv6-m/libgcc.a(gedf2.o)
                0x00000cf4                __gtdf2
                0x00000cf4                __gedf2
 .text          0x00000df0       0xfc /opt/Freescale/KDS_v3/toolchain/bin/../lib/gcc/arm-none-eabi/4.8.4/armv6-m/libgcc.a(ledf2.o)
                0x00000df0                __ltdf2
                0x00000df0                __ledf2
 .text          0x00000eec       0x3c /opt/Freescale/KDS_v3/toolchain/bin/../lib/gcc/arm-none-eabi/4.8.4/armv6-m/libgcc.a(_clzsi2.o)
                0x00000eec                __clzsi2
 .text          0x00000f28       0x14 /opt/Freescale/KDS_v3/toolchain/bin/../lib/gcc/arm-none-eabi/4.8.4/armv6-m/libgcc.a(_thumb1_case_uqi.o)
                0x00000f28                __gnu_thumb1_case_uqi
 .text          0x00000f3c       0xc0 /opt/Freescale/KDS_v3/toolchain/bin/../lib/gcc/arm-none-eabi/4.8.4/armv6-m/libgcc.a(_divsi3.o)
                0x00000f3c                __aeabi_idiv
                0x00000f3c                __divsi3
                0x00000fe8                __aeabi_idivmod
 *fill*         0x00000ffc        0x4 
 .text          0x00001000       0x40 /opt/Freescale/KDS_v3/toolchain/bin/../lib/gcc/arm-none-eabi/4.8.4/armv6-m/libgcc.a(_fixunsdfsi.o)
                0x00001000                __fixunsdfsi
                0x00001000                __aeabi_d2uiz
 .text          0x00001040      0x648 /opt/Freescale/KDS_v3/toolchain/bin/../lib/gcc/arm-none-eabi/4.8.4/armv6-m/libgcc.a(divdf3.o)
                0x00001040                __aeabi_ddiv
 .text          0x00001688      0x520 /opt/Freescale/KDS_v3/toolchain/bin/../lib/gcc/arm-none-eabi/4.8.4/armv6-m/libgcc.a(muldf3.o)
                0x00001688                __aeabi_dmul
 .text          0x00001ba8      0x668 /opt/Freescale/KDS_v3/toolchain/bin/../lib/gcc/arm-none-eabi/4.8.4/armv6-m/libgcc.a(subdf3.o)
                0x00001ba8                __aeabi_dsub
 .text          0x00002210       0x68 /opt/Freescale/KDS_v3/toolchain/bin/../lib/gcc/arm-none-eabi/4.8.4/armv6-m/libgcc.a(fixdfsi.o)
                0x00002210                __aeabi_d2iz
 .text          0x00002278       0x7c /opt/Freescale/KDS_v3/toolchain/bin/../lib/gcc/arm-none-eabi/4.8.4/armv6-m/libgcc.a(floatsidf.o)
                0x00002278                __aeabi_i2d
 .text          0x000022f4       0x68 /opt/Freescale/KDS_v3/toolchain/bin/../lib/gcc/arm-none-eabi/4.8.4/armv6-m/libgcc.a(floatunsidf.o)
                0x000022f4                __aeabi_ui2d
 .text          0x0000235c      0x118 /opt/Freescale/KDS_v3/toolchain/bin/../lib/gcc/arm-none-eabi/4.8.4/armv6-m/libgcc.a(truncdfsf2.o)
                0x0000235c                __aeabi_d2f
 *(.text*)
 .text.NVIC_EnableIRQ
                0x00002474       0x2c ./Sources/Interface/Serial.o
 .text.NVIC_ClearPendingIRQ
                0x000024a0       0x2c ./Sources/Interface/Serial.o
 .text.serial_init
                0x000024cc       0x34 ./Sources/Interface/Serial.o
                0x000024cc                serial_init
 .text.serial_ParseCommand
                0x00002500      0x144 ./Sources/Interface/Serial.o
                0x00002500                serial_ParseCommand
 .text.UART0_IRQHandler
                0x00002644       0x88 ./Sources/Interface/Serial.o
                0x00002644                UART0_IRQHandler
 .text.CLOCK_HAL_SetLpsciSrc
                0x000026cc       0x30 ./Sources/Interface/debugUart.o
 .text.CLOCK_SYS_SetLpsciSrc
                0x000026fc       0x2c ./Sources/Interface/debugUart.o
 .text.PORT_HAL_SetMuxMode
                0x00002728       0x4c ./Sources/Interface/debugUart.o
 .text.debugUart_init
                0x00002774       0x50 ./Sources/Interface/debugUart.o
                0x00002774                debugUart_init
 .text.UART_HAL_EnableTransmitter
                0x000027c4       0x1c ./Sources/Interface/fsl_debug_console.o
 .text.UART_HAL_EnableReceiver
                0x000027e0       0x1c ./Sources/Interface/fsl_debug_console.o
 .text.UART_HAL_SetBitCountPerChar
                0x000027fc       0x28 ./Sources/Interface/fsl_debug_console.o
 .text.UART_HAL_SetStopBitCount
                0x00002824       0x28 ./Sources/Interface/fsl_debug_console.o
 .text.LPSCI_HAL_EnableTransmitter
                0x0000284c       0x1c ./Sources/Interface/fsl_debug_console.o
 .text.LPSCI_HAL_EnableReceiver
                0x00002868       0x1c ./Sources/Interface/fsl_debug_console.o
 .text.LPSCI_HAL_SetBitCountPerChar
                0x00002884       0x28 ./Sources/Interface/fsl_debug_console.o
 .text.LPSCI_HAL_SetStopBitCount
                0x000028ac       0x28 ./Sources/Interface/fsl_debug_console.o
 .text.DbgConsole_Init
                0x000028d4      0x160 ./Sources/Interface/fsl_debug_console.o
                0x000028d4                DbgConsole_Init
 .text._write   0x00002a34       0x5c ./Sources/Interface/fsl_debug_console.o
                0x00002a34                _write
 .text._read    0x00002a90       0x48 ./Sources/Interface/fsl_debug_console.o
                0x00002a90                _read
 .text.debug_getchar
                0x00002ad8       0x38 ./Sources/Interface/fsl_debug_console.o
                0x00002ad8                debug_getchar
 .text.motor_init
                0x00002b10       0x18 ./Sources/Atraso/Motor.o
                0x00002b10                motor_init
 .text.motor_CommunicationTimeout
                0x00002b28       0x14 ./Sources/Atraso/Motor.o
                0x00002b28                motor_CommunicationTimeout
 .text.NVIC_EnableIRQ
                0x00002b3c       0x2c ./Sources/Atraso/Timer.o
 .text.NVIC_ClearPendingIRQ
                0x00002b68       0x2c ./Sources/Atraso/Timer.o
 .text.timer_init
                0x00002b94       0x5c ./Sources/Atraso/Timer.o
                0x00002b94                timer_init
 .text.PIT_IRQHandler
                0x00002bf0       0x3c ./Sources/Atraso/Timer.o
                0x00002bf0                PIT_IRQHandler
 .text.uart1_init
                0x00002c2c       0xd8 ./Sources/Atraso/Uart.o
                0x00002c2c                uart1_init
 .text.main_init
                0x00002d04       0x14 ./Sources/main.o
                0x00002d04                main_init
 .text.main     0x00002d18        0xc ./Sources/main.o
                0x00002d18                main
 .text.SMC_HAL_SetProtection
                0x00002d24       0x1c ./Sources/mcg_hal.o
 .text.PORT_HAL_SetMuxMode
                0x00002d40       0x4c ./Sources/mcg_hal.o
 .text.mcg_initOsc0
                0x00002d8c       0x40 ./Sources/mcg_hal.o
                0x00002d8c                mcg_initOsc0
 .text.mcg_initRtcOsc
                0x00002dcc       0x3c ./Sources/mcg_hal.o
                0x00002dcc                mcg_initRtcOsc
 .text.mcg_initSystemClock
                0x00002e08       0x14 ./Sources/mcg_hal.o
                0x00002e08                mcg_initSystemClock
 .text.mcg_clockInit
                0x00002e1c       0x50 ./Sources/mcg_hal.o
                0x00002e1c                mcg_clockInit
 .text.init_data_bss
                0x00002e6c       0xc8 ./Project_Settings/Startup_Code/startup.o
                0x00002e6c                init_data_bss
 .text.SystemInit
                0x00002f34       0x18 ./Project_Settings/Startup_Code/system_MKL25Z4.o
                0x00002f34                SystemInit
 .text.UART_HAL_SetBaudRate
                0x00002f4c       0x6c /opt/Freescale/SKD1.3/lib/ksdk_platform_lib/kds/KL25Z4/debug/libksdk_platform.a(fsl_uart_hal.o)
                0x00002f4c                UART_HAL_SetBaudRate
 .text.UART_HAL_SetParityMode
                0x00002fb8       0x40 /opt/Freescale/SKD1.3/lib/ksdk_platform_lib/kds/KL25Z4/debug/libksdk_platform.a(fsl_uart_hal.o)
                0x00002fb8                UART_HAL_SetParityMode
 .text.UART_HAL_Putchar
                0x00002ff8       0x34 /opt/Freescale/SKD1.3/lib/ksdk_platform_lib/kds/KL25Z4/debug/libksdk_platform.a(fsl_uart_hal.o)
                0x00002ff8                UART_HAL_Putchar
 .text.UART_HAL_Getchar
                0x0000302c       0x34 /opt/Freescale/SKD1.3/lib/ksdk_platform_lib/kds/KL25Z4/debug/libksdk_platform.a(fsl_uart_hal.o)
                0x0000302c                UART_HAL_Getchar
 .text.UART_HAL_SendDataPolling
                0x00003060       0x44 /opt/Freescale/SKD1.3/lib/ksdk_platform_lib/kds/KL25Z4/debug/libksdk_platform.a(fsl_uart_hal.o)
                0x00003060                UART_HAL_SendDataPolling
 .text.UART_HAL_ReceiveDataPolling
                0x000030a4       0xa4 /opt/Freescale/SKD1.3/lib/ksdk_platform_lib/kds/KL25Z4/debug/libksdk_platform.a(fsl_uart_hal.o)
                0x000030a4                UART_HAL_ReceiveDataPolling
 .text.LPSCI_HAL_Putchar
                0x00003148       0x1c /opt/Freescale/SKD1.3/lib/ksdk_platform_lib/kds/KL25Z4/debug/libksdk_platform.a(fsl_lpsci_hal.o)
 .text.LPSCI_HAL_Getchar
                0x00003164       0x1c /opt/Freescale/SKD1.3/lib/ksdk_platform_lib/kds/KL25Z4/debug/libksdk_platform.a(fsl_lpsci_hal.o)
 .text.LPSCI_HAL_SetBaudRate
                0x00003180      0x14c /opt/Freescale/SKD1.3/lib/ksdk_platform_lib/kds/KL25Z4/debug/libksdk_platform.a(fsl_lpsci_hal.o)
                0x00003180                LPSCI_HAL_SetBaudRate
 .text.LPSCI_HAL_SetParityMode
                0x000032cc       0x40 /opt/Freescale/SKD1.3/lib/ksdk_platform_lib/kds/KL25Z4/debug/libksdk_platform.a(fsl_lpsci_hal.o)
                0x000032cc                LPSCI_HAL_SetParityMode
 .text.LPSCI_HAL_SendDataPolling
                0x0000330c       0x44 /opt/Freescale/SKD1.3/lib/ksdk_platform_lib/kds/KL25Z4/debug/libksdk_platform.a(fsl_lpsci_hal.o)
                0x0000330c                LPSCI_HAL_SendDataPolling
 .text.LPSCI_HAL_ReceiveDataPolling
                0x00003350       0x88 /opt/Freescale/SKD1.3/lib/ksdk_platform_lib/kds/KL25Z4/debug/libksdk_platform.a(fsl_lpsci_hal.o)
                0x00003350                LPSCI_HAL_ReceiveDataPolling
 .text.SIM_HAL_EnableClock
                0x000033d8       0x58 /opt/Freescale/SKD1.3/lib/ksdk_platform_lib/kds/KL25Z4/debug/libksdk_platform.a(fsl_clock_MKL25Z4.o)
 .text.CLOCK_HAL_GetLpsciSrc
                0x00003430       0x28 /opt/Freescale/SKD1.3/lib/ksdk_platform_lib/kds/KL25Z4/debug/libksdk_platform.a(fsl_clock_MKL25Z4.o)
 .text.CLOCK_HAL_SetExternalRefClock32kSrc
                0x00003458       0x28 /opt/Freescale/SKD1.3/lib/ksdk_platform_lib/kds/KL25Z4/debug/libksdk_platform.a(fsl_clock_MKL25Z4.o)
 .text.CLOCK_HAL_SetPllfllSel
                0x00003480       0x2c /opt/Freescale/SKD1.3/lib/ksdk_platform_lib/kds/KL25Z4/debug/libksdk_platform.a(fsl_clock_MKL25Z4.o)
 .text.CLOCK_HAL_GetPllfllSel
                0x000034ac       0x24 /opt/Freescale/SKD1.3/lib/ksdk_platform_lib/kds/KL25Z4/debug/libksdk_platform.a(fsl_clock_MKL25Z4.o)
 .text.CLOCK_HAL_GetOutDiv1
                0x000034d0       0x28 /opt/Freescale/SKD1.3/lib/ksdk_platform_lib/kds/KL25Z4/debug/libksdk_platform.a(fsl_clock_MKL25Z4.o)
 .text.CLOCK_HAL_GetOutDiv4
                0x000034f8       0x28 /opt/Freescale/SKD1.3/lib/ksdk_platform_lib/kds/KL25Z4/debug/libksdk_platform.a(fsl_clock_MKL25Z4.o)
 .text.OSC_HAL_GetExternalRefClkCmd
                0x00003520       0x24 /opt/Freescale/SKD1.3/lib/ksdk_platform_lib/kds/KL25Z4/debug/libksdk_platform.a(fsl_clock_MKL25Z4.o)
 .text.CLOCK_SYS_SetSimConfigration
                0x00003544       0x48 /opt/Freescale/SKD1.3/lib/ksdk_platform_lib/kds/KL25Z4/debug/libksdk_platform.a(fsl_clock_MKL25Z4.o)
                0x00003544                CLOCK_SYS_SetSimConfigration
 .text.CLOCK_SYS_SetConfiguration
                0x0000358c       0x74 /opt/Freescale/SKD1.3/lib/ksdk_platform_lib/kds/KL25Z4/debug/libksdk_platform.a(fsl_clock_MKL25Z4.o)
                0x0000358c                CLOCK_SYS_SetConfiguration
 .text.CLOCK_SYS_GetCoreClockFreq
                0x00003600       0x34 /opt/Freescale/SKD1.3/lib/ksdk_platform_lib/kds/KL25Z4/debug/libksdk_platform.a(fsl_clock_MKL25Z4.o)
                0x00003600                CLOCK_SYS_GetCoreClockFreq
 .text.CLOCK_SYS_GetSystemClockFreq
                0x00003634       0x34 /opt/Freescale/SKD1.3/lib/ksdk_platform_lib/kds/KL25Z4/debug/libksdk_platform.a(fsl_clock_MKL25Z4.o)
                0x00003634                CLOCK_SYS_GetSystemClockFreq
 .text.CLOCK_SYS_GetBusClockFreq
                0x00003668       0x2c /opt/Freescale/SKD1.3/lib/ksdk_platform_lib/kds/KL25Z4/debug/libksdk_platform.a(fsl_clock_MKL25Z4.o)
                0x00003668                CLOCK_SYS_GetBusClockFreq
 .text.CLOCK_SYS_GetPllFllClockFreq
                0x00003694       0x5c /opt/Freescale/SKD1.3/lib/ksdk_platform_lib/kds/KL25Z4/debug/libksdk_platform.a(fsl_clock_MKL25Z4.o)
                0x00003694                CLOCK_SYS_GetPllFllClockFreq
 .text.CLOCK_SYS_GetOsc0ExternalRefClockFreq
                0x000036f0       0x2c /opt/Freescale/SKD1.3/lib/ksdk_platform_lib/kds/KL25Z4/debug/libksdk_platform.a(fsl_clock_MKL25Z4.o)
                0x000036f0                CLOCK_SYS_GetOsc0ExternalRefClockFreq
 .text.CLOCK_SYS_GetLpsciFreq
                0x0000371c       0x68 /opt/Freescale/SKD1.3/lib/ksdk_platform_lib/kds/KL25Z4/debug/libksdk_platform.a(fsl_clock_MKL25Z4.o)
                0x0000371c                CLOCK_SYS_GetLpsciFreq
 .text.CLOCK_SYS_GetUartFreq
                0x00003784       0x2c /opt/Freescale/SKD1.3/lib/ksdk_platform_lib/kds/KL25Z4/debug/libksdk_platform.a(fsl_clock_MKL25Z4.o)
                0x00003784                CLOCK_SYS_GetUartFreq
 .text.CLOCK_SYS_EnablePortClock
                0x000037b0       0x4c /opt/Freescale/SKD1.3/lib/ksdk_platform_lib/kds/KL25Z4/debug/libksdk_platform.a(fsl_clock_MKL25Z4.o)
                0x000037b0                CLOCK_SYS_EnablePortClock
 .text.CLOCK_SYS_EnableLpsciClock
                0x000037fc       0x40 /opt/Freescale/SKD1.3/lib/ksdk_platform_lib/kds/KL25Z4/debug/libksdk_platform.a(fsl_clock_MKL25Z4.o)
                0x000037fc                CLOCK_SYS_EnableLpsciClock
 .text.CLOCK_SYS_EnableUartClock
                0x0000383c       0x4c /opt/Freescale/SKD1.3/lib/ksdk_platform_lib/kds/KL25Z4/debug/libksdk_platform.a(fsl_clock_MKL25Z4.o)
                0x0000383c                CLOCK_SYS_EnableUartClock
 .text.SIM_HAL_EnableClock
                0x00003888       0x58 /opt/Freescale/SKD1.3/lib/ksdk_platform_lib/kds/KL25Z4/debug/libksdk_platform.a(fsl_clock_manager.o)
 .text.CLOCK_HAL_SetClkOutSrc
                0x000038e0       0x28 /opt/Freescale/SKD1.3/lib/ksdk_platform_lib/kds/KL25Z4/debug/libksdk_platform.a(fsl_clock_manager.o)
 .text.CLOCK_HAL_GetClkOutStat
                0x00003908       0x20 /opt/Freescale/SKD1.3/lib/ksdk_platform_lib/kds/KL25Z4/debug/libksdk_platform.a(fsl_clock_manager.o)
 .text.CLOCK_HAL_SetInternalRefClkEnableCmd
                0x00003928       0x28 /opt/Freescale/SKD1.3/lib/ksdk_platform_lib/kds/KL25Z4/debug/libksdk_platform.a(fsl_clock_manager.o)
 .text.CLOCK_HAL_SetInternalRefClkEnableInStopCmd
                0x00003950       0x24 /opt/Freescale/SKD1.3/lib/ksdk_platform_lib/kds/KL25Z4/debug/libksdk_platform.a(fsl_clock_manager.o)
 .text.CLOCK_HAL_SetInternalRefClkMode
                0x00003974       0x24 /opt/Freescale/SKD1.3/lib/ksdk_platform_lib/kds/KL25Z4/debug/libksdk_platform.a(fsl_clock_manager.o)
 .text.CLOCK_HAL_GetInternalRefClkMode
                0x00003998       0x20 /opt/Freescale/SKD1.3/lib/ksdk_platform_lib/kds/KL25Z4/debug/libksdk_platform.a(fsl_clock_manager.o)
 .text.CLOCK_HAL_SetPll0EnableCmd
                0x000039b8       0x28 /opt/Freescale/SKD1.3/lib/ksdk_platform_lib/kds/KL25Z4/debug/libksdk_platform.a(fsl_clock_manager.o)
 .text.CLOCK_HAL_IsOsc0Stable
                0x000039e0       0x24 /opt/Freescale/SKD1.3/lib/ksdk_platform_lib/kds/KL25Z4/debug/libksdk_platform.a(fsl_clock_manager.o)
 .text.OSC_HAL_SetExternalRefClkCmd
                0x00003a04       0x28 /opt/Freescale/SKD1.3/lib/ksdk_platform_lib/kds/KL25Z4/debug/libksdk_platform.a(fsl_clock_manager.o)
 .text.OSC_HAL_SetExternalRefClkInStopModeCmd
                0x00003a2c       0x28 /opt/Freescale/SKD1.3/lib/ksdk_platform_lib/kds/KL25Z4/debug/libksdk_platform.a(fsl_clock_manager.o)
 .text.CLOCK_SYS_EnableRtcClock
                0x00003a54       0x1c /opt/Freescale/SKD1.3/lib/ksdk_platform_lib/kds/KL25Z4/debug/libksdk_platform.a(fsl_clock_manager.o)
 .text.RTC_HAL_SetOsc2pfLoadCmd
                0x00003a70       0x28 /opt/Freescale/SKD1.3/lib/ksdk_platform_lib/kds/KL25Z4/debug/libksdk_platform.a(fsl_clock_manager.o)
 .text.RTC_HAL_SetOsc4pfLoadCmd
                0x00003a98       0x28 /opt/Freescale/SKD1.3/lib/ksdk_platform_lib/kds/KL25Z4/debug/libksdk_platform.a(fsl_clock_manager.o)
 .text.RTC_HAL_SetOsc8pfLoadCmd
                0x00003ac0       0x28 /opt/Freescale/SKD1.3/lib/ksdk_platform_lib/kds/KL25Z4/debug/libksdk_platform.a(fsl_clock_manager.o)
 .text.RTC_HAL_SetOsc16pfLoadCmd
                0x00003ae8       0x28 /opt/Freescale/SKD1.3/lib/ksdk_platform_lib/kds/KL25Z4/debug/libksdk_platform.a(fsl_clock_manager.o)
 .text.RTC_HAL_SetOscillatorCmd
                0x00003b10       0x28 /opt/Freescale/SKD1.3/lib/ksdk_platform_lib/kds/KL25Z4/debug/libksdk_platform.a(fsl_clock_manager.o)
 .text.RTC_HAL_IsOscillatorEnabled
                0x00003b38       0x24 /opt/Freescale/SKD1.3/lib/ksdk_platform_lib/kds/KL25Z4/debug/libksdk_platform.a(fsl_clock_manager.o)
 .text.CLOCK_SYS_FllStableDelay
                0x00003b5c       0x24 /opt/Freescale/SKD1.3/lib/ksdk_platform_lib/kds/KL25Z4/debug/libksdk_platform.a(fsl_clock_manager.o)
 .text.CLOCK_SYS_McgModeToIdx
                0x00003b80       0x6c /opt/Freescale/SKD1.3/lib/ksdk_platform_lib/kds/KL25Z4/debug/libksdk_platform.a(fsl_clock_manager.o)
 .text.CLOCK_SYS_SetMcgMode
                0x00003bec      0x210 /opt/Freescale/SKD1.3/lib/ksdk_platform_lib/kds/KL25Z4/debug/libksdk_platform.a(fsl_clock_manager.o)
                0x00003bec                CLOCK_SYS_SetMcgMode
 .text.CLOCK_SYS_OscInit
                0x00003dfc       0xf0 /opt/Freescale/SKD1.3/lib/ksdk_platform_lib/kds/KL25Z4/debug/libksdk_platform.a(fsl_clock_manager.o)
                0x00003dfc                CLOCK_SYS_OscInit
 .text.CLOCK_SYS_SetOscerConfigration
                0x00003eec       0x3c /opt/Freescale/SKD1.3/lib/ksdk_platform_lib/kds/KL25Z4/debug/libksdk_platform.a(fsl_clock_manager.o)
                0x00003eec                CLOCK_SYS_SetOscerConfigration
 .text.CLOCK_SYS_RtcOscInit
                0x00003f28       0xb0 /opt/Freescale/SKD1.3/lib/ksdk_platform_lib/kds/KL25Z4/debug/libksdk_platform.a(fsl_clock_manager.o)
                0x00003f28                CLOCK_SYS_RtcOscInit
 .text.CLOCK_HAL_SetOutDiv
                0x00003fd8       0x50 /opt/Freescale/SKD1.3/lib/ksdk_platform_lib/kds/KL25Z4/debug/libksdk_platform.a(fsl_sim_hal_MKL25Z4.o)
                0x00003fd8                CLOCK_HAL_SetOutDiv
 .text.OSC_HAL_SetCapacitor
                0x00004028       0x28 /opt/Freescale/SKD1.3/lib/ksdk_platform_lib/kds/KL25Z4/debug/libksdk_platform.a(fsl_osc_hal.o)
                0x00004028                OSC_HAL_SetCapacitor
 .text.CLOCK_HAL_GetClkOutStat
                0x00004050       0x20 /opt/Freescale/SKD1.3/lib/ksdk_platform_lib/kds/KL25Z4/debug/libksdk_platform.a(fsl_mcg_hal.o)
 .text.CLOCK_HAL_SetInternalRefClkMode
                0x00004070       0x24 /opt/Freescale/SKD1.3/lib/ksdk_platform_lib/kds/KL25Z4/debug/libksdk_platform.a(fsl_mcg_hal.o)
 .text.CLOCK_HAL_GetInternalRefClkMode
                0x00004094       0x20 /opt/Freescale/SKD1.3/lib/ksdk_platform_lib/kds/KL25Z4/debug/libksdk_platform.a(fsl_mcg_hal.o)
 .text.CLOCK_HAL_IsPll0Locked
                0x000040b4       0x24 /opt/Freescale/SKD1.3/lib/ksdk_platform_lib/kds/KL25Z4/debug/libksdk_platform.a(fsl_mcg_hal.o)
 .text.CLOCK_HAL_IsPllSelected
                0x000040d8       0x24 /opt/Freescale/SKD1.3/lib/ksdk_platform_lib/kds/KL25Z4/debug/libksdk_platform.a(fsl_mcg_hal.o)
 .text.CLOCK_HAL_IsOsc0Stable
                0x000040fc       0x24 /opt/Freescale/SKD1.3/lib/ksdk_platform_lib/kds/KL25Z4/debug/libksdk_platform.a(fsl_mcg_hal.o)
 .text.CLOCK_HAL_PrepareOsc
                0x00004120       0x3c /opt/Freescale/SKD1.3/lib/ksdk_platform_lib/kds/KL25Z4/debug/libksdk_platform.a(fsl_mcg_hal.o)
                0x00004120                CLOCK_HAL_PrepareOsc
 .text.CLOCK_HAL_GetMcgExternalClkFreq
                0x0000415c       0x18 /opt/Freescale/SKD1.3/lib/ksdk_platform_lib/kds/KL25Z4/debug/libksdk_platform.a(fsl_mcg_hal.o)
 .text.CLOCK_HAL_TestFllExternalRefFreq
                0x00004174       0x7c /opt/Freescale/SKD1.3/lib/ksdk_platform_lib/kds/KL25Z4/debug/libksdk_platform.a(fsl_mcg_hal.o)
                0x00004174                CLOCK_HAL_TestFllExternalRefFreq
 .text.CLOCK_HAL_GetFllRefClk
                0x000041f0       0x8c /opt/Freescale/SKD1.3/lib/ksdk_platform_lib/kds/KL25Z4/debug/libksdk_platform.a(fsl_mcg_hal.o)
                0x000041f0                CLOCK_HAL_GetFllRefClk
 .text.CLOCK_HAL_TestFllFreq
                0x0000427c       0x6c /opt/Freescale/SKD1.3/lib/ksdk_platform_lib/kds/KL25Z4/debug/libksdk_platform.a(fsl_mcg_hal.o)
                0x0000427c                CLOCK_HAL_TestFllFreq
 .text.CLOCK_HAL_GetFllClk
                0x000042e8       0x7c /opt/Freescale/SKD1.3/lib/ksdk_platform_lib/kds/KL25Z4/debug/libksdk_platform.a(fsl_mcg_hal.o)
                0x000042e8                CLOCK_HAL_GetFllClk
 .text.CLOCK_HAL_UpdateFastClkInternalRefDiv
                0x00004364       0xb8 /opt/Freescale/SKD1.3/lib/ksdk_platform_lib/kds/KL25Z4/debug/libksdk_platform.a(fsl_mcg_hal.o)
                0x00004364                CLOCK_HAL_UpdateFastClkInternalRefDiv
 .text.CLOCK_HAL_GetPll0RefFreq
                0x0000441c       0x1c /opt/Freescale/SKD1.3/lib/ksdk_platform_lib/kds/KL25Z4/debug/libksdk_platform.a(fsl_mcg_hal.o)
                0x0000441c                CLOCK_HAL_GetPll0RefFreq
 .text.CLOCK_HAL_GetPll0Clk
                0x00004438       0x90 /opt/Freescale/SKD1.3/lib/ksdk_platform_lib/kds/KL25Z4/debug/libksdk_platform.a(fsl_mcg_hal.o)
                0x00004438                CLOCK_HAL_GetPll0Clk
 .text.CLOCK_HAL_EnablePll0InFllMode
                0x000044c8       0x8c /opt/Freescale/SKD1.3/lib/ksdk_platform_lib/kds/KL25Z4/debug/libksdk_platform.a(fsl_mcg_hal.o)
                0x000044c8                CLOCK_HAL_EnablePll0InFllMode
 .text.CLOCK_HAL_GetInternalRefClk
                0x00004554       0x64 /opt/Freescale/SKD1.3/lib/ksdk_platform_lib/kds/KL25Z4/debug/libksdk_platform.a(fsl_mcg_hal.o)
                0x00004554                CLOCK_HAL_GetInternalRefClk
 .text.CLOCK_HAL_GetOutClk
                0x000045b8       0x7c /opt/Freescale/SKD1.3/lib/ksdk_platform_lib/kds/KL25Z4/debug/libksdk_platform.a(fsl_mcg_hal.o)
                0x000045b8                CLOCK_HAL_GetOutClk
 .text.CLOCK_HAL_SetOsc0Mode
                0x00004634       0x68 /opt/Freescale/SKD1.3/lib/ksdk_platform_lib/kds/KL25Z4/debug/libksdk_platform.a(fsl_mcg_hal.o)
                0x00004634                CLOCK_HAL_SetOsc0Mode
 .text.CLOCK_HAL_GetClkOutStat
                0x0000469c       0x20 /opt/Freescale/SKD1.3/lib/ksdk_platform_lib/kds/KL25Z4/debug/libksdk_platform.a(fsl_mcg_hal_modes.o)
 .text.CLOCK_HAL_GetFllSrc
                0x000046bc       0x20 /opt/Freescale/SKD1.3/lib/ksdk_platform_lib/kds/KL25Z4/debug/libksdk_platform.a(fsl_mcg_hal_modes.o)
 .text.CLOCK_HAL_GetInternalRefClkMode
                0x000046dc       0x20 /opt/Freescale/SKD1.3/lib/ksdk_platform_lib/kds/KL25Z4/debug/libksdk_platform.a(fsl_mcg_hal_modes.o)
 .text.CLOCK_HAL_SetPll0EnableCmd
                0x000046fc       0x28 /opt/Freescale/SKD1.3/lib/ksdk_platform_lib/kds/KL25Z4/debug/libksdk_platform.a(fsl_mcg_hal_modes.o)
 .text.CLOCK_HAL_IsPll0Locked
                0x00004724       0x24 /opt/Freescale/SKD1.3/lib/ksdk_platform_lib/kds/KL25Z4/debug/libksdk_platform.a(fsl_mcg_hal_modes.o)
 .text.CLOCK_HAL_IsPllSelected
                0x00004748       0x24 /opt/Freescale/SKD1.3/lib/ksdk_platform_lib/kds/KL25Z4/debug/libksdk_platform.a(fsl_mcg_hal_modes.o)
 .text.CLOCK_HAL_IsOsc0Stable
                0x0000476c       0x24 /opt/Freescale/SKD1.3/lib/ksdk_platform_lib/kds/KL25Z4/debug/libksdk_platform.a(fsl_mcg_hal_modes.o)
 .text.CLOCK_HAL_GetMcgMode
                0x00004790      0x148 /opt/Freescale/SKD1.3/lib/ksdk_platform_lib/kds/KL25Z4/debug/libksdk_platform.a(fsl_mcg_hal_modes.o)
                0x00004790                CLOCK_HAL_GetMcgMode
 .text.CLOCK_HAL_SetFeiMode
                0x000048d8       0xf8 /opt/Freescale/SKD1.3/lib/ksdk_platform_lib/kds/KL25Z4/debug/libksdk_platform.a(fsl_mcg_hal_modes.o)
                0x000048d8                CLOCK_HAL_SetFeiMode
 .text.CLOCK_HAL_SetFeeMode
                0x000049d0      0x130 /opt/Freescale/SKD1.3/lib/ksdk_platform_lib/kds/KL25Z4/debug/libksdk_platform.a(fsl_mcg_hal_modes.o)
                0x000049d0                CLOCK_HAL_SetFeeMode
 .text.CLOCK_HAL_SetFbiMode
                0x00004b00      0x144 /opt/Freescale/SKD1.3/lib/ksdk_platform_lib/kds/KL25Z4/debug/libksdk_platform.a(fsl_mcg_hal_modes.o)
                0x00004b00                CLOCK_HAL_SetFbiMode
 .text.CLOCK_HAL_SetFbeMode
                0x00004c44      0x164 /opt/Freescale/SKD1.3/lib/ksdk_platform_lib/kds/KL25Z4/debug/libksdk_platform.a(fsl_mcg_hal_modes.o)
                0x00004c44                CLOCK_HAL_SetFbeMode
 .text.CLOCK_HAL_SetBlpiMode
                0x00004da8       0x68 /opt/Freescale/SKD1.3/lib/ksdk_platform_lib/kds/KL25Z4/debug/libksdk_platform.a(fsl_mcg_hal_modes.o)
                0x00004da8                CLOCK_HAL_SetBlpiMode
 .text.CLOCK_HAL_SetBlpeMode
                0x00004e10       0x34 /opt/Freescale/SKD1.3/lib/ksdk_platform_lib/kds/KL25Z4/debug/libksdk_platform.a(fsl_mcg_hal_modes.o)
                0x00004e10                CLOCK_HAL_SetBlpeMode
 .text.CLOCK_HAL_SetPbeMode
                0x00004e44      0x100 /opt/Freescale/SKD1.3/lib/ksdk_platform_lib/kds/KL25Z4/debug/libksdk_platform.a(fsl_mcg_hal_modes.o)
                0x00004e44                CLOCK_HAL_SetPbeMode
 .text.CLOCK_HAL_SetPeeMode
                0x00004f44       0x30 /opt/Freescale/SKD1.3/lib/ksdk_platform_lib/kds/KL25Z4/debug/libksdk_platform.a(fsl_mcg_hal_modes.o)
                0x00004f44                CLOCK_HAL_SetPeeMode
 .text.__assert_func
                0x00004f74       0x3c /opt/Freescale/KDS_v3/toolchain/bin/../lib/gcc/arm-none-eabi/4.8.4/../../../../arm-none-eabi/lib/armv6-m/libg_s.a(lib_a-assert.o)
                0x00004f74                __assert_func
 .text.exit     0x00004fb0       0x2c /opt/Freescale/KDS_v3/toolchain/bin/../lib/gcc/arm-none-eabi/4.8.4/../../../../arm-none-eabi/lib/armv6-m/libg_s.a(lib_a-exit.o)
                0x00004fb0                exit
 .text.fprintf  0x00004fdc       0x24 /opt/Freescale/KDS_v3/toolchain/bin/../lib/gcc/arm-none-eabi/4.8.4/../../../../arm-none-eabi/lib/armv6-m/libg_s.a(lib_a-fprintf.o)
                0x00004fdc                fprintf
                0x00004fdc                fiprintf
 .text.__libc_init_array
                0x00005000       0x4c /opt/Freescale/KDS_v3/toolchain/bin/../lib/gcc/arm-none-eabi/4.8.4/../../../../arm-none-eabi/lib/armv6-m/libg_s.a(lib_a-init.o)
                0x00005000                __libc_init_array
 .text.malloc   0x0000504c       0x14 /opt/Freescale/KDS_v3/toolchain/bin/../lib/gcc/arm-none-eabi/4.8.4/../../../../arm-none-eabi/lib/armv6-m/libg_s.a(lib_a-malloc.o)
                0x0000504c                malloc
 .text.memset   0x00005060       0x10 /opt/Freescale/KDS_v3/toolchain/bin/../lib/gcc/arm-none-eabi/4.8.4/../../../../arm-none-eabi/lib/armv6-m/libg_s.a(lib_a-memset.o)
                0x00005060                memset
 .text._calloc_r
                0x00005070       0x1c /opt/Freescale/KDS_v3/toolchain/bin/../lib/gcc/arm-none-eabi/4.8.4/../../../../arm-none-eabi/lib/armv6-m/libg_s.a(lib_a-nano-callocr.o)
                0x00005070                _calloc_r
 .text._free_r  0x0000508c       0x90 /opt/Freescale/KDS_v3/toolchain/bin/../lib/gcc/arm-none-eabi/4.8.4/../../../../arm-none-eabi/lib/armv6-m/libg_s.a(lib_a-nano-freer.o)
                0x0000508c                _free_r
 .text._malloc_r
                0x0000511c       0xa8 /opt/Freescale/KDS_v3/toolchain/bin/../lib/gcc/arm-none-eabi/4.8.4/../../../../arm-none-eabi/lib/armv6-m/libg_s.a(lib_a-nano-mallocr.o)
                0x0000511c                _malloc_r
 .text._sbrk_r  0x000051c4       0x24 /opt/Freescale/KDS_v3/toolchain/bin/../lib/gcc/arm-none-eabi/4.8.4/../../../../arm-none-eabi/lib/armv6-m/libg_s.a(lib_a-sbrkr.o)
                0x000051c4                _sbrk_r
 .text.sprintf  0x000051e8       0x44 /opt/Freescale/KDS_v3/toolchain/bin/../lib/gcc/arm-none-eabi/4.8.4/../../../../arm-none-eabi/lib/armv6-m/libg_s.a(lib_a-sprintf.o)
                0x000051e8                sprintf
                0x000051e8                siprintf
 .text.sscanf   0x0000522c       0x50 /opt/Freescale/KDS_v3/toolchain/bin/../lib/gcc/arm-none-eabi/4.8.4/../../../../arm-none-eabi/lib/armv6-m/libg_s.a(lib_a-sscanf.o)
                0x0000522c                sscanf
                0x0000522c                siscanf
 .text.__sread  0x0000527c       0x28 /opt/Freescale/KDS_v3/toolchain/bin/../lib/gcc/arm-none-eabi/4.8.4/../../../../arm-none-eabi/lib/armv6-m/libg_s.a(lib_a-stdio.o)
                0x0000527c                __sread
 .text.__seofread
                0x000052a4        0x4 /opt/Freescale/KDS_v3/toolchain/bin/../lib/gcc/arm-none-eabi/4.8.4/../../../../arm-none-eabi/lib/armv6-m/libg_s.a(lib_a-stdio.o)
                0x000052a4                __seofread
 .text.__swrite
                0x000052a8       0x38 /opt/Freescale/KDS_v3/toolchain/bin/../lib/gcc/arm-none-eabi/4.8.4/../../../../arm-none-eabi/lib/armv6-m/libg_s.a(lib_a-stdio.o)
                0x000052a8                __swrite
 .text.__sseek  0x000052e0       0x2c /opt/Freescale/KDS_v3/toolchain/bin/../lib/gcc/arm-none-eabi/4.8.4/../../../../arm-none-eabi/lib/armv6-m/libg_s.a(lib_a-stdio.o)
                0x000052e0                __sseek
 .text.__sclose
                0x0000530c        0xc /opt/Freescale/KDS_v3/toolchain/bin/../lib/gcc/arm-none-eabi/4.8.4/../../../../arm-none-eabi/lib/armv6-m/libg_s.a(lib_a-stdio.o)
                0x0000530c                __sclose
 .text.strlen   0x00005318        0xe /opt/Freescale/KDS_v3/toolchain/bin/../lib/gcc/arm-none-eabi/4.8.4/../../../../arm-none-eabi/lib/armv6-m/libg_s.a(lib_a-strlen.o)
                0x00005318                strlen
 *fill*         0x00005326        0x2 
 .text.__ssputs_r
                0x00005328       0xc0 /opt/Freescale/KDS_v3/toolchain/bin/../lib/gcc/arm-none-eabi/4.8.4/../../../../arm-none-eabi/lib/armv6-m/libg_s.a(lib_a-svfprintf.o)
                0x00005328                __ssputs_r
 .text._svfprintf_r
                0x000053e8      0x1e0 /opt/Freescale/KDS_v3/toolchain/bin/../lib/gcc/arm-none-eabi/4.8.4/../../../../arm-none-eabi/lib/armv6-m/libg_s.a(lib_a-svfprintf.o)
                0x000053e8                _svfprintf_r
                0x000053e8                _svfiprintf_r
 .text._sungetc_r
                0x000055c8       0x7a /opt/Freescale/KDS_v3/toolchain/bin/../lib/gcc/arm-none-eabi/4.8.4/../../../../arm-none-eabi/lib/armv6-m/libg_s.a(lib_a-svfscanf.o)
                0x000055c8                _sungetc_r
 .text.__ssrefill_r
                0x00005642       0x3e /opt/Freescale/KDS_v3/toolchain/bin/../lib/gcc/arm-none-eabi/4.8.4/../../../../arm-none-eabi/lib/armv6-m/libg_s.a(lib_a-svfscanf.o)
                0x00005642                __ssrefill_r
 .text.__ssvfscanf_r
                0x00005680      0x2b0 /opt/Freescale/KDS_v3/toolchain/bin/../lib/gcc/arm-none-eabi/4.8.4/../../../../arm-none-eabi/lib/armv6-m/libg_s.a(lib_a-svfscanf.o)
                0x00005680                __ssvfscanf_r
                0x00005680                __ssvfiscanf_r
 .text.__submore
                0x00005930       0x7c /opt/Freescale/KDS_v3/toolchain/bin/../lib/gcc/arm-none-eabi/4.8.4/../../../../arm-none-eabi/lib/armv6-m/libg_s.a(lib_a-ungetc.o)
                0x00005930                __submore
 .text.__sfputc_r
                0x000059ac       0x2a /opt/Freescale/KDS_v3/toolchain/bin/../lib/gcc/arm-none-eabi/4.8.4/../../../../arm-none-eabi/lib/armv6-m/libg_s.a(lib_a-vfprintf.o)
 .text.__sfputs_r
                0x000059d6       0x24 /opt/Freescale/KDS_v3/toolchain/bin/../lib/gcc/arm-none-eabi/4.8.4/../../../../arm-none-eabi/lib/armv6-m/libg_s.a(lib_a-vfprintf.o)
                0x000059d6                __sfputs_r
 *fill*         0x000059fa        0x2 
 .text._vfprintf_r
                0x000059fc      0x210 /opt/Freescale/KDS_v3/toolchain/bin/../lib/gcc/arm-none-eabi/4.8.4/../../../../arm-none-eabi/lib/armv6-m/libg_s.a(lib_a-vfprintf.o)
                0x000059fc                _vfiprintf_r
                0x000059fc                _vfprintf_r
 *fill*         0x00005c0c        0x4 
 .text.__cvt    0x00005c10       0xd0 /opt/Freescale/KDS_v3/toolchain/bin/../lib/gcc/arm-none-eabi/4.8.4/../../../../arm-none-eabi/lib/armv6-m/libg_s.a(lib_a-vfprintf_float.o)
                0x00005c10                __cvt
 .text.__exponent
                0x00005ce0       0x6a /opt/Freescale/KDS_v3/toolchain/bin/../lib/gcc/arm-none-eabi/4.8.4/../../../../arm-none-eabi/lib/armv6-m/libg_s.a(lib_a-vfprintf_float.o)
                0x00005ce0                __exponent
 *fill*         0x00005d4a        0x6 
 .text._printf_float
                0x00005d50      0x458 /opt/Freescale/KDS_v3/toolchain/bin/../lib/gcc/arm-none-eabi/4.8.4/../../../../arm-none-eabi/lib/armv6-m/libg_s.a(lib_a-vfprintf_float.o)
                0x00005d50                _printf_float
 .text._printf_common
                0x000061a8       0xe8 /opt/Freescale/KDS_v3/toolchain/bin/../lib/gcc/arm-none-eabi/4.8.4/../../../../arm-none-eabi/lib/armv6-m/libg_s.a(lib_a-vfprintf_i.o)
                0x000061a8                _printf_common
 .text._printf_i
                0x00006290      0x22c /opt/Freescale/KDS_v3/toolchain/bin/../lib/gcc/arm-none-eabi/4.8.4/../../../../arm-none-eabi/lib/armv6-m/libg_s.a(lib_a-vfprintf_i.o)
                0x00006290                _printf_i
 .text._scanf_float
                0x000064bc      0x3e0 /opt/Freescale/KDS_v3/toolchain/bin/../lib/gcc/arm-none-eabi/4.8.4/../../../../arm-none-eabi/lib/armv6-m/libg_s.a(lib_a-vfscanf_float.o)
                0x000064bc                _scanf_float
 .text._scanf_chars
                0x0000689c       0xc8 /opt/Freescale/KDS_v3/toolchain/bin/../lib/gcc/arm-none-eabi/4.8.4/../../../../arm-none-eabi/lib/armv6-m/libg_s.a(lib_a-vfscanf_i.o)
                0x0000689c                _scanf_chars
 .text._scanf_i
                0x00006964      0x1fc /opt/Freescale/KDS_v3/toolchain/bin/../lib/gcc/arm-none-eabi/4.8.4/../../../../arm-none-eabi/lib/armv6-m/libg_s.a(lib_a-vfscanf_i.o)
                0x00006964                _scanf_i
 .text.__swbuf_r
                0x00006b60       0xb0 /opt/Freescale/KDS_v3/toolchain/bin/../lib/gcc/arm-none-eabi/4.8.4/../../../../arm-none-eabi/lib/armv6-m/libg_s.a(lib_a-wbuf.o)
                0x00006b60                __swbuf_r
 .text._write_r
                0x00006c10       0x28 /opt/Freescale/KDS_v3/toolchain/bin/../lib/gcc/arm-none-eabi/4.8.4/../../../../arm-none-eabi/lib/armv6-m/libg_s.a(lib_a-writer.o)
                0x00006c10                _write_r
 .text.__swsetup_r
                0x00006c38       0xe4 /opt/Freescale/KDS_v3/toolchain/bin/../lib/gcc/arm-none-eabi/4.8.4/../../../../arm-none-eabi/lib/armv6-m/libg_s.a(lib_a-wsetup.o)
                0x00006c38                __swsetup_r
 .text.abort    0x00006d1c        0xe /opt/Freescale/KDS_v3/toolchain/bin/../lib/gcc/arm-none-eabi/4.8.4/../../../../arm-none-eabi/lib/armv6-m/libg_s.a(lib_a-abort.o)
                0x00006d1c                abort
 *fill*         0x00006d2a        0x2 
 .text._close_r
                0x00006d2c       0x24 /opt/Freescale/KDS_v3/toolchain/bin/../lib/gcc/arm-none-eabi/4.8.4/../../../../arm-none-eabi/lib/armv6-m/libg_s.a(lib_a-closer.o)
                0x00006d2c                _close_r
 .text.quorem   0x00006d50      0x118 /opt/Freescale/KDS_v3/toolchain/bin/../lib/gcc/arm-none-eabi/4.8.4/../../../../arm-none-eabi/lib/armv6-m/libg_s.a(lib_a-dtoa.o)
 .text._dtoa_r  0x00006e68      0xbb8 /opt/Freescale/KDS_v3/toolchain/bin/../lib/gcc/arm-none-eabi/4.8.4/../../../../arm-none-eabi/lib/armv6-m/libg_s.a(lib_a-dtoa.o)
                0x00006e68                _dtoa_r
 .text.__sflush_r
                0x00007a20      0x112 /opt/Freescale/KDS_v3/toolchain/bin/../lib/gcc/arm-none-eabi/4.8.4/../../../../arm-none-eabi/lib/armv6-m/libg_s.a(lib_a-fflush.o)
                0x00007a20                __sflush_r
 *fill*         0x00007b32        0x2 
 .text._fflush_r
                0x00007b34       0x58 /opt/Freescale/KDS_v3/toolchain/bin/../lib/gcc/arm-none-eabi/4.8.4/../../../../arm-none-eabi/lib/armv6-m/libg_s.a(lib_a-fflush.o)
                0x00007b34                _fflush_r
 .text._cleanup_r
                0x00007b8c       0x34 /opt/Freescale/KDS_v3/toolchain/bin/../lib/gcc/arm-none-eabi/4.8.4/../../../../arm-none-eabi/lib/armv6-m/libg_s.a(lib_a-findfp.o)
                0x00007b8c                _cleanup_r
 .text.std.isra.0
                0x00007bc0       0x48 /opt/Freescale/KDS_v3/toolchain/bin/../lib/gcc/arm-none-eabi/4.8.4/../../../../arm-none-eabi/lib/armv6-m/libg_s.a(lib_a-findfp.o)
 .text.__sfmoreglue
                0x00007c08       0x2c /opt/Freescale/KDS_v3/toolchain/bin/../lib/gcc/arm-none-eabi/4.8.4/../../../../arm-none-eabi/lib/armv6-m/libg_s.a(lib_a-findfp.o)
                0x00007c08                __sfmoreglue
 .text.__sinit  0x00007c34       0x64 /opt/Freescale/KDS_v3/toolchain/bin/../lib/gcc/arm-none-eabi/4.8.4/../../../../arm-none-eabi/lib/armv6-m/libg_s.a(lib_a-findfp.o)
                0x00007c34                __sinit
 .text.__sfp    0x00007c98       0x7c /opt/Freescale/KDS_v3/toolchain/bin/../lib/gcc/arm-none-eabi/4.8.4/../../../../arm-none-eabi/lib/armv6-m/libg_s.a(lib_a-findfp.o)
                0x00007c98                __sfp
 .text._localeconv_r
                0x00007d14        0x8 /opt/Freescale/KDS_v3/toolchain/bin/../lib/gcc/arm-none-eabi/4.8.4/../../../../arm-none-eabi/lib/armv6-m/libg_s.a(lib_a-locale.o)
                0x00007d14                _localeconv_r
 .text._lseek_r
                0x00007d1c       0x28 /opt/Freescale/KDS_v3/toolchain/bin/../lib/gcc/arm-none-eabi/4.8.4/../../../../arm-none-eabi/lib/armv6-m/libg_s.a(lib_a-lseekr.o)
                0x00007d1c                _lseek_r
 .text.__smakebuf_r
                0x00007d44       0xa0 /opt/Freescale/KDS_v3/toolchain/bin/../lib/gcc/arm-none-eabi/4.8.4/../../../../arm-none-eabi/lib/armv6-m/libg_s.a(lib_a-makebuf.o)
                0x00007d44                __smakebuf_r
 .text.memchr   0x00007de4       0x16 /opt/Freescale/KDS_v3/toolchain/bin/../lib/gcc/arm-none-eabi/4.8.4/../../../../arm-none-eabi/lib/armv6-m/libg_s.a(lib_a-memchr-stub.o)
                0x00007de4                memchr
 .text.memcpy   0x00007dfa       0x12 /opt/Freescale/KDS_v3/toolchain/bin/../lib/gcc/arm-none-eabi/4.8.4/../../../../arm-none-eabi/lib/armv6-m/libg_s.a(lib_a-memcpy-stub.o)
                0x00007dfa                memcpy
 .text.memmove  0x00007e0c       0x32 /opt/Freescale/KDS_v3/toolchain/bin/../lib/gcc/arm-none-eabi/4.8.4/../../../../arm-none-eabi/lib/armv6-m/libg_s.a(lib_a-memmove.o)
                0x00007e0c                memmove
 .text._Balloc  0x00007e3e       0x70 /opt/Freescale/KDS_v3/toolchain/bin/../lib/gcc/arm-none-eabi/4.8.4/../../../../arm-none-eabi/lib/armv6-m/libg_s.a(lib_a-mprec.o)
                0x00007e3e                _Balloc
 .text._Bfree   0x00007eae       0x32 /opt/Freescale/KDS_v3/toolchain/bin/../lib/gcc/arm-none-eabi/4.8.4/../../../../arm-none-eabi/lib/armv6-m/libg_s.a(lib_a-mprec.o)
                0x00007eae                _Bfree
 .text.__multadd
                0x00007ee0       0x7c /opt/Freescale/KDS_v3/toolchain/bin/../lib/gcc/arm-none-eabi/4.8.4/../../../../arm-none-eabi/lib/armv6-m/libg_s.a(lib_a-mprec.o)
                0x00007ee0                __multadd
 .text.__s2b    0x00007f5c       0x80 /opt/Freescale/KDS_v3/toolchain/bin/../lib/gcc/arm-none-eabi/4.8.4/../../../../arm-none-eabi/lib/armv6-m/libg_s.a(lib_a-mprec.o)
                0x00007f5c                __s2b
 .text.__hi0bits
                0x00007fdc       0x38 /opt/Freescale/KDS_v3/toolchain/bin/../lib/gcc/arm-none-eabi/4.8.4/../../../../arm-none-eabi/lib/armv6-m/libg_s.a(lib_a-mprec.o)
                0x00007fdc                __hi0bits
 .text.__lo0bits
                0x00008014       0x5a /opt/Freescale/KDS_v3/toolchain/bin/../lib/gcc/arm-none-eabi/4.8.4/../../../../arm-none-eabi/lib/armv6-m/libg_s.a(lib_a-mprec.o)
                0x00008014                __lo0bits
 .text.__i2b    0x0000806e       0x12 /opt/Freescale/KDS_v3/toolchain/bin/../lib/gcc/arm-none-eabi/4.8.4/../../../../arm-none-eabi/lib/armv6-m/libg_s.a(lib_a-mprec.o)
                0x0000806e                __i2b
 .text.__multiply
                0x00008080      0x11e /opt/Freescale/KDS_v3/toolchain/bin/../lib/gcc/arm-none-eabi/4.8.4/../../../../arm-none-eabi/lib/armv6-m/libg_s.a(lib_a-mprec.o)
                0x00008080                __multiply
 *fill*         0x0000819e        0x2 
 .text.__pow5mult
                0x000081a0       0xa4 /opt/Freescale/KDS_v3/toolchain/bin/../lib/gcc/arm-none-eabi/4.8.4/../../../../arm-none-eabi/lib/armv6-m/libg_s.a(lib_a-mprec.o)
                0x000081a0                __pow5mult
 .text.__lshift
                0x00008244       0xa4 /opt/Freescale/KDS_v3/toolchain/bin/../lib/gcc/arm-none-eabi/4.8.4/../../../../arm-none-eabi/lib/armv6-m/libg_s.a(lib_a-mprec.o)
                0x00008244                __lshift
 .text.__mcmp   0x000082e8       0x36 /opt/Freescale/KDS_v3/toolchain/bin/../lib/gcc/arm-none-eabi/4.8.4/../../../../arm-none-eabi/lib/armv6-m/libg_s.a(lib_a-mprec.o)
                0x000082e8                __mcmp
 .text.__mdiff  0x0000831e       0xcc /opt/Freescale/KDS_v3/toolchain/bin/../lib/gcc/arm-none-eabi/4.8.4/../../../../arm-none-eabi/lib/armv6-m/libg_s.a(lib_a-mprec.o)
                0x0000831e                __mdiff
 *fill*         0x000083ea        0x2 
 .text.__ulp    0x000083ec       0x44 /opt/Freescale/KDS_v3/toolchain/bin/../lib/gcc/arm-none-eabi/4.8.4/../../../../arm-none-eabi/lib/armv6-m/libg_s.a(lib_a-mprec.o)
                0x000083ec                __ulp
 .text.__b2d    0x00008430       0xa4 /opt/Freescale/KDS_v3/toolchain/bin/../lib/gcc/arm-none-eabi/4.8.4/../../../../arm-none-eabi/lib/armv6-m/libg_s.a(lib_a-mprec.o)
                0x00008430                __b2d
 .text.__d2b    0x000084d4       0xb0 /opt/Freescale/KDS_v3/toolchain/bin/../lib/gcc/arm-none-eabi/4.8.4/../../../../arm-none-eabi/lib/armv6-m/libg_s.a(lib_a-mprec.o)
                0x000084d4                __d2b
 .text.__ratio  0x00008584       0x48 /opt/Freescale/KDS_v3/toolchain/bin/../lib/gcc/arm-none-eabi/4.8.4/../../../../arm-none-eabi/lib/armv6-m/libg_s.a(lib_a-mprec.o)
                0x00008584                __ratio
 .text.__copybits
                0x000085cc       0x2c /opt/Freescale/KDS_v3/toolchain/bin/../lib/gcc/arm-none-eabi/4.8.4/../../../../arm-none-eabi/lib/armv6-m/libg_s.a(lib_a-mprec.o)
                0x000085cc                __copybits
 .text.__any_on
                0x000085f8       0x44 /opt/Freescale/KDS_v3/toolchain/bin/../lib/gcc/arm-none-eabi/4.8.4/../../../../arm-none-eabi/lib/armv6-m/libg_s.a(lib_a-mprec.o)
                0x000085f8                __any_on
 .text._realloc_r
                0x0000863c       0x4c /opt/Freescale/KDS_v3/toolchain/bin/../lib/gcc/arm-none-eabi/4.8.4/../../../../arm-none-eabi/lib/armv6-m/libg_s.a(lib_a-nano-reallocr.o)
                0x0000863c                _realloc_r
 .text._read_r  0x00008688       0x28 /opt/Freescale/KDS_v3/toolchain/bin/../lib/gcc/arm-none-eabi/4.8.4/../../../../arm-none-eabi/lib/armv6-m/libg_s.a(lib_a-readr.o)
                0x00008688                _read_r
 .text.__fpclassifyd
                0x000086b0       0x54 /opt/Freescale/KDS_v3/toolchain/bin/../lib/gcc/arm-none-eabi/4.8.4/../../../../arm-none-eabi/lib/armv6-m/libg_s.a(lib_a-s_fpclassify.o)
                0x000086b0                __fpclassifyd
 .text.__sccl   0x00008704       0x66 /opt/Freescale/KDS_v3/toolchain/bin/../lib/gcc/arm-none-eabi/4.8.4/../../../../arm-none-eabi/lib/armv6-m/libg_s.a(lib_a-sccl.o)
                0x00008704                __sccl
 *fill*         0x0000876a        0x2 
 .text.nanf     0x0000876c        0x8 /opt/Freescale/KDS_v3/toolchain/bin/../lib/gcc/arm-none-eabi/4.8.4/../../../../arm-none-eabi/lib/armv6-m/libg_s.a(lib_a-sf_nan.o)
                0x0000876c                nanf
 .text._raise_r
                0x00008774       0x56 /opt/Freescale/KDS_v3/toolchain/bin/../lib/gcc/arm-none-eabi/4.8.4/../../../../arm-none-eabi/lib/armv6-m/libg_s.a(lib_a-signal.o)
                0x00008774                _raise_r
 *fill*         0x000087ca        0x2 
 .text.raise    0x000087cc       0x14 /opt/Freescale/KDS_v3/toolchain/bin/../lib/gcc/arm-none-eabi/4.8.4/../../../../arm-none-eabi/lib/armv6-m/libg_s.a(lib_a-signal.o)
                0x000087cc                raise
 .text._kill_r  0x000087e0       0x24 /opt/Freescale/KDS_v3/toolchain/bin/../lib/gcc/arm-none-eabi/4.8.4/../../../../arm-none-eabi/lib/armv6-m/libg_s.a(lib_a-signalr.o)
                0x000087e0                _kill_r
 .text._getpid_r
                0x00008804        0x8 /opt/Freescale/KDS_v3/toolchain/bin/../lib/gcc/arm-none-eabi/4.8.4/../../../../arm-none-eabi/lib/armv6-m/libg_s.a(lib_a-signalr.o)
                0x00008804                _getpid_r
 .text.match    0x0000880c       0x28 /opt/Freescale/KDS_v3/toolchain/bin/../lib/gcc/arm-none-eabi/4.8.4/../../../../arm-none-eabi/lib/armv6-m/libg_s.a(lib_a-strtod.o)
 .text.unlikely.sulp
                0x00008834       0x2c /opt/Freescale/KDS_v3/toolchain/bin/../lib/gcc/arm-none-eabi/4.8.4/../../../../arm-none-eabi/lib/armv6-m/libg_s.a(lib_a-strtod.o)
 .text._strtod_r
                0x00008860      0xc50 /opt/Freescale/KDS_v3/toolchain/bin/../lib/gcc/arm-none-eabi/4.8.4/../../../../arm-none-eabi/lib/armv6-m/libg_s.a(lib_a-strtod.o)
                0x00008860                _strtod_r
 .text._strtol_r
                0x000094b0      0x114 /opt/Freescale/KDS_v3/toolchain/bin/../lib/gcc/arm-none-eabi/4.8.4/../../../../arm-none-eabi/lib/armv6-m/libg_s.a(lib_a-strtol.o)
                0x000094b0                _strtol_r
 .text._strtoul_r
                0x000095c4       0xf8 /opt/Freescale/KDS_v3/toolchain/bin/../lib/gcc/arm-none-eabi/4.8.4/../../../../arm-none-eabi/lib/armv6-m/libg_s.a(lib_a-strtoul.o)
                0x000095c4                _strtoul_r
 .text._fstat_r
                0x000096bc       0x24 /opt/Freescale/KDS_v3/toolchain/bin/../lib/gcc/arm-none-eabi/4.8.4/../../../../arm-none-eabi/lib/armv6-m/libg_s.a(lib_a-fstatr.o)
                0x000096bc                _fstat_r
 .text.rshift   0x000096e0       0x6c /opt/Freescale/KDS_v3/toolchain/bin/../lib/gcc/arm-none-eabi/4.8.4/../../../../arm-none-eabi/lib/armv6-m/libg_s.a(lib_a-gdtoa-gethex.o)
 .text.__hexdig_fun
                0x0000974c       0x2a /opt/Freescale/KDS_v3/toolchain/bin/../lib/gcc/arm-none-eabi/4.8.4/../../../../arm-none-eabi/lib/armv6-m/libg_s.a(lib_a-gdtoa-gethex.o)
                0x0000974c                __hexdig_fun
 .text.__gethex
                0x00009776      0x43c /opt/Freescale/KDS_v3/toolchain/bin/../lib/gcc/arm-none-eabi/4.8.4/../../../../arm-none-eabi/lib/armv6-m/libg_s.a(lib_a-gdtoa-gethex.o)
                0x00009776                __gethex
 .text.L_shift  0x00009bb2       0x24 /opt/Freescale/KDS_v3/toolchain/bin/../lib/gcc/arm-none-eabi/4.8.4/../../../../arm-none-eabi/lib/armv6-m/libg_s.a(lib_a-gdtoa-hexnan.o)
 .text.__hexnan
                0x00009bd6      0x132 /opt/Freescale/KDS_v3/toolchain/bin/../lib/gcc/arm-none-eabi/4.8.4/../../../../arm-none-eabi/lib/armv6-m/libg_s.a(lib_a-gdtoa-hexnan.o)
                0x00009bd6                __hexnan
 .text._isatty_r
                0x00009d08       0x24 /opt/Freescale/KDS_v3/toolchain/bin/../lib/gcc/arm-none-eabi/4.8.4/../../../../arm-none-eabi/lib/armv6-m/libg_s.a(lib_a-isattyr.o)
                0x00009d08                _isatty_r
 .text._malloc_usable_size_r
                0x00009d2c       0x12 /opt/Freescale/KDS_v3/toolchain/bin/../lib/gcc/arm-none-eabi/4.8.4/../../../../arm-none-eabi/lib/armv6-m/libg_s.a(lib_a-nano-msizer.o)
                0x00009d2c                _malloc_usable_size_r
 .text.strncmp  0x00009d3e       0x2c /opt/Freescale/KDS_v3/toolchain/bin/../lib/gcc/arm-none-eabi/4.8.4/../../../../arm-none-eabi/lib/armv6-m/libg_s.a(lib_a-strncmp.o)
                0x00009d3e                strncmp
 *fill*         0x00009d6a        0x2 
 .text._close   0x00009d6c       0x10 /opt/Freescale/KDS_v3/toolchain/bin/../lib/gcc/arm-none-eabi/4.8.4/../../../../arm-none-eabi/lib/armv6-m/libnosys.a(close.o)
                0x00009d6c                _close
 .text._fstat   0x00009d7c       0x10 /opt/Freescale/KDS_v3/toolchain/bin/../lib/gcc/arm-none-eabi/4.8.4/../../../../arm-none-eabi/lib/armv6-m/libnosys.a(fstat.o)
                0x00009d7c                _fstat
 .text._getpid  0x00009d8c       0x10 /opt/Freescale/KDS_v3/toolchain/bin/../lib/gcc/arm-none-eabi/4.8.4/../../../../arm-none-eabi/lib/armv6-m/libnosys.a(getpid.o)
                0x00009d8c                _getpid
 .text._isatty  0x00009d9c       0x10 /opt/Freescale/KDS_v3/toolchain/bin/../lib/gcc/arm-none-eabi/4.8.4/../../../../arm-none-eabi/lib/armv6-m/libnosys.a(isatty.o)
                0x00009d9c                _isatty
 .text._kill    0x00009dac       0x10 /opt/Freescale/KDS_v3/toolchain/bin/../lib/gcc/arm-none-eabi/4.8.4/../../../../arm-none-eabi/lib/armv6-m/libnosys.a(kill.o)
                0x00009dac                _kill
 .text._lseek   0x00009dbc       0x10 /opt/Freescale/KDS_v3/toolchain/bin/../lib/gcc/arm-none-eabi/4.8.4/../../../../arm-none-eabi/lib/armv6-m/libnosys.a(lseek.o)
                0x00009dbc                _lseek
 .text._sbrk    0x00009dcc       0x34 /opt/Freescale/KDS_v3/toolchain/bin/../lib/gcc/arm-none-eabi/4.8.4/../../../../arm-none-eabi/lib/armv6-m/libnosys.a(sbrk.o)
                0x00009dcc                _sbrk
 .text._exit    0x00009e00        0x4 /opt/Freescale/KDS_v3/toolchain/bin/../lib/gcc/arm-none-eabi/4.8.4/../../../../arm-none-eabi/lib/armv6-m/libnosys.a(_exit.o)
                0x00009e00                _exit
 *(.rodata)
 .rodata        0x00009e04       0x10 ./Sources/Interface/Serial.o
 .rodata        0x00009e14       0x44 ./Sources/Interface/debugUart.o
 .rodata        0x00009e58        0xc ./Sources/Interface/fsl_debug_console.o
 .rodata        0x00009e64       0x44 ./Sources/mcg_hal.o
 .rodata        0x00009ea8      0x228 /opt/Freescale/SKD1.3/lib/ksdk_platform_lib/kds/KL25Z4/debug/libksdk_platform.a(fsl_clock_MKL25Z4.o)
 .rodata        0x0000a0d0       0xc8 /opt/Freescale/SKD1.3/lib/ksdk_platform_lib/kds/KL25Z4/debug/libksdk_platform.a(fsl_clock_manager.o)
 .rodata        0x0000a198        0xc /opt/Freescale/KDS_v3/toolchain/bin/../lib/gcc/arm-none-eabi/4.8.4/../../../../arm-none-eabi/lib/armv6-m/libg_s.a(lib_a-vfscanf_i.o)
 .rodata        0x0000a1a4       0x40 /opt/Freescale/KDS_v3/toolchain/bin/../lib/gcc/arm-none-eabi/4.8.4/armv6-m/libgcc.a(divdf3.o)
 .rodata        0x0000a1e4       0x40 /opt/Freescale/KDS_v3/toolchain/bin/../lib/gcc/arm-none-eabi/4.8.4/armv6-m/libgcc.a(muldf3.o)
 *(.rodata*)
 .rodata.serial_ParseCommand
                0x0000a224       0xac ./Sources/Interface/Serial.o
 .rodata.__func__.6339
                0x0000a2d0       0x14 ./Sources/Interface/debugUart.o
 .rodata.g_defaultClockConfigRun
                0x0000a2e4       0x14 ./Sources/mcg_hal.o
                0x0000a2e4                g_defaultClockConfigRun
 .rodata.__func__.5200
                0x0000a2f8       0x14 ./Sources/mcg_hal.o
 .rodata.portGateTable
                0x0000a30c        0x8 /opt/Freescale/SKD1.3/lib/ksdk_platform_lib/kds/KL25Z4/debug/libksdk_platform.a(fsl_clock_MKL25Z4.o)
 .rodata.uartGateTable
                0x0000a314        0x4 /opt/Freescale/SKD1.3/lib/ksdk_platform_lib/kds/KL25Z4/debug/libksdk_platform.a(fsl_clock_MKL25Z4.o)
 .rodata.__func__.6320
                0x0000a318       0x1c /opt/Freescale/SKD1.3/lib/ksdk_platform_lib/kds/KL25Z4/debug/libksdk_platform.a(fsl_clock_MKL25Z4.o)
 .rodata.__func__.6456
                0x0000a334       0x1c /opt/Freescale/SKD1.3/lib/ksdk_platform_lib/kds/KL25Z4/debug/libksdk_platform.a(fsl_clock_MKL25Z4.o)
 .rodata.__func__.6529
                0x0000a350       0x1c /opt/Freescale/SKD1.3/lib/ksdk_platform_lib/kds/KL25Z4/debug/libksdk_platform.a(fsl_clock_MKL25Z4.o)
 .rodata.__func__.6534
                0x0000a36c       0x1c /opt/Freescale/SKD1.3/lib/ksdk_platform_lib/kds/KL25Z4/debug/libksdk_platform.a(fsl_clock_MKL25Z4.o)
 .rodata.mcgModeMatrix
                0x0000a388       0x40 /opt/Freescale/SKD1.3/lib/ksdk_platform_lib/kds/KL25Z4/debug/libksdk_platform.a(fsl_clock_manager.o)
 .rodata.CLOCK_SYS_SetMcgMode
                0x0000a3c8       0x20 /opt/Freescale/SKD1.3/lib/ksdk_platform_lib/kds/KL25Z4/debug/libksdk_platform.a(fsl_clock_manager.o)
 .rodata.__func__.6581
                0x0000a3e8       0x18 /opt/Freescale/SKD1.3/lib/ksdk_platform_lib/kds/KL25Z4/debug/libksdk_platform.a(fsl_clock_manager.o)
 .rodata.__func__.6614
                0x0000a400       0x14 /opt/Freescale/SKD1.3/lib/ksdk_platform_lib/kds/KL25Z4/debug/libksdk_platform.a(fsl_clock_manager.o)
 .rodata.__func__.6631
                0x0000a414       0x18 /opt/Freescale/SKD1.3/lib/ksdk_platform_lib/kds/KL25Z4/debug/libksdk_platform.a(fsl_clock_manager.o)
 .rodata.g_oscBase
                0x0000a42c        0x4 /opt/Freescale/SKD1.3/lib/ksdk_platform_lib/kds/KL25Z4/debug/libksdk_platform.a(fsl_clock_manager_common.o)
                0x0000a42c                g_oscBase
 .rodata.fllFactorTable.5209
                0x0000a430       0x10 /opt/Freescale/SKD1.3/lib/ksdk_platform_lib/kds/KL25Z4/debug/libksdk_platform.a(fsl_mcg_hal.o)
 .rodata.str1.1
                0x0000a440       0x3c /opt/Freescale/KDS_v3/toolchain/bin/../lib/gcc/arm-none-eabi/4.8.4/../../../../arm-none-eabi/lib/armv6-m/libg_s.a(lib_a-assert.o)
                                 0x3d (size before relaxing)
 .rodata.str1.1
                0x0000a47c        0x2 /opt/Freescale/KDS_v3/toolchain/bin/../lib/gcc/arm-none-eabi/4.8.4/../../../../arm-none-eabi/lib/armv6-m/libg_s.a(lib_a-impure.o)
 *fill*         0x0000a47e        0x2 
 .rodata._global_impure_ptr
                0x0000a480        0x4 /opt/Freescale/KDS_v3/toolchain/bin/../lib/gcc/arm-none-eabi/4.8.4/../../../../arm-none-eabi/lib/armv6-m/libg_s.a(lib_a-impure.o)
                0x0000a480                _global_impure_ptr
 .rodata.str1.1
                0x0000a484       0x11 /opt/Freescale/KDS_v3/toolchain/bin/../lib/gcc/arm-none-eabi/4.8.4/../../../../arm-none-eabi/lib/armv6-m/libg_s.a(lib_a-svfprintf.o)
 .rodata.str1.1
                0x00000000        0x4 /opt/Freescale/KDS_v3/toolchain/bin/../lib/gcc/arm-none-eabi/4.8.4/../../../../arm-none-eabi/lib/armv6-m/libg_s.a(lib_a-svfscanf.o)
 .rodata.str1.1
                0x00000000       0x11 /opt/Freescale/KDS_v3/toolchain/bin/../lib/gcc/arm-none-eabi/4.8.4/../../../../arm-none-eabi/lib/armv6-m/libg_s.a(lib_a-vfprintf.o)
 .rodata.str1.1
                0x0000a495       0x10 /opt/Freescale/KDS_v3/toolchain/bin/../lib/gcc/arm-none-eabi/4.8.4/../../../../arm-none-eabi/lib/armv6-m/libg_s.a(lib_a-vfprintf_float.o)
                                 0x12 (size before relaxing)
 .rodata.str1.1
                0x0000a4a5       0x22 /opt/Freescale/KDS_v3/toolchain/bin/../lib/gcc/arm-none-eabi/4.8.4/../../../../arm-none-eabi/lib/armv6-m/libg_s.a(lib_a-vfprintf_i.o)
 .rodata.str1.1
                0x0000a4c7        0x5 /opt/Freescale/KDS_v3/toolchain/bin/../lib/gcc/arm-none-eabi/4.8.4/../../../../arm-none-eabi/lib/armv6-m/libg_s.a(lib_a-vfscanf_float.o)
 .rodata.str1.1
                0x0000a4cc       0x1b /opt/Freescale/KDS_v3/toolchain/bin/../lib/gcc/arm-none-eabi/4.8.4/../../../../arm-none-eabi/lib/armv6-m/libg_s.a(lib_a-vfscanf_i.o)
 .rodata._ctype_
                0x0000a4e7      0x101 /opt/Freescale/KDS_v3/toolchain/bin/../lib/gcc/arm-none-eabi/4.8.4/../../../../arm-none-eabi/lib/armv6-m/libg_s.a(lib_a-ctype_.o)
                0x0000a4e7                _ctype_
 .rodata.str1.1
                0x0000a5e8        0xd /opt/Freescale/KDS_v3/toolchain/bin/../lib/gcc/arm-none-eabi/4.8.4/../../../../arm-none-eabi/lib/armv6-m/libg_s.a(lib_a-dtoa.o)
                                  0xf (size before relaxing)
 *fill*         0x0000a5f5        0x3 
 .rodata.__sf_fake_stdin
                0x0000a5f8       0x20 /opt/Freescale/KDS_v3/toolchain/bin/../lib/gcc/arm-none-eabi/4.8.4/../../../../arm-none-eabi/lib/armv6-m/libg_s.a(lib_a-findfp.o)
                0x0000a5f8                __sf_fake_stdin
 .rodata.__sf_fake_stdout
                0x0000a618       0x20 /opt/Freescale/KDS_v3/toolchain/bin/../lib/gcc/arm-none-eabi/4.8.4/../../../../arm-none-eabi/lib/armv6-m/libg_s.a(lib_a-findfp.o)
                0x0000a618                __sf_fake_stdout
 .rodata.__sf_fake_stderr
                0x0000a638       0x20 /opt/Freescale/KDS_v3/toolchain/bin/../lib/gcc/arm-none-eabi/4.8.4/../../../../arm-none-eabi/lib/armv6-m/libg_s.a(lib_a-findfp.o)
                0x0000a638                __sf_fake_stderr
 .rodata.str1.1
                0x0000a658        0x8 /opt/Freescale/KDS_v3/toolchain/bin/../lib/gcc/arm-none-eabi/4.8.4/../../../../arm-none-eabi/lib/armv6-m/libg_s.a(lib_a-locale.o)
                                  0xb (size before relaxing)
 .rodata.__mprec_tens
                0x0000a660       0xc8 /opt/Freescale/KDS_v3/toolchain/bin/../lib/gcc/arm-none-eabi/4.8.4/../../../../arm-none-eabi/lib/armv6-m/libg_s.a(lib_a-mprec.o)
                0x0000a660                __mprec_tens
 .rodata.__mprec_bigtens
                0x0000a728       0x28 /opt/Freescale/KDS_v3/toolchain/bin/../lib/gcc/arm-none-eabi/4.8.4/../../../../arm-none-eabi/lib/armv6-m/libg_s.a(lib_a-mprec.o)
                0x0000a728                __mprec_bigtens
 .rodata.p05.5281
                0x0000a750        0xc /opt/Freescale/KDS_v3/toolchain/bin/../lib/gcc/arm-none-eabi/4.8.4/../../../../arm-none-eabi/lib/armv6-m/libg_s.a(lib_a-mprec.o)
 *fill*         0x0000a75c        0x4 
 .rodata.tinytens
                0x0000a760       0x28 /opt/Freescale/KDS_v3/toolchain/bin/../lib/gcc/arm-none-eabi/4.8.4/../../../../arm-none-eabi/lib/armv6-m/libg_s.a(lib_a-strtod.o)
 .rodata.fpi.5246
                0x0000a788       0x14 /opt/Freescale/KDS_v3/toolchain/bin/../lib/gcc/arm-none-eabi/4.8.4/../../../../arm-none-eabi/lib/armv6-m/libg_s.a(lib_a-strtod.o)
 .rodata.str1.1
                0x00000000        0x8 /opt/Freescale/KDS_v3/toolchain/bin/../lib/gcc/arm-none-eabi/4.8.4/../../../../arm-none-eabi/lib/armv6-m/libg_s.a(lib_a-strtod.o)
                                  0xc (size before relaxing)
 .rodata.fpinan.5282
                0x0000a79c       0x14 /opt/Freescale/KDS_v3/toolchain/bin/../lib/gcc/arm-none-eabi/4.8.4/../../../../arm-none-eabi/lib/armv6-m/libg_s.a(lib_a-strtod.o)
 *(.glue_7)
 .glue_7        0x00000000        0x0 linker stubs
 *(.glue_7t)
 .glue_7t       0x00000000        0x0 linker stubs
 *(.eh_frame)
 .eh_frame      0x0000a7b0        0x0 /opt/Freescale/KDS_v3/toolchain/bin/../lib/gcc/arm-none-eabi/4.8.4/armv6-m/crtbegin.o
 *(.init)
 .init          0x0000a7b0        0x4 /opt/Freescale/KDS_v3/toolchain/bin/../lib/gcc/arm-none-eabi/4.8.4/armv6-m/crti.o
                0x0000a7b0                _init
 .init          0x0000a7b4        0x8 /opt/Freescale/KDS_v3/toolchain/bin/../lib/gcc/arm-none-eabi/4.8.4/armv6-m/crtn.o
 *(.fini)
 .fini          0x0000a7bc        0x4 /opt/Freescale/KDS_v3/toolchain/bin/../lib/gcc/arm-none-eabi/4.8.4/armv6-m/crti.o
                0x0000a7bc                _fini
 .fini          0x0000a7c0        0x8 /opt/Freescale/KDS_v3/toolchain/bin/../lib/gcc/arm-none-eabi/4.8.4/armv6-m/crtn.o
                0x0000a7c8                . = ALIGN (0x4)

.vfp11_veneer   0x0000a7c8        0x0
 .vfp11_veneer  0x00000000        0x0 linker stubs

.v4_bx          0x0000a7c8        0x0
 .v4_bx         0x00000000        0x0 linker stubs

.iplt           0x0000a7c8        0x0
 .iplt          0x00000000        0x0 /opt/Freescale/KDS_v3/toolchain/bin/../lib/gcc/arm-none-eabi/4.8.4/armv6-m/crtbegin.o

.ARM.extab
 *(.ARM.extab* .gnu.linkonce.armextab.*)

.ARM            0x0000a7c8        0x8
                0x0000a7c8                __exidx_start = .
 *(.ARM.exidx*)
 .ARM.exidx     0x0000a7c8        0x8 /opt/Freescale/KDS_v3/toolchain/bin/../lib/gcc/arm-none-eabi/4.8.4/../../../../arm-none-eabi/lib/armv6-m/crt0.o
                0x0000a7d0                __exidx_end = .

.rel.dyn        0x0000a7d0        0x0
 .rel.iplt      0x00000000        0x0 /opt/Freescale/KDS_v3/toolchain/bin/../lib/gcc/arm-none-eabi/4.8.4/armv6-m/crtbegin.o

.ctors          0x0000a7d0        0x0
                0x0000a7d0                __CTOR_LIST__ = .
 *crtbegin.o(.ctors)
 *crtbegin?.o(.ctors)
 *(EXCLUDE_FILE(*crtend.o *crtend?.o) .ctors)
 *(SORT(.ctors.*))
 *(.ctors)
                0x0000a7d0                __CTOR_END__ = .

.dtors          0x0000a7d0        0x0
                0x0000a7d0                __DTOR_LIST__ = .
 *crtbegin.o(.dtors)
 *crtbegin?.o(.dtors)
 *(EXCLUDE_FILE(*crtend.o *crtend?.o) .dtors)
 *(SORT(.dtors.*))
 *(.dtors)
                0x0000a7d0                __DTOR_END__ = .

.preinit_array  0x0000a7d0        0x0
                0x0000a7d0                PROVIDE (__preinit_array_start, .)
 *(.preinit_array*)
                0x0000a7d0                PROVIDE (__preinit_array_end, .)

.init_array     0x0000a7d0        0x4
                0x0000a7d0                PROVIDE (__init_array_start, .)
 *(SORT(.init_array.*))
 *(.init_array*)
 .init_array    0x0000a7d0        0x4 /opt/Freescale/KDS_v3/toolchain/bin/../lib/gcc/arm-none-eabi/4.8.4/armv6-m/crtbegin.o
                0x0000a7d4                PROVIDE (__init_array_end, .)

.fini_array     0x0000a7d4        0x4
                0x0000a7d4                PROVIDE (__fini_array_start, .)
 *(SORT(.fini_array.*))
 *(.fini_array*)
 .fini_array    0x0000a7d4        0x4 /opt/Freescale/KDS_v3/toolchain/bin/../lib/gcc/arm-none-eabi/4.8.4/armv6-m/crtbegin.o
                0x0000a7d8                PROVIDE (__fini_array_end, .)
                0x0000a7d8                __etext = .
                0x0000a7d8                __DATA_ROM = .

.mtb            0x1ffff000        0x0
                0x1ffff000                . = ALIGN (0x8)
                0x1ffff000                _mtb_start = .
 *(.mtb_buf)
                0x1ffff000                . = ALIGN (0x8)
                0x1ffff000                _mtb_end = .

.interrupts_ram
                0x1ffff000        0x0
                0x1ffff000                . = ALIGN (0x4)
                0x1ffff000                __VECTOR_RAM__ = .
                0x1ffff000                __interrupts_ram_start__ = .
 *(.m_interrupts_ram)
                0x1ffff000                . = (. + M_VECTOR_RAM_SIZE)
                0x1ffff000                . = ALIGN (0x4)
                0x1ffff000                __interrupts_ram_end__ = .
                0x00000000                __VECTOR_RAM = DEFINED (__ram_vector_table__)?__VECTOR_RAM__:ORIGIN (m_interrupts)
                0x00000000                __RAM_VECTOR_TABLE_SIZE_BYTES = DEFINED (__ram_vector_table__)?(__interrupts_ram_end__ - __interrupts_ram_start__):0x0

.data           0x1ffff000       0xb0 load address 0x0000a7d8
                0x1ffff000                . = ALIGN (0x4)
                0x1ffff000                __DATA_RAM = .
                0x1ffff000                __data_start__ = .
 *(.data)
 *(.data*)
 .data.SystemCoreClock
                0x1ffff000        0x4 ./Project_Settings/Startup_Code/system_MKL25Z4.o
                0x1ffff000                SystemCoreClock
 .data.g_fastInternalRefClkFreq
                0x1ffff004        0x4 /opt/Freescale/SKD1.3/lib/ksdk_platform_lib/kds/KL25Z4/debug/libksdk_platform.a(fsl_mcg_hal.o)
                0x1ffff004                g_fastInternalRefClkFreq
 .data.g_slowInternalRefClkFreq
                0x1ffff008        0x4 /opt/Freescale/SKD1.3/lib/ksdk_platform_lib/kds/KL25Z4/debug/libksdk_platform.a(fsl_mcg_hal.o)
                0x1ffff008                g_slowInternalRefClkFreq
 .data.impure_data
                0x1ffff00c       0x60 /opt/Freescale/KDS_v3/toolchain/bin/../lib/gcc/arm-none-eabi/4.8.4/../../../../arm-none-eabi/lib/armv6-m/libg_s.a(lib_a-impure.o)
 .data._impure_ptr
                0x1ffff06c        0x4 /opt/Freescale/KDS_v3/toolchain/bin/../lib/gcc/arm-none-eabi/4.8.4/../../../../arm-none-eabi/lib/armv6-m/libg_s.a(lib_a-impure.o)
                0x1ffff06c                _impure_ptr
 .data.__ctype_ptr__
                0x1ffff070        0x4 /opt/Freescale/KDS_v3/toolchain/bin/../lib/gcc/arm-none-eabi/4.8.4/../../../../arm-none-eabi/lib/armv6-m/libg_s.a(lib_a-ctype_.o)
                0x1ffff070                __ctype_ptr__
 .data.lconv    0x1ffff074       0x38 /opt/Freescale/KDS_v3/toolchain/bin/../lib/gcc/arm-none-eabi/4.8.4/../../../../arm-none-eabi/lib/armv6-m/libg_s.a(lib_a-locale.o)
 *(.jcr*)
 .jcr           0x1ffff0ac        0x0 /opt/Freescale/KDS_v3/toolchain/bin/../lib/gcc/arm-none-eabi/4.8.4/armv6-m/crtbegin.o
 .jcr           0x1ffff0ac        0x4 /opt/Freescale/KDS_v3/toolchain/bin/../lib/gcc/arm-none-eabi/4.8.4/armv6-m/crtend.o
                0x1ffff0b0                . = ALIGN (0x4)
                0x1ffff0b0                __data_end__ = .
                0x0000a888                __DATA_END = (__DATA_ROM + (__data_end__ - __data_start__))
                0x00020000                text_end = (ORIGIN (m_text) + 0x1fbf0)
                0x00000001                ASSERT ((__DATA_END <= text_end), region m_text overflowed with text and data)

.igot.plt       0x1ffff0b0        0x0 load address 0x0000a888
 .igot.plt      0x00000000        0x0 /opt/Freescale/KDS_v3/toolchain/bin/../lib/gcc/arm-none-eabi/4.8.4/armv6-m/crtbegin.o

.bss            0x1ffff0b0      0x164 load address 0x0000a888
                0x1ffff0b0                . = ALIGN (0x4)
                0x1ffff0b0                __START_BSS = .
                0x1ffff0b0                __bss_start__ = .
 *(.bss)
 .bss           0x1ffff0b0       0x1c /opt/Freescale/KDS_v3/toolchain/bin/../lib/gcc/arm-none-eabi/4.8.4/armv6-m/crtbegin.o
 *(.bss*)
 .bss.count     0x1ffff0cc        0x1 ./Sources/Interface/Serial.o
                0x1ffff0cc                count
 *fill*         0x1ffff0cd        0x3 
 .bss.iTP       0x1ffff0d0        0x4 ./Sources/Interface/Serial.o
                0x1ffff0d0                iTP
 .bss.iFP       0x1ffff0d4        0x4 ./Sources/Interface/Serial.o
                0x1ffff0d4                iFP
 .bss.iTI       0x1ffff0d8        0x4 ./Sources/Interface/Serial.o
                0x1ffff0d8                iTI
 .bss.iFI       0x1ffff0dc        0x4 ./Sources/Interface/Serial.o
                0x1ffff0dc                iFI
 .bss.iTF       0x1ffff0e0        0x4 ./Sources/Interface/Serial.o
                0x1ffff0e0                iTF
 .bss.iFF       0x1ffff0e4        0x4 ./Sources/Interface/Serial.o
                0x1ffff0e4                iFF
 .bss.s_debugConsole
                0x1ffff0e8       0x10 ./Sources/Interface/fsl_debug_console.o
 .bss.timeout   0x1ffff0f8        0x4 ./Sources/Atraso/Motor.o
                0x1ffff0f8                timeout
 .bss.g_xtal0ClkFreq
                0x1ffff0fc        0x4 /opt/Freescale/SKD1.3/lib/ksdk_platform_lib/kds/KL25Z4/debug/libksdk_platform.a(fsl_mcg_hal.o)
                0x1ffff0fc                g_xtal0ClkFreq
 .bss.g_xtalRtcClkFreq
                0x1ffff100        0x4 /opt/Freescale/SKD1.3/lib/ksdk_platform_lib/kds/KL25Z4/debug/libksdk_platform.a(fsl_mcg_hal.o)
                0x1ffff100                g_xtalRtcClkFreq
 .bss.__malloc_sbrk_start
                0x1ffff104        0x4 /opt/Freescale/KDS_v3/toolchain/bin/../lib/gcc/arm-none-eabi/4.8.4/../../../../arm-none-eabi/lib/armv6-m/libg_s.a(lib_a-nano-mallocr.o)
                0x1ffff104                __malloc_sbrk_start
 .bss.__malloc_free_list
                0x1ffff108        0x4 /opt/Freescale/KDS_v3/toolchain/bin/../lib/gcc/arm-none-eabi/4.8.4/../../../../arm-none-eabi/lib/armv6-m/libg_s.a(lib_a-nano-mallocr.o)
                0x1ffff108                __malloc_free_list
 .bss.heap_end.4246
                0x1ffff10c        0x4 /opt/Freescale/KDS_v3/toolchain/bin/../lib/gcc/arm-none-eabi/4.8.4/../../../../arm-none-eabi/lib/armv6-m/libnosys.a(sbrk.o)
 *(COMMON)
 COMMON         0x1ffff110      0x100 ./Sources/Interface/Serial.o
                0x1ffff110                cmd
 COMMON         0x1ffff210        0x4 /opt/Freescale/KDS_v3/toolchain/bin/../lib/gcc/arm-none-eabi/4.8.4/../../../../arm-none-eabi/lib/armv6-m/libg_s.a(lib_a-reent.o)
                0x1ffff210                errno
                0x1ffff214                . = ALIGN (0x4)
                0x1ffff214                __bss_end__ = .
                0x1ffff214                __END_BSS = .

.heap           0x1ffff214      0x404 load address 0x0000a9ec
                0x1ffff218                . = ALIGN (0x8)
 *fill*         0x1ffff214        0x4 
                0x1ffff218                __end__ = .
                0x1ffff218                PROVIDE (end, .)
                0x1ffff218                __HeapBase = .
                0x1ffff618                . = (. + HEAP_SIZE)
 *fill*         0x1ffff218      0x400 
                0x1ffff618                __HeapLimit = .

.stack          0x1ffff618      0x400 load address 0x0000adf0
                0x1ffff618                . = ALIGN (0x8)
                0x1ffffa18                . = (. + STACK_SIZE)
 *fill*         0x1ffff618      0x400 
                0x20003000                __StackTop = (ORIGIN (m_data) + 0x4000)
                0x20002c00                __StackLimit = (__StackTop - STACK_SIZE)
                0x20003000                PROVIDE (__stack, __StackTop)

.ARM.attributes
                0x00000000       0x28
 *(.ARM.attributes)
 .ARM.attributes
                0x00000000       0x1e /opt/Freescale/KDS_v3/toolchain/bin/../lib/gcc/arm-none-eabi/4.8.4/armv6-m/crti.o
 .ARM.attributes
                0x0000001e       0x2c /opt/Freescale/KDS_v3/toolchain/bin/../lib/gcc/arm-none-eabi/4.8.4/armv6-m/crtbegin.o
 .ARM.attributes
                0x0000004a       0x1b /opt/Freescale/KDS_v3/toolchain/bin/../lib/gcc/arm-none-eabi/4.8.4/../../../../arm-none-eabi/lib/armv6-m/crt0.o
 .ARM.attributes
                0x00000065       0x32 ./Sources/Interface/Serial.o
 .ARM.attributes
                0x00000097       0x32 ./Sources/Interface/debugUart.o
 .ARM.attributes
                0x000000c9       0x32 ./Sources/Interface/fsl_debug_console.o
 .ARM.attributes
                0x000000fb       0x32 ./Sources/Atraso/Motor.o
 .ARM.attributes
                0x0000012d       0x32 ./Sources/Atraso/Timer.o
 .ARM.attributes
                0x0000015f       0x32 ./Sources/Atraso/Uart.o
 .ARM.attributes
                0x00000191       0x32 ./Sources/main.o
 .ARM.attributes
                0x000001c3       0x32 ./Sources/mcg_hal.o
 .ARM.attributes
                0x000001f5       0x32 ./Project_Settings/Startup_Code/startup.o
 .ARM.attributes
                0x00000227       0x1b ./Project_Settings/Startup_Code/startup_MKL25Z4.o
 .ARM.attributes
                0x00000242       0x32 ./Project_Settings/Startup_Code/system_MKL25Z4.o
 .ARM.attributes
                0x00000274       0x32 /opt/Freescale/SKD1.3/lib/ksdk_platform_lib/kds/KL25Z4/debug/libksdk_platform.a(fsl_uart_hal.o)
 .ARM.attributes
                0x000002a6       0x32 /opt/Freescale/SKD1.3/lib/ksdk_platform_lib/kds/KL25Z4/debug/libksdk_platform.a(fsl_lpsci_hal.o)
 .ARM.attributes
                0x000002d8       0x32 /opt/Freescale/SKD1.3/lib/ksdk_platform_lib/kds/KL25Z4/debug/libksdk_platform.a(fsl_clock_MKL25Z4.o)
 .ARM.attributes
                0x0000030a       0x32 /opt/Freescale/SKD1.3/lib/ksdk_platform_lib/kds/KL25Z4/debug/libksdk_platform.a(fsl_clock_manager.o)
 .ARM.attributes
                0x0000033c       0x32 /opt/Freescale/SKD1.3/lib/ksdk_platform_lib/kds/KL25Z4/debug/libksdk_platform.a(fsl_clock_manager_common.o)
 .ARM.attributes
                0x0000036e       0x32 /opt/Freescale/SKD1.3/lib/ksdk_platform_lib/kds/KL25Z4/debug/libksdk_platform.a(fsl_sim_hal_MKL25Z4.o)
 .ARM.attributes
                0x000003a0       0x32 /opt/Freescale/SKD1.3/lib/ksdk_platform_lib/kds/KL25Z4/debug/libksdk_platform.a(fsl_osc_hal.o)
 .ARM.attributes
                0x000003d2       0x32 /opt/Freescale/SKD1.3/lib/ksdk_platform_lib/kds/KL25Z4/debug/libksdk_platform.a(fsl_mcg_hal.o)
 .ARM.attributes
                0x00000404       0x32 /opt/Freescale/SKD1.3/lib/ksdk_platform_lib/kds/KL25Z4/debug/libksdk_platform.a(fsl_mcg_hal_modes.o)
 .ARM.attributes
                0x00000436       0x1e /opt/Freescale/KDS_v3/toolchain/bin/../lib/gcc/arm-none-eabi/4.8.4/armv6-m/libgcc.a(_udivsi3.o)
 .ARM.attributes
                0x00000454       0x1e /opt/Freescale/KDS_v3/toolchain/bin/../lib/gcc/arm-none-eabi/4.8.4/armv6-m/libgcc.a(_dvmd_tls.o)
 .ARM.attributes
                0x00000472       0x1e /opt/Freescale/KDS_v3/toolchain/bin/../lib/gcc/arm-none-eabi/4.8.4/armv6-m/libgcc.a(_arm_cmpdf2.o)
 .ARM.attributes
                0x00000490       0x2c /opt/Freescale/KDS_v3/toolchain/bin/../lib/gcc/arm-none-eabi/4.8.4/armv6-m/libgcc.a(adddf3.o)
 .ARM.attributes
                0x000004bc       0x2c /opt/Freescale/KDS_v3/toolchain/bin/../lib/gcc/arm-none-eabi/4.8.4/armv6-m/libgcc.a(eqdf2.o)
 .ARM.attributes
                0x000004e8       0x2c /opt/Freescale/KDS_v3/toolchain/bin/../lib/gcc/arm-none-eabi/4.8.4/armv6-m/libgcc.a(gedf2.o)
 .ARM.attributes
                0x00000514       0x2c /opt/Freescale/KDS_v3/toolchain/bin/../lib/gcc/arm-none-eabi/4.8.4/armv6-m/libgcc.a(ledf2.o)
 .ARM.attributes
                0x00000540       0x1e /opt/Freescale/KDS_v3/toolchain/bin/../lib/gcc/arm-none-eabi/4.8.4/armv6-m/libgcc.a(_clzsi2.o)
 .ARM.attributes
                0x0000055e       0x2c /opt/Freescale/KDS_v3/toolchain/bin/../lib/gcc/arm-none-eabi/4.8.4/../../../../arm-none-eabi/lib/armv6-m/libg_s.a(lib_a-assert.o)
 .ARM.attributes
                0x0000058a       0x2c /opt/Freescale/KDS_v3/toolchain/bin/../lib/gcc/arm-none-eabi/4.8.4/../../../../arm-none-eabi/lib/armv6-m/libg_s.a(lib_a-exit.o)
 .ARM.attributes
                0x000005b6       0x2c /opt/Freescale/KDS_v3/toolchain/bin/../lib/gcc/arm-none-eabi/4.8.4/../../../../arm-none-eabi/lib/armv6-m/libg_s.a(lib_a-fprintf.o)
 .ARM.attributes
                0x000005e2       0x2c /opt/Freescale/KDS_v3/toolchain/bin/../lib/gcc/arm-none-eabi/4.8.4/../../../../arm-none-eabi/lib/armv6-m/libg_s.a(lib_a-impure.o)
 .ARM.attributes
                0x0000060e       0x2c /opt/Freescale/KDS_v3/toolchain/bin/../lib/gcc/arm-none-eabi/4.8.4/../../../../arm-none-eabi/lib/armv6-m/libg_s.a(lib_a-init.o)
 .ARM.attributes
                0x0000063a       0x2c /opt/Freescale/KDS_v3/toolchain/bin/../lib/gcc/arm-none-eabi/4.8.4/../../../../arm-none-eabi/lib/armv6-m/libg_s.a(lib_a-malloc.o)
 .ARM.attributes
                0x00000666       0x2c /opt/Freescale/KDS_v3/toolchain/bin/../lib/gcc/arm-none-eabi/4.8.4/../../../../arm-none-eabi/lib/armv6-m/libg_s.a(lib_a-memset.o)
 .ARM.attributes
                0x00000692       0x2c /opt/Freescale/KDS_v3/toolchain/bin/../lib/gcc/arm-none-eabi/4.8.4/../../../../arm-none-eabi/lib/armv6-m/libg_s.a(lib_a-nano-callocr.o)
 .ARM.attributes
                0x000006be       0x2c /opt/Freescale/KDS_v3/toolchain/bin/../lib/gcc/arm-none-eabi/4.8.4/../../../../arm-none-eabi/lib/armv6-m/libg_s.a(lib_a-nano-freer.o)
 .ARM.attributes
                0x000006ea       0x2c /opt/Freescale/KDS_v3/toolchain/bin/../lib/gcc/arm-none-eabi/4.8.4/../../../../arm-none-eabi/lib/armv6-m/libg_s.a(lib_a-nano-mallocr.o)
 .ARM.attributes
                0x00000716       0x2c /opt/Freescale/KDS_v3/toolchain/bin/../lib/gcc/arm-none-eabi/4.8.4/../../../../arm-none-eabi/lib/armv6-m/libg_s.a(lib_a-sbrkr.o)
 .ARM.attributes
                0x00000742       0x2c /opt/Freescale/KDS_v3/toolchain/bin/../lib/gcc/arm-none-eabi/4.8.4/../../../../arm-none-eabi/lib/armv6-m/libg_s.a(lib_a-sprintf.o)
 .ARM.attributes
                0x0000076e       0x2c /opt/Freescale/KDS_v3/toolchain/bin/../lib/gcc/arm-none-eabi/4.8.4/../../../../arm-none-eabi/lib/armv6-m/libg_s.a(lib_a-sscanf.o)
 .ARM.attributes
                0x0000079a       0x2c /opt/Freescale/KDS_v3/toolchain/bin/../lib/gcc/arm-none-eabi/4.8.4/../../../../arm-none-eabi/lib/armv6-m/libg_s.a(lib_a-stdio.o)
 .ARM.attributes
                0x000007c6       0x2c /opt/Freescale/KDS_v3/toolchain/bin/../lib/gcc/arm-none-eabi/4.8.4/../../../../arm-none-eabi/lib/armv6-m/libg_s.a(lib_a-strlen.o)
 .ARM.attributes
                0x000007f2       0x2c /opt/Freescale/KDS_v3/toolchain/bin/../lib/gcc/arm-none-eabi/4.8.4/../../../../arm-none-eabi/lib/armv6-m/libg_s.a(lib_a-svfprintf.o)
 .ARM.attributes
                0x0000081e       0x2c /opt/Freescale/KDS_v3/toolchain/bin/../lib/gcc/arm-none-eabi/4.8.4/../../../../arm-none-eabi/lib/armv6-m/libg_s.a(lib_a-svfscanf.o)
 .ARM.attributes
                0x0000084a       0x2c /opt/Freescale/KDS_v3/toolchain/bin/../lib/gcc/arm-none-eabi/4.8.4/../../../../arm-none-eabi/lib/armv6-m/libg_s.a(lib_a-ungetc.o)
 .ARM.attributes
                0x00000876       0x2c /opt/Freescale/KDS_v3/toolchain/bin/../lib/gcc/arm-none-eabi/4.8.4/../../../../arm-none-eabi/lib/armv6-m/libg_s.a(lib_a-vfprintf.o)
 .ARM.attributes
                0x000008a2       0x2c /opt/Freescale/KDS_v3/toolchain/bin/../lib/gcc/arm-none-eabi/4.8.4/../../../../arm-none-eabi/lib/armv6-m/libg_s.a(lib_a-vfprintf_float.o)
 .ARM.attributes
                0x000008ce       0x2c /opt/Freescale/KDS_v3/toolchain/bin/../lib/gcc/arm-none-eabi/4.8.4/../../../../arm-none-eabi/lib/armv6-m/libg_s.a(lib_a-vfprintf_i.o)
 .ARM.attributes
                0x000008fa       0x2c /opt/Freescale/KDS_v3/toolchain/bin/../lib/gcc/arm-none-eabi/4.8.4/../../../../arm-none-eabi/lib/armv6-m/libg_s.a(lib_a-vfscanf_float.o)
 .ARM.attributes
                0x00000926       0x2c /opt/Freescale/KDS_v3/toolchain/bin/../lib/gcc/arm-none-eabi/4.8.4/../../../../arm-none-eabi/lib/armv6-m/libg_s.a(lib_a-vfscanf_i.o)
 .ARM.attributes
                0x00000952       0x2c /opt/Freescale/KDS_v3/toolchain/bin/../lib/gcc/arm-none-eabi/4.8.4/../../../../arm-none-eabi/lib/armv6-m/libg_s.a(lib_a-wbuf.o)
 .ARM.attributes
                0x0000097e       0x2c /opt/Freescale/KDS_v3/toolchain/bin/../lib/gcc/arm-none-eabi/4.8.4/../../../../arm-none-eabi/lib/armv6-m/libg_s.a(lib_a-writer.o)
 .ARM.attributes
                0x000009aa       0x2c /opt/Freescale/KDS_v3/toolchain/bin/../lib/gcc/arm-none-eabi/4.8.4/../../../../arm-none-eabi/lib/armv6-m/libg_s.a(lib_a-wsetup.o)
 .ARM.attributes
                0x000009d6       0x2c /opt/Freescale/KDS_v3/toolchain/bin/../lib/gcc/arm-none-eabi/4.8.4/../../../../arm-none-eabi/lib/armv6-m/libg_s.a(lib_a-abort.o)
 .ARM.attributes
                0x00000a02       0x2c /opt/Freescale/KDS_v3/toolchain/bin/../lib/gcc/arm-none-eabi/4.8.4/../../../../arm-none-eabi/lib/armv6-m/libg_s.a(lib_a-closer.o)
 .ARM.attributes
                0x00000a2e       0x2c /opt/Freescale/KDS_v3/toolchain/bin/../lib/gcc/arm-none-eabi/4.8.4/../../../../arm-none-eabi/lib/armv6-m/libg_s.a(lib_a-ctype_.o)
 .ARM.attributes
                0x00000a5a       0x2c /opt/Freescale/KDS_v3/toolchain/bin/../lib/gcc/arm-none-eabi/4.8.4/../../../../arm-none-eabi/lib/armv6-m/libg_s.a(lib_a-dtoa.o)
 .ARM.attributes
                0x00000a86       0x2c /opt/Freescale/KDS_v3/toolchain/bin/../lib/gcc/arm-none-eabi/4.8.4/../../../../arm-none-eabi/lib/armv6-m/libg_s.a(lib_a-fflush.o)
 .ARM.attributes
                0x00000ab2       0x2c /opt/Freescale/KDS_v3/toolchain/bin/../lib/gcc/arm-none-eabi/4.8.4/../../../../arm-none-eabi/lib/armv6-m/libg_s.a(lib_a-findfp.o)
 .ARM.attributes
                0x00000ade       0x2c /opt/Freescale/KDS_v3/toolchain/bin/../lib/gcc/arm-none-eabi/4.8.4/../../../../arm-none-eabi/lib/armv6-m/libg_s.a(lib_a-locale.o)
 .ARM.attributes
                0x00000b0a       0x2c /opt/Freescale/KDS_v3/toolchain/bin/../lib/gcc/arm-none-eabi/4.8.4/../../../../arm-none-eabi/lib/armv6-m/libg_s.a(lib_a-lseekr.o)
 .ARM.attributes
                0x00000b36       0x2c /opt/Freescale/KDS_v3/toolchain/bin/../lib/gcc/arm-none-eabi/4.8.4/../../../../arm-none-eabi/lib/armv6-m/libg_s.a(lib_a-makebuf.o)
 .ARM.attributes
                0x00000b62       0x2c /opt/Freescale/KDS_v3/toolchain/bin/../lib/gcc/arm-none-eabi/4.8.4/../../../../arm-none-eabi/lib/armv6-m/libg_s.a(lib_a-memchr-stub.o)
 .ARM.attributes
                0x00000b8e       0x2c /opt/Freescale/KDS_v3/toolchain/bin/../lib/gcc/arm-none-eabi/4.8.4/../../../../arm-none-eabi/lib/armv6-m/libg_s.a(lib_a-memcpy-stub.o)
 .ARM.attributes
                0x00000bba       0x2c /opt/Freescale/KDS_v3/toolchain/bin/../lib/gcc/arm-none-eabi/4.8.4/../../../../arm-none-eabi/lib/armv6-m/libg_s.a(lib_a-memmove.o)
 .ARM.attributes
                0x00000be6       0x2c /opt/Freescale/KDS_v3/toolchain/bin/../lib/gcc/arm-none-eabi/4.8.4/../../../../arm-none-eabi/lib/armv6-m/libg_s.a(lib_a-mprec.o)
 .ARM.attributes
                0x00000c12       0x2c /opt/Freescale/KDS_v3/toolchain/bin/../lib/gcc/arm-none-eabi/4.8.4/../../../../arm-none-eabi/lib/armv6-m/libg_s.a(lib_a-nano-reallocr.o)
 .ARM.attributes
                0x00000c3e       0x2c /opt/Freescale/KDS_v3/toolchain/bin/../lib/gcc/arm-none-eabi/4.8.4/../../../../arm-none-eabi/lib/armv6-m/libg_s.a(lib_a-readr.o)
 .ARM.attributes
                0x00000c6a       0x2c /opt/Freescale/KDS_v3/toolchain/bin/../lib/gcc/arm-none-eabi/4.8.4/../../../../arm-none-eabi/lib/armv6-m/libg_s.a(lib_a-reent.o)
 .ARM.attributes
                0x00000c96       0x2c /opt/Freescale/KDS_v3/toolchain/bin/../lib/gcc/arm-none-eabi/4.8.4/../../../../arm-none-eabi/lib/armv6-m/libg_s.a(lib_a-s_fpclassify.o)
 .ARM.attributes
                0x00000cc2       0x2c /opt/Freescale/KDS_v3/toolchain/bin/../lib/gcc/arm-none-eabi/4.8.4/../../../../arm-none-eabi/lib/armv6-m/libg_s.a(lib_a-sccl.o)
 .ARM.attributes
                0x00000cee       0x2c /opt/Freescale/KDS_v3/toolchain/bin/../lib/gcc/arm-none-eabi/4.8.4/../../../../arm-none-eabi/lib/armv6-m/libg_s.a(lib_a-sf_nan.o)
 .ARM.attributes
                0x00000d1a       0x2c /opt/Freescale/KDS_v3/toolchain/bin/../lib/gcc/arm-none-eabi/4.8.4/../../../../arm-none-eabi/lib/armv6-m/libg_s.a(lib_a-signal.o)
 .ARM.attributes
                0x00000d46       0x2c /opt/Freescale/KDS_v3/toolchain/bin/../lib/gcc/arm-none-eabi/4.8.4/../../../../arm-none-eabi/lib/armv6-m/libg_s.a(lib_a-signalr.o)
 .ARM.attributes
                0x00000d72       0x2c /opt/Freescale/KDS_v3/toolchain/bin/../lib/gcc/arm-none-eabi/4.8.4/../../../../arm-none-eabi/lib/armv6-m/libg_s.a(lib_a-strtod.o)
 .ARM.attributes
                0x00000d9e       0x2c /opt/Freescale/KDS_v3/toolchain/bin/../lib/gcc/arm-none-eabi/4.8.4/../../../../arm-none-eabi/lib/armv6-m/libg_s.a(lib_a-strtol.o)
 .ARM.attributes
                0x00000dca       0x2c /opt/Freescale/KDS_v3/toolchain/bin/../lib/gcc/arm-none-eabi/4.8.4/../../../../arm-none-eabi/lib/armv6-m/libg_s.a(lib_a-strtoul.o)
 .ARM.attributes
                0x00000df6       0x2c /opt/Freescale/KDS_v3/toolchain/bin/../lib/gcc/arm-none-eabi/4.8.4/../../../../arm-none-eabi/lib/armv6-m/libg_s.a(lib_a-fstatr.o)
 .ARM.attributes
                0x00000e22       0x2c /opt/Freescale/KDS_v3/toolchain/bin/../lib/gcc/arm-none-eabi/4.8.4/../../../../arm-none-eabi/lib/armv6-m/libg_s.a(lib_a-gdtoa-gethex.o)
 .ARM.attributes
                0x00000e4e       0x2c /opt/Freescale/KDS_v3/toolchain/bin/../lib/gcc/arm-none-eabi/4.8.4/../../../../arm-none-eabi/lib/armv6-m/libg_s.a(lib_a-gdtoa-hexnan.o)
 .ARM.attributes
                0x00000e7a       0x2c /opt/Freescale/KDS_v3/toolchain/bin/../lib/gcc/arm-none-eabi/4.8.4/../../../../arm-none-eabi/lib/armv6-m/libg_s.a(lib_a-isattyr.o)
 .ARM.attributes
                0x00000ea6       0x2c /opt/Freescale/KDS_v3/toolchain/bin/../lib/gcc/arm-none-eabi/4.8.4/../../../../arm-none-eabi/lib/armv6-m/libg_s.a(lib_a-nano-msizer.o)
 .ARM.attributes
                0x00000ed2       0x2c /opt/Freescale/KDS_v3/toolchain/bin/../lib/gcc/arm-none-eabi/4.8.4/../../../../arm-none-eabi/lib/armv6-m/libg_s.a(lib_a-strncmp.o)
 .ARM.attributes
                0x00000efe       0x1e /opt/Freescale/KDS_v3/toolchain/bin/../lib/gcc/arm-none-eabi/4.8.4/armv6-m/libgcc.a(_thumb1_case_uqi.o)
 .ARM.attributes
                0x00000f1c       0x1e /opt/Freescale/KDS_v3/toolchain/bin/../lib/gcc/arm-none-eabi/4.8.4/armv6-m/libgcc.a(_divsi3.o)
 .ARM.attributes
                0x00000f3a       0x2c /opt/Freescale/KDS_v3/toolchain/bin/../lib/gcc/arm-none-eabi/4.8.4/armv6-m/libgcc.a(_fixunsdfsi.o)
 .ARM.attributes
                0x00000f66       0x2c /opt/Freescale/KDS_v3/toolchain/bin/../lib/gcc/arm-none-eabi/4.8.4/armv6-m/libgcc.a(divdf3.o)
 .ARM.attributes
                0x00000f92       0x2c /opt/Freescale/KDS_v3/toolchain/bin/../lib/gcc/arm-none-eabi/4.8.4/armv6-m/libgcc.a(muldf3.o)
 .ARM.attributes
                0x00000fbe       0x2c /opt/Freescale/KDS_v3/toolchain/bin/../lib/gcc/arm-none-eabi/4.8.4/armv6-m/libgcc.a(subdf3.o)
 .ARM.attributes
                0x00000fea       0x2c /opt/Freescale/KDS_v3/toolchain/bin/../lib/gcc/arm-none-eabi/4.8.4/armv6-m/libgcc.a(fixdfsi.o)
 .ARM.attributes
                0x00001016       0x2c /opt/Freescale/KDS_v3/toolchain/bin/../lib/gcc/arm-none-eabi/4.8.4/armv6-m/libgcc.a(floatsidf.o)
 .ARM.attributes
                0x00001042       0x2c /opt/Freescale/KDS_v3/toolchain/bin/../lib/gcc/arm-none-eabi/4.8.4/armv6-m/libgcc.a(floatunsidf.o)
 .ARM.attributes
                0x0000106e       0x2c /opt/Freescale/KDS_v3/toolchain/bin/../lib/gcc/arm-none-eabi/4.8.4/armv6-m/libgcc.a(truncdfsf2.o)
 .ARM.attributes
                0x0000109a       0x2c /opt/Freescale/KDS_v3/toolchain/bin/../lib/gcc/arm-none-eabi/4.8.4/../../../../arm-none-eabi/lib/armv6-m/libnosys.a(close.o)
 .ARM.attributes
                0x000010c6       0x2c /opt/Freescale/KDS_v3/toolchain/bin/../lib/gcc/arm-none-eabi/4.8.4/../../../../arm-none-eabi/lib/armv6-m/libnosys.a(fstat.o)
 .ARM.attributes